D/tv.peel.samsung.widget.NotiRemoteService(17020): feature is Off. Stop service
D/tv.peel.samsung.widget.NotiRemoteService(17020): Send action to self com.peel.widget.notification.STOP_PROCESS
D/tv.peel.samsung.widget.NotiRemoteService(17020): action com.peel.widget.notification.STOP_PROCESS
D/tv.peel.samsung.widget.NotiRemoteService(17020): onDestroy()
D/tv.peel.samsung.widget.NotiRemoteService(17020): mOrientationChangeReceier was not registered
D/InputReader(  858): Input event: value=1
D/InputReader(  858): !@notifyKey(116), action=0
D/InputManager-JNI(  858): !@interceptKeyBeforeQueueing(116), action=0
D/InputManager-JNI(  858): !@handleInterceptActions(116), action=0
D/InputReader(  858): Input event: value=0
D/InputReader(  858): !@notifyKey(116), action=1
D/InputManager-JNI(  858): !@interceptKeyBeforeQueueing(116), action=1
D/InputManager-JNI(  858): !@handleInterceptActions(116), action=1
E/LightSensor(  858): Light old sensor_state 8705, new sensor_state : 8193 en : 0
D/SensorManager(  858): unregisterListener ::   
E/Sensors (  858): Acc old sensor_state 8193, new sensor_state : 8192 en : 0
D/SensorManager(  858): unregisterListener ::   
I/SurfaceFlinger(  261): id=1071 createSurf (1080x1920),-1 flag=20004, FlectronBea
D/lights  (  858): lcd : 0 +
D/InputDispatcher(  858): setInputDispatchMode: enabled=0, frozen=0
D/Launcher.HomeView( 1305): onPause
D/PersonaManager( 1083): isKioskContainerExistOnDevice
D/KeyguardViewMediator( 1083): onScreenTurnedOff(2)
D/PhoneStatusBar( 1083): setTransGradationMode=false, mTransparentMode=false, mSemiTransparentMode=false, mMultiWindowMode=false
D/lights  (  858): lcd : 0 -
D/MISC PowerHAL(  858): miscpower_set_interactive: /sys/class/input/input2/enabled
D/MISC PowerHAL(  858): sysfs_write +: /sys/class/input/input2/enabled: 0
D/InputReader(  858): Input event: value=0
D/MISC PowerHAL(  858): sysfs_write -: /sys/class/input/input2/enabled: 0
D/MISC PowerHAL(  858): miscpower_set_interactive: /sys/class/input/input1/enabled
D/MISC PowerHAL(  858): sysfs_write +: /sys/class/input/input1/enabled: 0
D/MISC PowerHAL(  858): sysfs_write -: /sys/class/input/input1/enabled: 0
D/MISC PowerHAL(  858): sysfs_write +: /sys/class/power_supply/battery/lcd: 0
D/MISC PowerHAL(  858): sysfs_write -: /sys/class/power_supply/battery/lcd: 0
I/QCOM PowerHAL(  858): Got set_interactive hint
V/TaskCloserActivity(20893): TaskCloserActivity onReceive() - com.sec.android.intent.action.HOME_PAUSE
D/PersonaManager( 1083): isKioskContainerExistOnDevice
D/SurfaceFlinger(  261): Screen released, type=0 flinger=0xb7d5ea30
D/qdhwcomposer(  261): hwc_blank: Blanking display: 0
D/Launcher.HomeView( 1305): onStop
D/FactoryTest( 1083): User mode
D/KeyguardViewMediator( 1083): doKeyguard: showing the lock screen
D/KeyguardViewMediator( 1083): showLocked
D/KeyguardViewMediator( 1083): handleShow
D/PersonaManager( 1083): isKioskContainerExistOnDevice
D/KeyguardViewMediator( 1083): Kiosk container not exists on device or sim lock exists.
D/KeyguardViewManager( 1083): show(); mKeyguardView==null
E/KeyguardHostView( 1083): KeyguardHostView()
D/ContextualEventManager( 1083): setOnClickHandler()
D/EnterpriseDeviceManager( 1083): ContainerId: 0
D/KeyguardHostView( 1083): tb off
V/KeyguardHostView( 1083): mIsMultipleLockOn is false
D/KeyguardHostView( 1083): mIsVoiceUnlockOn=false
V/KeyguardHostView( 1083): Initial transport state: 0, pbstate=1
I/KeyguardEffectViewMain( 1083): *** KeyguardEffectView getInstance ***
V/KeyguardUpdateMonitor( 1083): *** register callback for com.android.keyguard.KeyguardMessageArea$2@442df380
V/KeyguardUpdateMonitor( 1083): *** unregister callback for null
D/ContextualEventContainer( 1083): onFinishInflate()
D/ContextualEventContainer( 1083): update()
D/LockPatternUtils( 1083): isPcwEnable = 10
D/KeyguardHostView( 1083): mIsFMMEnabled = false, mIsCarrierLockEnabled = false, mIsCarrierLockPlusEnabled = false
D/LockPatternUtils( 1083): isPcwEnable = 10
V/KeyguardHostView( 1083): showPrimarySecurityScreen(turningOff=false)
I/MDPP    ( 1083): Property: Ready
D/KeyguardHostView( 1083): showSecurityScreen(SPass)
V/KeyguardHostView( 1083): inflating id = 2130903089
V/CAE     (  858): onReceive(CaPowerManager.java:127)
I/CAE     (  858): onReceive(CaPowerManager.java:142) - AP_SLEEP
I/CAE     (  858): updateApPowerStatus(SensorHubParserProvider.java:419) - AP_SLEEP
V/KeyguardUpdateMonitor( 1083): *** register callback for com.android.keyguard.KeyguardMessageArea$2@4449cf30
V/KeyguardUpdateMonitor( 1083): *** unregister callback for null
I/CAE     (  858): sendCmdToSensorHub(SensorHubCommManager.java:142) - -76, 13, -46, 0,
D/SensorHubManager(  858): SendSensorHubData: send data = -76, 13, -46, 0
D/Sensorhubs(  273): sendContextData: -76, 13, -46, 0
D/skia    ( 1083): GFXPNG PNG bitmap created width:64 height:64 bitmap id is 170774 
D/skia    ( 1083): GFXPNG PNG bitmap created width:96 height:96 bitmap id is 170775 
D/EnterpriseDeviceManager( 1083): ContainerId: 0
D/LockPatternUtils( 1083): isPcwEnable = 10
I/KeyguardEffectViewMain( 1083): *** KeyguardEffectView getInstance ***
I/KeyguardEffectViewMain( 1083): *** KeyguardEffectView getInstance ***
I/CAE     (  858): sendCmdToSensorHub(SensorHubCommManager.java:142) - -63, 14, 10, 47, 55,
D/SensorHubManager(  858): SendSensorHubData: send data = -63, 14, 10, 47, 55
D/Sensorhubs(  273): sendContextData: -63, 14, 10, 47, 55
V/CAE     (  858): onReceive(CaPowerManager.java:159)
D/EnterpriseDeviceManager( 1083): ContainerId: 0
D/LockPatternUtils( 1083): isPcwEnable = 10
D/audio_hw_primary(  266): adev_set_parameters: enter: screen_state=off
V/voice   (  266): voice_set_parameters: enter: screen_state=off
V/voice   (  266): voice_set_parameters: exit with code(-2)
V/msm8974_platform(  266): platform_set_parameters: enter: screen_state=off
V/msm8974_platform(  266): platform_set_parameters: exit with code(-2)
V/audio_hw_primary(  266): adev_set_parameters: exit
D/tms_audio_hw/AudioTmsIpc(  266): adev_set_parameters : Enter 
D/tms_audio_hw/AudioTmsIpc(  266): adev_set_parameters : Exit 
I/SecExternalDisplayIntents_Java(  858): Intent Recieved ..  -android.intent.action.SCREEN_OFFBroadCast Map value - 18
D/EnterpriseDeviceManager( 1083): ContainerId: 0
D/KeyguardSPassView( 1083): onFinishInflate
D/KeyguardSPassView( 1083): initializeSPassUnlockView()
D/IpRemoteDisplayController(  858): intent received android.intent.action.SCREEN_OFF
D/IpRemoteDisplayController(  858): Bridge Server is not available
I/TextToSpeech( 1083): Sucessfully bound to com.samsung.SMT
D/EnterpriseDeviceManager( 1083): ContainerId: 0
W/LicenseLogService(  858): log() failed
D/KeyguardSPassView( 1083): max failed attempt for device disable :0
D/KeyguardSPassView( 1083): isDeviceDisabledForMaxFailedAttempt return :false
I/KeyguardEffectViewMain( 1083): *** KeyguardEffectView getInstance ***
D/EnterpriseDeviceManager( 1083): ContainerId: 0
W/LicenseLogService(  858): log() failed
D/KeyguardSPassView( 1083): max failed attempt for device disable :0
D/KeyguardSPassView( 1083): isDeviceDisabledForMaxFailedAttempt return :false
D/SecCameraShortcut( 1083): setCallback(): not null
D/KeyguardSPassView( 1083): onResume()
D/KeyguardSPassView( 1083): maybeStartBiometricUnlock()
D/EnterpriseDeviceManager( 1083): ContainerId: 0
W/LicenseLogService(  858): log() failed
D/KeyguardSPassView( 1083): max failed attempt for device disable :0
D/KeyguardSPassView( 1083): isDeviceDisabledForMaxFailedAttempt return :false
D/SPassUnlock( 1083): stop()
D/KeyguardSPassView( 1083): reset()
D/EnterpriseDeviceManager( 1083): ContainerId: 0
W/LicenseLogService(  858): log() failed
D/KeyguardSPassView( 1083): max failed attempt for device disable :0
D/KeyguardSPassView( 1083): isDeviceDisabledForMaxFailedAttempt return :false
D/KeyguardSPassView( 1083): failed SPass Attempts : 0
D/SecCameraShortcut( 1083): setCallback(): not null
D/SecCameraShortcut( 1083): setCallback(): not null
D/KeyguardHostView( 1083): mKeyguardHelpOverlay : null
D/KeyguardHostView( 1083): AUTO_WIPE = false , IT Policy = false
D/ContextualEventManager( 1083): setOnClickHandler()
E/LSO     ( 1083): LSO Service is not yet ready!!!
D/KeyguardHostView( 1083): setting alarm to show finger print password, seq = 50
V/KeyguardUpdateMonitor( 1083): *** register callback for com.android.keyguard.KeyguardHostView$2@43d06e20
V/KeyguardUpdateMonitor( 1083): *** unregister callback for null
V/KeyguardHostView( 1083): hide transport, gen:76
V/KeyguardHostView( 1083): music state changed: 1
D/EnterpriseDeviceManager(  858): ContainerId: 0
D/KeyguardProperties( 1083): isIgnoreNationalRoaming() = false
D/VisualEffectCircleUnlockEffect( 1083): KeyguardEffectViewNone : Constructor
D/VisualEffectCircleUnlockEffect( 1083): screenWidth : 1080
D/VisualEffectCircleUnlockEffect( 1083): screenHeight : 1920
D/VisualEffectCircleUnlockEffect( 1083): ratio : 1.0
D/VisualEffectCircleUnlockEffect( 1083): Constructor
D/VisualEffectCircleUnlockEffect( 1083): arrowImageId = 2130837852
D/VisualEffectCircleUnlockEffect( 1083): circleUnlockMaxWidth = 864
D/VisualEffectCircleUnlockEffect( 1083): circleUnlockMinWidth = 260
D/VisualEffectCircleUnlockEffect( 1083): outerStrokeWidth = 4
D/VisualEffectCircleUnlockEffect( 1083): innerStrokeWidth = 6
D/VisualEffectCircleUnlockEffect( 1083): lockSequenceTotal = 30
D/KeyguardSPassView( 1083): onAttachedToWindow()
V/KeyguardUpdateMonitor( 1083): *** register callback for com.android.keyguard.sec.KeyguardSPassUnlockView$6@44737980
V/KeyguardUpdateMonitor( 1083): *** unregister callback for null
D/KeyguardSPassView( 1083): onPhoneStateChanged(0)
V/KeyguardUpdateMonitor( 1083): *** register callback for com.android.keyguard.EmergencyButton$1@4577e890
V/KeyguardUpdateMonitor( 1083): *** unregister callback for null
D/LockPatternUtils( 1083): isPcwEnable = 10
D/LockPatternUtils( 1083): isPcwEnable = 10
V/KeyguardUpdateMonitor( 1083): *** register callback for com.android.keyguard.CarrierText$1@440899b0
V/KeyguardUpdateMonitor( 1083): *** unregister callback for null
D/LockPatternUtils( 1083): isPcwEnable = 10
V/KeyguardUpdateMonitor( 1083): *** register callback for com.android.keyguard.sec.KeyguardSecurityViewOverlay$1@4411c968
V/KeyguardUpdateMonitor( 1083): *** unregister callback for null
V/KeyguardUpdateMonitor( 1083): *** register callback for com.android.keyguard.CarrierText$1@442c6230
V/KeyguardUpdateMonitor( 1083): *** unregister callback for null
V/KeyguardUpdateMonitor( 1083): *** register callback for com.android.keyguard.EmergencyButton$1@43498470
V/KeyguardUpdateMonitor( 1083): *** unregister callback for null
D/LockPatternUtils( 1083): isPcwEnable = 10
D/LockPatternUtils( 1083): isPcwEnable = 10
D/SecCameraShortcut( 1083): setCallback(): not null
D/KeyguardViewManager( 1083): mWindowLayoutParams not null
D/KeyguardViewManager( 1083): Rotation sensor for lock screen Off!
V/KeyguardViewManager( 1083): show:setSystemUiVisibility(200000)
I/KeyguardEffectViewMain( 1083): *** KeyguardEffectView getInstance ***
D/qdhwcomposer(  261): hwc_blank: Done blanking display: 0
D/SurfaceControl(  858): Excessive delay in blankDisplay() while turning screen off: 214ms
I/libsuspend(  858): !@[s] autosuspend_autosleep_enable
D/KeyguardHostView( 1083): show()
D/LockPatternUtils( 1083): isPcwEnable = 10
I/libsuspend(  858): !@[s] autosuspend_autosleep_enable done
D/KeyguardUpdateMonitor( 1083): sendKeyguardVisibilityChanged(true)
V/KeyguardHostView( 1083): showPrimarySecurityScreen(turningOff=false)
I/MDPP    ( 1083): Property: Ready
D/KeyguardHostView( 1083): showSecurityScreen(SPass)
I/KeyguardEffectViewMain( 1083): *** KeyguardEffectView getInstance ***
D/WallpaperWidget( 1083): setLockScreenWallpaper()
I/KeyguardEffectViewUtil( 1083): set current wallpaper info
D/VisualEffectCircleUnlockEffect( 1083): KeyguardEffectViewNone : show
V/KeyguardUpdateMonitor( 1083): *** register callback for com.android.keyguard.sec.KeyguardEffectViewMain$2@424f4718
V/KeyguardUpdateMonitor( 1083): *** unregister callback for null
D/KeyguardViewMediator( 1083): adjustStatusBarLocked: mShowing=true mHidden=false isSecure=true --> flags=0x1090000
D/EnterpriseDeviceManager(  858): ContainerId: 0
I/SurfaceFlinger(  261): id=1072 createSurf (1080x1920),1 flag=4, Leyguard
D/KeyguardUpdateMonitor( 1083): sendKeyguardVisibilityChanged(true)
D/ContextualEventContainer( 1083): handleUpdate()
D/ContextualEventManager( 1083): getTopEventView()
D/ContextualEventManager( 1083): getTopContextualEvent()
D/ContextualEventManager( 1083): top view = statusView
I/KeyguardEffectViewMain( 1083): *** KeyguardEffectView getInstance ***
D/ContextualEventManager( 1083): getTopEventClass()
D/ContextualEventManager( 1083): getTopContextualEvent()
D/ContextualEventManager( 1083): isClockTop
D/ContextualEventManager( 1083): getTopEventClass()
D/ContextualEventManager( 1083): getTopContextualEvent()
D/ContextualEventManager( 1083): isClockTop
D/SecKeyguardStatusView( 1083): updateStatusType(): isProfileOn=false isEasyUxOn=false
D/SecKeyguardClock( 1083): onAttachedToWindow()
D/SecKeyguardClock( 1083): updateClock()
D/KeyguardProperties( 1083): isIgnoreNationalRoaming() = false
D/SecKeyguardClock( 1083): isDualClock = false, isNetworkRoaming = false, !isEasyUxOn = true,isHometimeExist = true, isEmergencyOn = false
D/KeyguardProperties( 1083): regionalDateFormat = 22/11/3333 isRTLlanguage = false returnDateFormat = E, d 'de' MMMM
D/KeyguardProperties( 1083): regionalDateFormat = 22/11/3333 isRTLlanguage = false returnDateFormat = E, d 'de' MMMM
D/SecKeyguardClock( 1083): updateSingleClock(): 11:47
D/SecKeyguardClock( 1083): size=1 fontSize=210 lp.bottomMargin=0 lp.topMargin=0 lp.leftMargin=-14
D/SecKeyguardClock( 1083): refreshAlarm(): mar 17:58
D/ContextualEventManager( 1083): getTopEventClass()
D/ContextualEventManager( 1083): getTopContextualEvent()
D/ContextualEventManager( 1083): isClockTop
D/AdaptiveEventContainerSmall( 1083): isWeatherVisible, isClockTop, mWeatherInfoTrue=true, true, true
D/AdaptiveEventContainerSmall( 1083): C updateWeatherContainer()
D/AdaptiveEventContainerSmall( 1083): C updatePedoContainer()
D/SecMyProfile( 1083): pkg=com.monotype.android.font.cooljazzfile=fonts/Cooljazz.ttf
D/KeyguardProperties( 1083): regionalDateFormat = 22/11/3333 isRTLlanguage = false returnDateFormat = E, d 'de' MMMM
D/SecMyProfile( 1083): refreshAlarm(): mar 17:58
V/Vibrator(  858): Called cancel() API - PUID: 1000, PackageName: android
W/Vibrator(  858): Vibrator.cancel()
I/TextToSpeech( 1083): Connected to ComponentInfo{com.samsung.SMT/com.samsung.SMT.SamsungTTSService}
D/KeyguardUpdateMonitor( 1083): handleKeyguardVisibilityChanged(1)
D/PhoneStatusBar( 1083): disable: < EXPAND* icons alerts TICKER* system_info back home RECENT* clock search >
D/PersonaManagerService(  858): ACTION_SCREEN_OFF onReceive
D/tv.peel.samsung.widget.NotiRemoteService(17020): action com.peel.widget.notification.HIDE_UI
D/PersonaManagerServiceHandler(  858): MSG_ACTION_SCREEN_OFF called
I/TextToSpeech( 1083): Set up connection to ComponentInfo{com.samsung.SMT/com.samsung.SMT.SamsungTTSService}
D/KeyguardUpdateMonitor( 1083): handleKeyguardVisibilityChanged(1)
I/NfcService( 1290): applyRouting return - 2 
E/NfcService( 1290): callback == null
D/KeyguardUpdateMonitor( 1083): sendKeyguardVisibilityChanged(true)
I/SpenGestureManager(  858): setFocusWindow131000
D/EnterpriseDeviceManager(  858): ContainerId: 0
D/KeyguardUpdateMonitor( 1083): sendKeyguardVisibilityChanged(true)
D/KeyguardUpdateMonitor( 1083): sendKeyguardVisibilityChanged(true)
D/PointerIcon(  858): setMouseIconStyle1 pointerType: 1001iconType:101 flag:0
D/PointerIcon(  858): setMouseCustomIcon IconType is same.101
D/PointerIcon(  858): setHoveringSpenIconStyle1 pointerType: 10001iconType:1 flag:0
D/PointerIcon(  858): setHoveringSpenCustomIcon IconType is same.1
D/KeyguardUpdateMonitor( 1083): sendKeyguardVisibilityChanged(true)
D/AdaptiveEventContainerSmall( 1083): handleWeatherUpdate()
D/AdaptiveEventContainerSmall( 1083): handlePedoUpdate()
D/KeyguardViewMediator( 1083): handleKeyguardDoneDrawing
D/KeyguardUpdateMonitor( 1083): handleKeyguardVisibilityChanged(1)
D/KeyguardUpdateMonitor( 1083): handleKeyguardVisibilityChanged(1)
D/PhoneStatusBar( 1083): disable: < EXPAND icons alerts TICKER system_info BACK* HOME* RECENT clock search >
D/KeyguardUpdateMonitor( 1083): handleKeyguardVisibilityChanged(1)
D/KeyguardHostView( 1083): Window is focused
D/KeyguardHostView( 1083): isPreloadedWallpaper=false
D/KeyguardSPassView( 1083): onWindowFocusChanged(): hasWindowFocus=true
D/KeyguardSPassView( 1083): maybeStartBiometricUnlock()
D/EnterpriseDeviceManager( 1083): ContainerId: 0
W/LicenseLogService(  858): log() failed
D/KeyguardSPassView( 1083): max failed attempt for device disable :0
D/KeyguardSPassView( 1083): isDeviceDisabledForMaxFailedAttempt return :false
D/SPassUnlock( 1083): stop()
D/KeyguardSPassView( 1083): reset()
D/EnterpriseDeviceManager( 1083): ContainerId: 0
W/LicenseLogService(  858): log() failed
D/KeyguardSPassView( 1083): max failed attempt for device disable :0
D/KeyguardSPassView( 1083): isDeviceDisabledForMaxFailedAttempt return :false
D/KeyguardSPassView( 1083): failed SPass Attempts : 0
D/accuweather( 1896): [KK AccuPhone]>>> SWW:63 [0:0] action : androidintentactionSCREEN_OFF
D/accuweather( 1896): [KK AccuPhone]>>> SWW:436 [0:0] stopRefreshIcon : 1
D/accuweather( 1896): [KK AccuPhone]>>> SWW:334 [0:0] getWeatherRenderer : 1
D/KeyguardUpdateMonitor( 1083): handleKeyguardVisibilityChanged(1)
I/AutoBackupUtil( 4112): checkAutoBackupCondition returns : false
I/AutoBackupUtil( 4112): bChargerConnected : false
I/AutoBackupUtil( 4112): bWifiConnected : true
I/AutoBackupUtil( 4112): bScreenOn : false
D/QuickConnect[1.2.1882032][4] ( 4439): PeriphService.mBroadcastReceiver - SCREEN_OFF when user = 0
V/QuickConnect[1.2.1882032][4] ( 4439): BleHelper.shouldScanBleBg - 
D/QuickConnect[1.2.1882032][4] ( 4439): Utils.getFromDb -  Key[quick_connect_allow_connect], isEnabled [0] /   <0 : Disable, 1 : Enable>
V/QuickConnect[1.2.1882032][4] ( 4439): SconnectManager.getInstance - () return existing instance com.samsung.android.sconnect.SconnectManager@424db5a0
V/QuickConnect[1.2.1882032][4] ( 4439): SconnectManager.getInstance - () return existing instance com.samsung.android.sconnect.SconnectManager@424db5a0
I/QuickConnect[1.2.1882032][4] ( 4439): BleHelper.shouldScanBleBg - callbackCount : 1
D/QuickConnect[1.2.1882032][4] ( 4439): BleHelper.stopScan - force = true
D/QuickConnect[1.2.1882032][4] ( 4439): BleHelper.stopScan - shouldScanBleBg = true
I/QuickConnect[1.2.1882032][4] ( 4439): BleHelper.stopScan - call stopLeScan()
D/KeyguardUpdateMonitor( 1083): sendKeyguardVisibilityChanged(true)
D/PhoneStatusBar( 1083): setSemiTransparentMode=false, mTransparentMode=false, mSemiTransparentMode=false, mMultiWindowMode=false
D/PhoneStatusBar( 1083): setTransGradationMode=false, mTransparentMode=false, mSemiTransparentMode=false, mMultiWindowMode=false
D/KeyguardUpdateMonitor( 1083): handleKeyguardVisibilityChanged(1)
D/BluetoothAdapter( 4439): stopLeScan()
D/BtGatt.GattService( 1475): stopBgScan() - queue=1
D/BtGatt.GattService( 1475): getActiveBgScanClient() 
D/BtGatt.GattService( 1475): getActiveBgScanClient() queue empty
D/BtGatt.GattService( 1475): forcestopScan() - 
D/BtGatt.btif( 1475): btif_gattc_scan
D/BtGatt.btif( 1475): btgattc_handle_event: Event 1003
D/GKI_LINUX( 1475): acquire_my_wake_lock(), g_wake_lock_fd:-1, g_wake_unlock_fd:-1, wake_lock_acquired:0
D/bt_vendor( 1475): op for 7
D/bt_upio ( 1475): proc btwrite assertion
D/BtGatt.GattService( 1475): unregisterClient() - clientIf=5
D/BtGatt.btif( 1475): btif_gattc_unregister_app
D/BtGatt.btif( 1475): btgattc_handle_event: Event 1001
D/QuickConnect[1.2.1882032][4] ( 4439): BleHelper.stopScan - call stopLeScan() complete
D/BtGatt.btif( 1475): btif_gattc_upstreams_evt: Event 1
D/bt_vendor( 1475): op for 7
D/bt_vendor( 1475): op for 7
D/KeyguardUpdateMonitor( 1083): sendKeyguardVisibilityChanged(true)
D/KeyguardUpdateMonitor( 1083): handleKeyguardVisibilityChanged(1)
I/ScreenStateBroadcastReceiver( 8837): ScreenStateBroadcastReceiver.onReceive action = android.intent.action.SCREEN_OFF
D/GKI_LINUX( 1475): release_my_wake_lock(), g_wake_lock_fd:-1, g_wake_unlock_fd:-1, wake_lock_acquired:0
D/bt_vendor( 1475): op for 7
D/com.samsung.groupcast.core.ble.BLEScannerV2( 5030): mExpireHandler
D/KeyguardUpdateMonitor( 1083): received broadcast android.intent.action.TIME_TICK
D/KeyguardUpdateMonitor( 1083): handleTimeUpdate
I/GFX_Indexed palette(28405): width:21 height:105
I/GFX_Indexed palette(28405): width:63 height:105
I/GFX_Indexed palette(28405): width:63 height:105
I/GFX_Indexed palette(28405): width:63 height:105
I/GFX_Indexed palette(28405): width:63 height:105
D/SecKeyguardClock( 1083): updateClock()
D/KeyguardProperties( 1083): isIgnoreNationalRoaming() = false
D/SecKeyguardClock( 1083): isDualClock = false, isNetworkRoaming = false, !isEasyUxOn = true,isHometimeExist = true, isEmergencyOn = false
D/KeyguardProperties( 1083): regionalDateFormat = 22/11/3333 isRTLlanguage = false returnDateFormat = E, d 'de' MMMM
D/KeyguardProperties( 1083): regionalDateFormat = 22/11/3333 isRTLlanguage = false returnDateFormat = E, d 'de' MMMM
D/SecKeyguardClock( 1083): updateSingleClock(): 11:47
D/SecKeyguardClock( 1083): size=1 fontSize=210 lp.bottomMargin=0 lp.topMargin=0 lp.leftMargin=-14
D/SecKeyguardClock( 1083): refreshAlarm(): mar 17:58
D/dalvikvm(  858): JIT code cache reset in 2 ms (1535940 bytes 28/0)
D/dalvikvm(  858): GC_EXPLICIT freed 3845K, 26% free 64027K/86208K, paused 8ms+27ms, total 251ms
I/System.out(21134): Blue_ConfigBackgroundQueue calls detatch()
W/IdleConnectionHandler(21134): Removing a connection that never existed!
D/SHealthUpgrade(SHealthUpgradeUtil)( 8667): isShealthServiceInstalled() : HealthService is Installed.
D/SHealthUpgrade(SHealthUpgradeUtil)( 8667): isShealthService2xInstalled() : HEALTH SERVICE is INSTALLED.
D/SHealthUpgrade(SHealthUpgradeUtil)( 8667): isShealthService2xInstalled() : HEALTH SERVICE VERSION = 2.x
D/Headlines( 3409): HeadlinesBroadcastReceiver onReceive com.samsung.android.internal.headlines.ALIVE
D/Headlines( 3409): Breath.onStartCommand : com.samsung.android.internal.headlines.ALIVE flag : 0
D/Headlines( 3409): Breath 139036 latestRequest time : 1423565159614 current time : 1423565298650
D/Headlines( 3409): stop 
D/Headlines( 3409): Breath.onDestroy : 
D/com.samsung.groupcast.core.ble.BLEScannerV2( 5030): mExpireHandler
D/GCM     (11796): Message class com.google.e.a.a.h
D/SHealthUpgrade(SHealthUpgradeUtil)( 8667): isShealthServiceInstalled() : HealthService is Installed.
D/SHealthUpgrade(SHealthUpgradeUtil)( 8667): isShealthService2xInstalled() : HEALTH SERVICE is INSTALLED.
D/SHealthUpgrade(SHealthUpgradeUtil)( 8667): isShealthService2xInstalled() : HEALTH SERVICE VERSION = 2.x
D/dalvikvm(11796): GC_CONCURRENT freed 1997K, 38% free 13581K/21652K, paused 35ms+482ms, total 643ms
D/KeyguardUpdateMonitor( 1083): received broadcast android.intent.action.TIME_TICK
D/KeyguardUpdateMonitor( 1083): handleTimeUpdate
I/GFX_Indexed palette(28405): width:21 height:105
I/GFX_Indexed palette(28405): width:63 height:105
I/GFX_Indexed palette(28405): width:63 height:105
I/GFX_Indexed palette(28405): width:63 height:105
I/GFX_Indexed palette(28405): width:63 height:105
D/SecKeyguardClock( 1083): updateClock()
D/KeyguardProperties( 1083): isIgnoreNationalRoaming() = false
D/SecKeyguardClock( 1083): isDualClock = false, isNetworkRoaming = false, !isEasyUxOn = true,isHometimeExist = true, isEmergencyOn = false
D/KeyguardProperties( 1083): regionalDateFormat = 22/11/3333 isRTLlanguage = false returnDateFormat = E, d 'de' MMMM
D/KeyguardProperties( 1083): regionalDateFormat = 22/11/3333 isRTLlanguage = false returnDateFormat = E, d 'de' MMMM
D/SecKeyguardClock( 1083): updateSingleClock(): 11:48
D/SecKeyguardClock( 1083): size=1 fontSize=210 lp.bottomMargin=0 lp.topMargin=0 lp.leftMargin=-14
D/SecKeyguardClock( 1083): refreshAlarm(): mar 17:58
D/com.samsung.groupcast.core.ble.BLEScannerV2( 5030): mExpireHandler
D/SHealthUpgrade(SHealthUpgradeUtil)( 8667): isShealthServiceInstalled() : HealthService is Installed.
D/SHealthUpgrade(SHealthUpgradeUtil)( 8667): isShealthService2xInstalled() : HEALTH SERVICE is INSTALLED.
D/SHealthUpgrade(SHealthUpgradeUtil)( 8667): isShealthService2xInstalled() : HEALTH SERVICE VERSION = 2.x
D/SHealthUpgrade(SHealthUpgradeUtil)( 8667): isShealthServiceInstalled() : HealthService is Installed.
D/SHealthUpgrade(SHealthUpgradeUtil)( 8667): isShealthService2xInstalled() : HEALTH SERVICE is INSTALLED.
D/SHealthUpgrade(SHealthUpgradeUtil)( 8667): isShealthService2xInstalled() : HEALTH SERVICE VERSION = 2.x
I/COM.GROUPON( 4132): AB Testing variant for experiment 'localizedMobileApp1309': 128
I/COM.GROUPON( 4132): AB Testing variant for experiment 'proximityNotifications1409USCA': 
D/BadgeProvider(21115): query, [selection] : package='com.android.email' AND class='com.android.email.activity.Welcome' AND extraData='base_extra_badge'
D/Launcher.Model( 1305): reloadBadges entered.
D/BadgeProvider(21115): sendNotify entered. [uri] : content://com.sec.badge/apps/1
D/BadgeProvider(21115): sendNotify, [notify] : null
D/BadgeProvider(21115): update, [uri] : content://com.sec.badge/apps/1
D/BadgeProvider(21115): update, [BadgeCount] : badgecount=42
D/BadgeProvider(21115): update, [UpdateCount] : 1
D/RCPManagerService(  858): exchangeData() failure , invalid userId
I/Process (13300): Sending signal. PID: 13300 SIG: 9
D/BadgeProvider(21115): query, [selection] : package='com.android.email' AND class='com.android.email.activity.Welcome' AND extraData='base_extra_badge'
D/Launcher.Model( 1305): reloadBadges entered.
D/BadgeProvider(21115): sendNotify entered. [uri] : content://com.sec.badge/apps/1
D/BadgeProvider(21115): sendNotify, [notify] : null
D/BadgeProvider(21115): update, [uri] : content://com.sec.badge/apps/1
D/BadgeProvider(21115): update, [BadgeCount] : badgecount=42
D/BadgeProvider(21115): update, [UpdateCount] : 1
D/RCPManagerService(  858): exchangeData() failure , invalid userId
D/com.samsung.groupcast.core.ble.BLEScannerV2( 5030): mExpireHandler
D/KeyguardUpdateMonitor( 1083): received broadcast android.intent.action.TIME_TICK
D/KeyguardUpdateMonitor( 1083): handleTimeUpdate
I/GFX_Indexed palette(28405): width:21 height:105
I/GFX_Indexed palette(28405): width:63 height:105
I/GFX_Indexed palette(28405): width:63 height:105
I/GFX_Indexed palette(28405): width:63 height:105
I/GFX_Indexed palette(28405): width:63 height:105
D/SecKeyguardClock( 1083): updateClock()
D/KeyguardProperties( 1083): isIgnoreNationalRoaming() = false
D/SecKeyguardClock( 1083): isDualClock = false, isNetworkRoaming = false, !isEasyUxOn = true,isHometimeExist = true, isEmergencyOn = false
D/KeyguardProperties( 1083): regionalDateFormat = 22/11/3333 isRTLlanguage = false returnDateFormat = E, d 'de' MMMM
D/KeyguardProperties( 1083): regionalDateFormat = 22/11/3333 isRTLlanguage = false returnDateFormat = E, d 'de' MMMM
D/SecKeyguardClock( 1083): updateSingleClock(): 11:49
D/SecKeyguardClock( 1083): size=1 fontSize=210 lp.bottomMargin=0 lp.topMargin=0 lp.leftMargin=-14
D/SecKeyguardClock( 1083): refreshAlarm(): mar 17:58
D/SHealthUpgrade(SHealthUpgradeUtil)( 8667): isShealthServiceInstalled() : HealthService is Installed.
D/SHealthUpgrade(SHealthUpgradeUtil)( 8667): isShealthService2xInstalled() : HEALTH SERVICE is INSTALLED.
D/SHealthUpgrade(SHealthUpgradeUtil)( 8667): isShealthService2xInstalled() : HEALTH SERVICE VERSION = 2.x
I/SELinux (21592): Function: selinux_android_load_priority [0], There is no sepolicy file.
I/SELinux (21592):  
I/SELinux (21592): Function: selinux_android_load_priority , spota verifySig and checkHash pass. priority version is VE=SEPF_SM-G900F_4.4.2_0038
I/SELinux (21592):  
I/SELinux (21592):  
E/dalvikvm(21592): >>>>> Normal User
E/dalvikvm(21592): >>>>> com.android.providers.calendar [ userId:0 | appId:10047 ]
D/TimaKeyStoreProvider(21592): in addTimaSignatureService
D/TimaKeyStoreProvider(21592): Cannot add TimaSignature Service, License check Failed
D/ActivityThread(21592): Added TimaKesytore provider
D/dalvikvm(  858): GC_EXPLICIT freed 2547K, 26% free 64048K/86208K, paused 12ms+20ms, total 273ms
I/SELinux (21639): Function: selinux_android_load_priority [0], There is no sepolicy file.
I/SELinux (21639):  
I/SELinux (21639): Function: selinux_android_load_priority , spota verifySig and checkHash pass. priority version is VE=SEPF_SM-G900F_4.4.2_0038
I/SELinux (21639):  
I/SELinux (21639):  
E/dalvikvm(21639): >>>>> Normal User
E/dalvikvm(21639): >>>>> com.android.calendar [ userId:0 | appId:10156 ]
D/TimaKeyStoreProvider(21639): in addTimaSignatureService
D/TimaKeyStoreProvider(21639): Cannot add TimaSignature Service, License check Failed
D/ActivityThread(21639): Added TimaKesytore provider
D/skia    (21639): GFXPNG PNG bitmap created width:120 height:120 bitmap id is 180 
D/InputReader(  858): Input event: value=1
D/InputReader(  858): !@notifyKey(116), action=0
D/InputReader(  858): Input event: value=0
D/InputReader(  858): !@notifyKey(116), action=1
D/InputManager-JNI(  858): !@interceptKeyBeforeQueueing(116), action=0
E/SamsungWindowManager(  858): mCoreNumLockHelper.acquire
D/skia    (21639): GFXPNG PNG bitmap created width:48 height:48 bitmap id is 181 
D/skia    (21639): GFXPNG PNG bitmap created width:16 height:16 bitmap id is 182 
D/skia    (21639): GFXPNG PNG bitmap created width:3 height:69 bitmap id is 183 
D/skia    (21639): GFXPNG PNG bitmap created width:64 height:64 bitmap id is 184 
D/InputManager-JNI(  858): !@handleInterceptActions(116), action=0
D/skia    (21639): GFXPNG PNG bitmap created width:64 height:64 bitmap id is 185 
D/skia    (21639): GFXPNG PNG bitmap created width:64 height:64 bitmap id is 186 
D/InputManager-JNI(  858): !@interceptKeyBeforeQueueing(116), action=1
D/lights  (  858): button : 1 +
D/lights  (  858): button : 1 -
D/skia    (21639): GFXPNG PNG bitmap created width:64 height:64 bitmap id is 187 
I/SensorManagerA(  858): getReportingMode :: sensor.mType = 5
D/skia    (21639): GFXPNG PNG bitmap created width:64 height:64 bitmap id is 188 
E/LightSensor(  858): Light old sensor_state 8192, new sensor_state : 8704 en : 1
D/skia    (21639): GFXPNG PNG bitmap created width:64 height:64 bitmap id is 189 
V/KeyguardServiceDelegate(  858): onScreenTurnedOn(showListener = com.android.internal.policy.impl.PhoneWindowManager$31@43d31650)
D/InputManager-JNI(  858): !@handleInterceptActions(116), action=1
D/skia    (21639): GFXPNG PNG bitmap created width:16 height:16 bitmap id is 190 
D/skia    (21639): GFXPNG PNG bitmap created width:48 height:48 bitmap id is 191 
D/skia    (21639): GFXPNG PNG bitmap created width:64 height:64 bitmap id is 192 
D/skia    (21639): GFXPNG PNG bitmap created width:64 height:64 bitmap id is 193 
D/skia    (21639): GFXPNG PNG bitmap created width:15 height:15 bitmap id is 194 
D/skia    (21639): GFXPNG PNG bitmap created width:64 height:64 bitmap id is 195 
D/SensorManager(  858): registerListener :: 6, TMG399X RGB Sensor, 200000, 0,  
I/SensorManagerA(  858): getReportingMode :: sensor.mType = 1
E/Sensors (  858): Acc old sensor_state 8704, new sensor_state : 8705 en : 1
D/SensorManager(  858): registerListener :: 0, MPU6500 Acceleration Sensor, 200000, 0,  
I/libsuspend(  858): !@[s] autosuspend_autosleep_disable
I/libsuspend(  858): !@[s] autosuspend_autosleep_disable done
D/SurfaceFlinger(  261): Screen acquired, type=0 flinger=0xb7d5ea30
D/qdhwcomposer(  261): hwc_blank: Unblanking display: 0
D/InputDispatcher(  858): setInputDispatchMode: enabled=1, frozen=0
D/KeyguardViewMediator( 1083): onScreenTurnedOn, seq = 104
D/KeyguardViewMediator( 1083): notifyScreenOnLocked
D/KeyguardViewMediator( 1083): handleNotifyScreenOn
D/KeyguardViewManager( 1083): onScreenTurnedOn()
D/KeyguardHostView( 1083): screen on, instance 425a3410
D/ContextualEventManager( 1083): updateClock()
D/skia    (21639): GFXPNG PNG bitmap created width:3 height:3 bitmap id is 196 
D/LockPatternUtils( 1083): isPcwEnable = 10
D/skia    (21639): GFXPNG PNG bitmap created width:54 height:96 bitmap id is 197 
D/skia    (21639): GFXPNG PNG bitmap created width:30 height:141 bitmap id is 198 
D/skia    (21639): GFXPNG PNG bitmap created width:144 height:144 bitmap id is 199 
D/skia    (21639): GFXPNG PNG bitmap created width:72 height:72 bitmap id is 200 
V/KeyguardHostView( 1083): showPrimarySecurityScreen(turningOff=false)
I/MDPP    ( 1083): Property: Ready
D/KeyguardHostView( 1083): showSecurityScreen(SPass)
D/KeyguardSPassView( 1083): onResume()
D/KeyguardSPassView( 1083): maybeStartBiometricUnlock()
D/EnterpriseDeviceManager( 1083): ContainerId: 0
W/LicenseLogService(  858): log() failed
D/KeyguardSPassView( 1083): max failed attempt for device disable :0
D/KeyguardSPassView( 1083): isDeviceDisabledForMaxFailedAttempt return :false
D/SPassUnlock( 1083): start()
D/FingerprintManager( 1083): ownName: null
I/FPMS_FingerprintManagerService( 1100): registerClient: called.
I/FPMS_FingerprintManagerService( 1100): registerClient: client=Proxy@4274d850 as token=BinderProxy@4274d7f0 from pid=1083
D/skia    (21639): GFXPNG PNG bitmap created width:90 height:90 bitmap id is 201 
D/skia    (21639): GFXPNG PNG bitmap created width:90 height:90 bitmap id is 202 
D/SPassUnlock( 1083): registerClient() mToken = com.android.keyguard.sec.SPassUnlock$1@43d3d978
D/skia    (21639): GFXPNG PNG bitmap created width:90 height:90 bitmap id is 203 
D/KeyguardSPassView( 1083): reset()
D/EnterpriseDeviceManager( 1083): ContainerId: 0
W/LicenseLogService(  858): log() failed
D/KeyguardSPassView( 1083): max failed attempt for device disable :0
D/KeyguardSPassView( 1083): isDeviceDisabledForMaxFailedAttempt return :false
D/KeyguardSPassView( 1083): failed SPass Attempts : 0
D/SecCameraShortcut( 1083): onScreenTurnedOn
I/SensorManagerA( 1083): getReportingMode :: sensor.mType = 1
D/SensorManager( 1083): registerListener :: 0, MPU6500 Acceleration Sensor, 200000, 0,  
I/KeyguardEffectViewMain( 1083): *** KeyguardEffectView getInstance ***
D/VisualEffectCircleUnlockEffect( 1083): KeyguardEffectViewNone : screenTurnedOn
D/KeyguardHostView( 1083): showUnlockAffordance()
D/skia    (21639): GFXPNG PNG bitmap created width:105 height:84 bitmap id is 204 
D/skia    (21639): GFXPNG PNG bitmap created width:15 height:15 bitmap id is 205 
D/skia    (21639): GFXPNG PNG bitmap created width:90 height:90 bitmap id is 206 
D/skia    (21639): GFXPNG PNG bitmap created width:90 height:90 bitmap id is 207 
D/skia    (21639): GFXPNG PNG bitmap created width:90 height:90 bitmap id is 208 
V/KeyguardServiceDelegate(  858): **** SHOWN CALLED ****
D/KeyguardViewMediator( 1083): handleKeyguardDoneDrawing
I/SurfaceFlinger(  261): id=1071 Removed FlectronBea (11/11)
I/SurfaceFlinger(  261): id=1071 Removed FlectronBea (-2/11)
D/skia    (21639): GFXPNG PNG bitmap created width:30 height:51 bitmap id is 209 
D/lights  (  858): lcd : 164 +
D/lights  (  858): lcd : 164 -
D/skia    (21639): GFXPNG PNG bitmap created width:4 height:4 bitmap id is 210 
D/skia    (21639): GFXPNG PNG bitmap created width:84 height:84 bitmap id is 211 
D/skia    (21639): GFXPNG PNG bitmap created width:15 height:15 bitmap id is 212 
D/skia    (21639): GFXPNG PNG bitmap created width:15 height:15 bitmap id is 213 
D/skia    (21639): GFXPNG PNG bitmap created width:33 height:33 bitmap id is 214 
D/skia    (21639): GFXPNG PNG bitmap created width:33 height:33 bitmap id is 215 
D/skia    (21639): GFXPNG PNG bitmap created width:96 height:96 bitmap id is 216 
D/skia    (21639): GFXPNG PNG bitmap created width:105 height:105 bitmap id is 217 
D/skia    (21639): GFXPNG PNG bitmap created width:3 height:3 bitmap id is 218 
D/skia    (21639): GFXPNG PNG bitmap created width:96 height:96 bitmap id is 219 
D/skia    (21639): GFXPNG PNG bitmap created width:11 height:16 bitmap id is 220 
D/skia    (21639): GFXPNG PNG bitmap created width:30 height:30 bitmap id is 221 
I/SELinux (21680): Function: selinux_android_load_priority [0], There is no sepolicy file.
I/SELinux (21680):  
I/SELinux (21680): Function: selinux_android_load_priority , spota verifySig and checkHash pass. priority version is VE=SEPF_SM-G900F_4.4.2_0038
I/SELinux (21680):  
I/SELinux (21680):  
E/dalvikvm(21680): >>>>> Normal User
E/dalvikvm(21680): >>>>> com.sec.android.widgetapp.SPlannerAppWidget [ userId:0 | appId:10157 ]
D/TimaKeyStoreProvider(21680): in addTimaSignatureService
D/TimaKeyStoreProvider(21680): Cannot add TimaSignature Service, License check Failed
D/ActivityThread(21680): Added TimaKesytore provider
V/CAE     (  858): onReceive(CaPowerManager.java:127)
I/CAE     (  858): onReceive(CaPowerManager.java:147) - AP_WAKEUP
I/CAE     (  858): updateApPowerStatus(SensorHubParserProvider.java:419) - AP_WAKEUP
I/CAE     (  858): sendCmdToSensorHub(SensorHubCommManager.java:142) - -76, 13, -47, 0,
D/SensorHubManager(  858): SendSensorHubData: send data = -76, 13, -47, 0
D/Sensorhubs(  273): sendContextData: -76, 13, -47, 0
V/CAE     (  858): onReceive(CaPowerManager.java:159)
D/audio_hw_primary(  266): adev_set_parameters: enter: screen_state=on
V/voice   (  266): voice_set_parameters: enter: screen_state=on
V/voice   (  266): voice_set_parameters: exit with code(-2)
V/msm8974_platform(  266): platform_set_parameters: enter: screen_state=on
V/msm8974_platform(  266): platform_set_parameters: exit with code(-2)
V/audio_hw_primary(  266): adev_set_parameters: exit
D/tms_audio_hw/AudioTmsIpc(  266): adev_set_parameters : Enter 
D/tms_audio_hw/AudioTmsIpc(  266): adev_set_parameters : Exit 
I/SecExternalDisplayIntents_Java(  858): Intent Recieved ..  -android.intent.action.SCREEN_ONBroadCast Map value - 19
D/IpRemoteDisplayController(  858): intent received android.intent.action.SCREEN_ON
D/IpRemoteDisplayController(  858): Bridge Server is not available
D/qdhwcomposer(  261): hwc_blank: Done unblanking display: 0
D/SurfaceControl(  858): Excessive delay in unblankDisplay() while turning screen on: 291ms
D/MISC PowerHAL(  858): miscpower_set_interactive: /sys/class/input/input2/enabled
D/MISC PowerHAL(  858): sysfs_write +: /sys/class/input/input2/enabled: 1
D/KeyguardUpdateMonitor( 1083): sendKeyguardVisibilityChanged(true)
D/lights  (  858): lcd : 159 +
D/KeyguardUpdateMonitor( 1083): handleKeyguardVisibilityChanged(1)
D/lights  (  858): lcd : 159 -
D/lights  (  858): lcd : 150 +
D/PersonaManagerService(  858): ACTION_SCREEN_ON onReceive
D/PersonaManagerServiceHandler(  858): MSG_ACTION_SCREEN_ON called
I/NfcService( 1290): NFC: Screen On & Cover Open
I/NfcService( 1290): applyRouting return - 2 
E/NfcService( 1290): callback == null
D/lights  (  858): lcd : 150 -
D/lights  (  858): lcd : 134 +
I/System.out( 1279): Broadcasting: Intent { act=android.intent.action.LTE_SMS_STATUS (has extras) }
D/accuweather( 1896): [KK AccuPhone]>>> SWW:63 [0:0] action : androidintentactionSCREEN_ON
D/accuweather( 1896): [KK AccuPhone]>>> SWW:448 [0:0] doChangeDayOrNight : 1
D/accuweather( 1896): [KK AccuPhone]>>> SWW:334 [0:0] getWeatherRenderer : 1
D/accuweather( 1896): [KK AccuPhone]>>> SM:1205 [0:0] doChangeDayOrNight : mCLsize = 3, mSL = cityId:current
E/fb4a(:<default>):MqttOperationManager(11768): Unexpected duplicate message ID -1 for operation PINGRESP.
D/lights  (  858): lcd : 134 -
D/lights  (  858): lcd : 125 +
D/accuweather( 1896): [KK AccuPhone]>>> SWW:465 [0:0] makeClock : 1
D/accuweather( 1896): [KK AccuPhone]>>> SWW:334 [0:0] getWeatherRenderer : 1
D/accuweather( 1896): [KK AccuPhone]>>> SM:1303 [0:0] setClockLayoutContent
D/MISC PowerHAL(  858): sysfs_write -: /sys/class/input/input2/enabled: 1
D/MISC PowerHAL(  858): miscpower_set_interactive: /sys/class/input/input1/enabled
D/MISC PowerHAL(  858): sysfs_write +: /sys/class/input/input1/enabled: 1
D/lights  (  858): lcd : 125 -
D/lights  (  858): lcd : 118 +
D/lights  (  858): lcd : 118 -
I/System.out( 1279): Broadcast completed: result=0
D/SurfaceWidget.Renderer( 1896): [237392/2] SurfaceWidget drawing first frame
D/QuickConnect[1.2.1882032][4] ( 4439): PeriphService.mBroadcastReceiver - SCREEN_ON when user = 0
V/QuickConnect[1.2.1882032][4] ( 4439): BleHelper.shouldScanBleBg - 
D/QuickConnect[1.2.1882032][4] ( 4439): Utils.getFromDb -  Key[quick_connect_allow_connect], isEnabled [0] /   <0 : Disable, 1 : Enable>
V/QuickConnect[1.2.1882032][4] ( 4439): SconnectManager.getInstance - () return existing instance com.samsung.android.sconnect.SconnectManager@424db5a0
V/QuickConnect[1.2.1882032][4] ( 4439): SconnectManager.getInstance - () return existing instance com.samsung.android.sconnect.SconnectManager@424db5a0
I/QuickConnect[1.2.1882032][4] ( 4439): BleHelper.shouldScanBleBg - callbackCount : 1
V/QuickConnect[1.2.1882032][4] ( 4439): BleHelper.shouldScanBleFg - 
V/QuickConnect[1.2.1882032][4] ( 4439): SconnectManager.getInstance - () return existing instance com.samsung.android.sconnect.SconnectManager@424db5a0
V/QuickConnect[1.2.1882032][4] ( 4439): SconnectManager.getInstance - () return existing instance com.samsung.android.sconnect.SconnectManager@424db5a0
V/QuickConnect[1.2.1882032][4] ( 4439): SconnectManager.getInstance - () return existing instance com.samsung.android.sconnect.SconnectManager@424db5a0
D/QuickConnect[1.2.1882032][4] ( 4439): BleHelper.startScan - propDisableScan = 0
D/QuickConnect[1.2.1882032][4] ( 4439): BleHelper.startScan - bluetoothActionState = 0
D/QuickConnect[1.2.1882032][4] ( 4439): BleHelper.startScan - shouldScanBleBg = true
D/QuickConnect[1.2.1882032][4] ( 4439): BleHelper.startScan - shouldScanBleFg = false
I/QuickConnect[1.2.1882032][4] ( 4439): BleHelper.startScan - call startLeScan()
D/BtGatt.GattService( 1475): registerClient() - UUID=77e78341-acb1-48d1-8358-d305460a94f3
D/BtGatt.btif( 1475): btif_gattc_register_app
D/BtGatt.btif( 1475): btgattc_handle_event: Event 1000
D/BtGatt.btif( 1475): btif_gattc_upstreams_evt: Event 0
D/BtGatt.GattService( 1475): onClientRegistered() - UUID=77e78341-acb1-48d1-8358-d305460a94f3, clientIf=5
D/BluetoothAdapter( 4439): onClientRegistered() - status=0 clientIf=5
D/BtGatt.GattService( 1475): Bg startScan() - queue=0isDiscoveryInProgress - false
D/BtGatt.GattService( 1475):  Bg startScan() - adding client=5
D/BtGatt.GattService( 1475): start Bg Scan - mScanqueue empty
D/BtGatt.btif( 1475): btif_gattc_scan
D/QuickConnect[1.2.1882032][4] ( 4439): BleHelper.startScan - call startLeScan() complete
D/BtGatt.btif( 1475): btgattc_handle_event: Event 1002
D/GKI_LINUX( 1475): acquire_my_wake_lock(), g_wake_lock_fd:-1, g_wake_unlock_fd:-1, wake_lock_acquired:0
D/bt_vendor( 1475): op for 7
D/bt_upio ( 1475): proc btwrite assertion
D/bt_vendor( 1475): op for 7
I/ScreenStateBroadcastReceiver( 8837): ScreenStateBroadcastReceiver.onReceive action = android.intent.action.SCREEN_ON
D/AdaptiveEventManager( 1083): setAdaptiveEvent() requestClass = com.sec.android.app.shealth.walkingmate.service.WalkingMateDayStepService smallView=not null bigView=not null
D/AdaptiveEventManager( 1083): mViewList[PEDOMETER].view=android.widget.RelativeLayout{43ad06b0 VFE...C. ......I. 0,0-0,0 #7f080baf app:id/lock_root_view}
D/AdaptiveEventManager( 1083): M updateContainers()
D/AdaptiveEventContainerSmall( 1083): C updatePedoContainer()
I/JunkOfflineService(25884): notification_currentSize:0,lastSize:0
D/AdaptiveEventContainerSmall( 1083): handlePedoUpdate()
I/FPMS_FingerprintManagerService( 1100): mSensorReady=true
D/SPassUnlock( 1083): startIdentify currentUserId = 0
I/vfmjni  ( 1100): vcsFPJni.cpp 502
I/vfmjni  ( 1100): vcsClientInterface.cpp 59
I/vfmjni  ( 1100): vcsClientInterface.cpp 278
I/vfmjni  ( 1100): vcsClientInterface.cpp 63
I/ValidityLIB( 1100): APIHandlerClient.cpp 976 4
I/ValidityLIB( 1100): APIHandlerClient.cpp 1079 4
I/ValidityLIB( 1100): APIHandlerClient.cpp 1343 4
I/ValidityLIB( 1100): APIHandlerClient.cpp 1348 4
I/ValidityLIB( 1100): APIHandlerClient.cpp 1352 4
I/ValidityLIB( 1100): APIHandlerClient.cpp 1426 4
I/ValidityLIB(  315): InputThread.cpp 153 4
I/ValidityLIB(  315): InputThread.cpp 156 4
I/ValidityLIB(  315): InputThread.cpp 177 4
I/ValidityLIB(  315): vcsServer.cpp 347 4
I/ValidityLIB(  315): APIHandlerServer.cpp 303 4
I/ValidityLIB(  315): InputThread.cpp 145 4
I/ValidityLIB(  315): InputThread.cpp 151 4
I/ValidityLIB(  315): APIHandlerServer.cpp 366 4
I/ValidityLIB(  315): APIHandlerServer.cpp 408 4
I/ValidityLIB(  315): vcsServer.cpp 874 4
I/ValidityLIB(  315): vfmEx.c 4266 4
I/ValidityLIB(  315): vfmEx.c 4271 4
I/ValidityLIB(  315): APIHandlerVfm.cpp 1093 4
I/ValidityLIB(  315): vfmEx.c 4459 4
I/ValidityLIB(  315): vfmEx.c 4583 4
I/ValidityLIB(  315): APIHandlerVfm.cpp 899 4
I/ValidityLIB(  315): vcsServer.cpp 300 4
I/ValidityLIB(  315): ClientApp.cpp 177 4
I/ValidityLIB(  315): ClientApp.cpp 199 4
I/ValidityLIB(  315): ClientApp.cpp 227 4
I/ValidityLIB(  315): TimerThread.cpp 119 4
I/ValidityLIB(  315): TimerThread.cpp 162 4
I/ValidityLIB(  315): APIHandlerServer.cpp 577 4
I/ValidityLIB(  315): APIHandlerServer.cpp 379 4
I/ValidityLIB( 1100): APIHandlerClient.cpp 1356 4
I/ValidityLIB( 1100): APIHandlerClient.cpp 1486 4
I/ValidityLIB( 1100): APIHandlerClient.cpp 1489 4
I/ValidityLIB( 1100): APIHandlerClient.cpp 1494 4
I/ValidityLIB( 1100): APIHandlerClient.cpp 1366 4
I/ValidityLIB( 1100): APIHandlerClient.cpp 997 4
I/vfmjni  ( 1100): vcsFPJni.cpp 514
I/FPMS_ValidityFingerprintProxyFactory( 1100): getSensorStatus FINISH (1ms) RESULT: 0
I/vfmjni  ( 1100): vcsFPJni.cpp 177
I/vfmjni  ( 1100): vcsClientInterface.cpp 59
I/vfmjni  ( 1100): vcsClientInterface.cpp 278
I/vfmjni  ( 1100): vcsClientInterface.cpp 63
I/vfmjni  ( 1100): vcsFPJni.cpp 190
I/FPMS_ValidityFingerprintProxyFactory( 1100): identify FINISH (0ms) RESULT: 0
I/FPMS_ValidityFingerprintLibraryImpl( 1100): identify: result=0
I/ValidityLIB( 1100): APIHandlerClient.cpp 1343 4
I/ValidityLIB( 1100): APIHandlerClient.cpp 1348 4
I/ValidityLIB( 1100): APIHandlerClient.cpp 1352 4
I/ValidityLIB( 1100): APIHandlerClient.cpp 1426 4
D/SPassUnlock( 1083): identify OK
I/ValidityLIB(  315): InputThread.cpp 153 4
I/ValidityLIB(  315): InputThread.cpp 156 4
I/ValidityLIB(  315): InputThread.cpp 177 4
I/ValidityLIB(  315): vcsServer.cpp 347 4
I/ValidityLIB(  315): APIHandlerServer.cpp 303 4
I/ValidityLIB(  315): InputThread.cpp 145 4
I/ValidityLIB(  315): InputThread.cpp 151 4
I/ValidityLIB(  315): APIHandlerServer.cpp 366 4
I/ValidityLIB(  315): APIHandlerServer.cpp 408 4
I/ValidityLIB(  315): vcsServer.cpp 874 4
I/ValidityLIB(  315): vfmEx.c 4266 4
I/ValidityLIB(  315): vfmEx.c 4271 4
I/ValidityLIB(  315): APIHandlerVfm.cpp 1093 4
I/ValidityLIB(  315): vfmEx.c 4459 4
I/ValidityLIB(  315): vfmEx.c 4583 4
I/ValidityLIB(  315): APIHandlerVfm.cpp 899 4
I/ValidityLIB(  315): TimerThread.cpp 119 4
I/ValidityLIB(  315): TimerThread.cpp 162 4
I/ValidityLIB(  315): APIHandlerServer.cpp 836 4
I/ValidityLIB(  315): APIHandlerVfm.cpp 302 4
I/ValidityLIB(  315): vfmEx.c 2631 4
I/ValidityLIB(  315): vfmEx.c 4286 4
I/ValidityLIB(  315): palDevConfig.c 409 3
I/ValidityLIB( 1100): APIHandlerClient.cpp 1356 4
I/ValidityLIB( 1100): APIHandlerClient.cpp 1486 4
I/ValidityLIB(  315): palDevConfig.c 413 3
I/ValidityLIB(  315): palDevConfig.c 361 3
D/daemonapp( 1931): [MSC_Daemon]>>> WU:236 [0:0] regintype : EUR
D/daemonapp( 1931): [MSC_Daemon]>>> WU:292 [0:0] cp type is : cp_eng
D/KeyguardViewMediator( 1083): handleKeyguardDoneDrawing
D/VFMAuthQSEE(  315): vfmTZSessionOpen
D/VFMAuthQSEE(  315): start qsapp application
I/VFMAuthQSEE(  315): QSApp SB Size is 1048576
D/QSEECOMAPI: (  315): QSEECom_get_handle sb_length = 0x100000
D/QSEECOMAPI: (  315): App is not loaded in QSEE
I/wpa_supplicant( 1058): wlan0: Setting scan request: 0 sec 0 usec
D/MISC PowerHAL(  858): sysfs_write -: /sys/class/input/input1/enabled: 1
D/MISC PowerHAL(  858): sysfs_write +: /sys/class/power_supply/battery/lcd: 1
D/MISC PowerHAL(  858): sysfs_write -: /sys/class/power_supply/battery/lcd: 1
D/PowerManagerService-JNI(  858): Excessive delay in MISC setInteractive(true) while turning screen on: 319ms
I/QCOM PowerHAL(  858): Got set_interactive hint
D/daemonapp( 1931): [MSC_Daemon]>>> WCP:1127 [0:0] Provider query : content://apaccuweatherprovider/settings
D/skia    ( 1083): GFXPNG PNG bitmap created width:240 height:270 bitmap id is 170777 
I/wpa_supplicant( 1058): Scan requested (ret=0) - scan timeout 30 seconds
D/daemonapp( 1931): [MSC_Daemon]>>> WCP:1127 [0:0] Provider query : content://apaccuweatherprovider/weatherinfo
I/GFX_Indexed palette(28405): width:21 height:105
I/GFX_Indexed palette(28405): width:63 height:105
I/GFX_Indexed palette(28405): width:63 height:105
I/GFX_Indexed palette(28405): width:63 height:105
I/GFX_Indexed palette(28405): width:63 height:105
D/daemonapp( 1931): [MSC_Daemon]>>> WDSM:44 [0:0] Act : comsamsungssrmSCREEN_ON, run:true
D/comsamsunglog( 1931): [MSC_Daemon]>>> ====================================================================================================================
D/comsamsunglog( 1931): [MSC_Daemon]>>> daemonapp [Version : 14061201 ] [ 1 ] 
D/comsamsunglog( 1931): [MSC_Daemon]>>> Header set to : ===> "daemonapp" <===
D/comsamsunglog( 1931): [MSC_Daemon]>>> ====================================================================================================================
D/daemonapp( 1931): [MSC_Daemon]>>> WDSM:85 [0:0] c:2324575, r:3
D/daemonapp( 1931): [MSC_Daemon]>>> WDSM:362 [0:0]  ==> Act: SCREEN_ON or COVER_OPEN <==
D/daemonapp( 1931): [MSC_Daemon]>>> WCP:1127 [0:0] Provider query : content://apaccuweatherprovider/settings
D/QSEECOMAPI: (  315): Loaded image: APP id = 6
D/GKI_LINUX( 1475): release_my_wake_lock(), g_wake_lock_fd:-1, g_wake_unlock_fd:-1, wake_lock_acquired:0
D/skia    ( 1083): GFXPNG PNG bitmap created width:240 height:270 bitmap id is 170778 
D/daemonapp( 1931): [MSC_Daemon]>>> WDSM:365 [0:0] [ASO][AUTOREFRESHKEY] --> 3
