D/SamsungIME( 2941): Dismiss ExpandCandiate
I/SamsungIME( 2941): getCurrentKeyboard
I/SamsungIME( 2941): getTextKeyboard
D/Launcher( 1305): onTrimMemory. Level: 20
D/skia    ( 2941): GFXPNG PNG bitmap created width:128 height:112 bitmap id is 5306 
D/skia    ( 2941): GFXPNG PNG bitmap created width:128 height:112 bitmap id is 5307 
D/SamsungIME( 2941): [SwiftkeyWrapper] currentLangauge : 1702053203
D/SamsungIME( 2941): Skip dismiss ExpandCandidate. it will be post-invalidated later
D/SamsungIME( 2941): startInputViewContinue : true true
D/SamsungIME( 2941): conditions for show dialog : true true false false
D/SamsungIME( 2941): showDlgMsgBox : true true true
D/SamsungIME( 2941): showDlgMsgBox inner condition : true true
I/SamsungIME( 2941): [IMI] startInputView - caller pid : 29143, caller uid : 10089
D/SamsungIME( 2941): onWindowShown
I/SurfaceFlinger(  261): id=1079 createSurf (1080x1137),1 flag=4, JnputMethod
D/KeyguardUpdateMonitor( 1083): sendKeyguardVisibilityChanged(true)
D/skia    ( 1083): GFXPNG PNG bitmap created width:72 height:72 bitmap id is 171177 
D/NotificationService(  858): Sending broadcast with sbn as extra = StatusBarNotification(pkg=android user=UserHandle{-1} id=17041266 tag=null score=0: Notification(pri=0 icon=108053a contentView=android/0x109007f vibrate=null sound=null defaults=0x0 flags=0x1002 when=0 ledARGB=0x0 contentIntent=Y deleteIntent=N contentTitle=29 contentText=15 originalPackageName=N tickerText=N kind=[android.system.imeswitcher]))
D/KeyguardUpdateMonitor( 1083): sendKeyguardVisibilityChanged(true)
D/RCPManagerService(  858): NotificationReceiver onReceive()
D/RCPManagerService(  858):  NotificationReceiver sbn.getPackageName() android sbn.getUser().getIdentifier() -1
W/chromium(29143): [WARNING:jni_string.cc(28)] ConvertJavaStringToUTF8 called with null string.
D/RCPManagerService(  858): getPolicy: Policy checking block entered for Notifications; for user/persona = -1 ; Policy = knox-sanitize-data ; token = 4294967296858
D/RCPManagerService(  858): getPolicy: policy value returned = false
D/RCPManagerService(  858): going to get the app label for pkg == android
D/RCPManagerService(  858): app label == android
D/RCPManagerService(  858): getPolicy: Policy checking block entered for Notifications; for user/persona = -1 ; Policy = knox-export-data ; token = 4294967296858
D/RCPManagerService(  858): getPolicy: policy value returned = true
D/RCPManagerService(  858): Calling User is -1
D/RCPManagerService(  858): userid of SBN ==-1
D/dalvikvm( 2941): GC_FOR_ALLOC freed 5425K, 38% free 15952K/25324K, paused 97ms, total 97ms
I/SamsungIME( 2941): drawAllKey
D/skia    ( 1083): GFXPNG PNG bitmap created width:18 height:18 bitmap id is 171178 
D/skia    ( 2941): GFXPNG PNG bitmap created width:60 height:75 bitmap id is 5308 
D/skia    ( 2941): GFXPNG PNG bitmap created width:128 height:112 bitmap id is 5309 
D/ProgressBar( 1083): setProgressDrawable drawableHeight = 18
D/skia    ( 2941): GFXPNG PNG bitmap created width:128 height:112 bitmap id is 5310 
D/skia    ( 1083): GFXPNG PNG bitmap created width:72 height:72 bitmap id is 171179 
D/SamsungIME( 2941): scanPackageInfo - found OCR package
D/SamsungIME( 2941): set case 2 : mIsEnableOCR = true
D/SamsungIME( 2941): isRegisteredOcrSIPTextReceiver = true
D/SamsungIME( 2941): scanPackageInfo - found OCR package
D/SamsungIME( 2941): set case 2 : mIsEnableOCR = true
D/SamsungIME( 2941): isRegisteredOcrSIPTextReceiver = true
D/KeyguardUpdateMonitor( 1083): handleKeyguardVisibilityChanged(1)
D/KeyguardUpdateMonitor( 1083): handleKeyguardVisibilityChanged(1)
D/SamsungIME( 2941): scanPackageInfo - found OCR package
D/SamsungIME( 2941): set case 2 : mIsEnableOCR = true
D/SamsungIME( 2941): isRegisteredOcrSIPTextReceiver = true
D/skia    ( 2941): GFXPNG PNG bitmap created width:89 height:112 bitmap id is 5311 
D/skia    ( 2941): GFXPNG PNG bitmap created width:89 height:112 bitmap id is 5312 
D/SamsungIME( 2941): scanPackageInfo - found OCR package
D/SamsungIME( 2941): set case 2 : mIsEnableOCR = true
D/SamsungIME( 2941): isRegisteredOcrSIPTextReceiver = true
D/SamsungIME( 2941): scanPackageInfo - found OCR package
D/SamsungIME( 2941): set case 2 : mIsEnableOCR = true
D/SamsungIME( 2941): isRegisteredOcrSIPTextReceiver = true
D/SamsungIME( 2941): scanPackageInfo - found OCR package
D/SamsungIME( 2941): set case 2 : mIsEnableOCR = true
D/SamsungIME( 2941): isRegisteredOcrSIPTextReceiver = true
D/SamsungIME( 2941): scanPackageInfo - found OCR package
D/SamsungIME( 2941): set case 2 : mIsEnableOCR = true
D/SamsungIME( 2941): isRegisteredOcrSIPTextReceiver = true
D/SamsungIME( 2941): scanPackageInfo - found OCR package
D/SamsungIME( 2941): set case 2 : mIsEnableOCR = true
D/SamsungIME( 2941): isRegisteredOcrSIPTextReceiver = true
D/skia    ( 2941): GFXPNG PNG bitmap created width:495 height:112 bitmap id is 5313 
D/skia    ( 2941): GFXPNG PNG bitmap created width:495 height:112 bitmap id is 5314 
D/KeyguardUpdateMonitor( 1083): sendKeyguardVisibilityChanged(true)
D/KeyguardUpdateMonitor( 1083): handleKeyguardVisibilityChanged(1)
D/KeyguardUpdateMonitor( 1083): sendKeyguardVisibilityChanged(true)
D/KeyguardUpdateMonitor( 1083): handleKeyguardVisibilityChanged(1)
E/SamsungIME( 2941): AbstractCandidateLayout-setCandidates suggestions count : 9
D/SamsungIME( 2941): Skip dismiss ExpandCandidate. it will be post-invalidated later
D/SamsungIME( 2941): SwiftkeyWrapper-checkCurrentSequence : use IC
E/SamsungIME( 2941): AbstractCandidateLayout-setCandidates suggestions count : 9
D/SamsungIME( 2941): Skip dismiss ExpandCandidate. it will be post-invalidated later
D/SamsungIME( 2941): SwiftKey guide popup condition 1 : true true
I/SamsungIME( 2941): Update SetupWizard State usc : 1 pss : false
E/SamsungIME( 2941): SwiftKey guide popup condition 2 : true true true true true false true true true true
D/KeyguardUpdateMonitor( 1083): sendKeyguardVisibilityChanged(true)
D/KeyguardUpdateMonitor( 1083): handleKeyguardVisibilityChanged(1)
D/dalvikvm(29143): GC_CONCURRENT freed 5338K, 29% free 17310K/24364K, paused 21ms+10ms, total 176ms
D/InputReader(  858): Input event: value=1
I/InputReader(  858): Touch event's action is 0x0 (deviceType=0) [pCnt=1, s=0.6112 ] when=34320684450000
I/InputDispatcher(  858): Delivering touch to: action: 0x4, toolType: 1
I/InputDispatcher(  858): Delivering touch to: action: 0x0, toolType: 1
V/Vibrator( 2941): vibrateImmVibe - PUID: 1000, PackageName: com.sec.android.inputmethod, pattern, magType: TouchMagnitude
D/InputReader(  858): Input event: value=0
I/InputReader(  858): Touch event's action is 0x1 (deviceType=0) [pCnt=1, s=] when=34320787169000
I/InputDispatcher(  858): Delivering touch to: action: 0x1, toolType: 1
E/SamsungIME( 2941): SwiftkeyWrapper-inputKey
D/skia    (29143): GFXPNG PNG bitmap created width:42 height:126 bitmap id is 230 
D/skia    (29143): GFXPNG PNG bitmap created width:18 height:18 bitmap id is 231 
D/skia    (29143): GFXPNG PNG bitmap created width:18 height:18 bitmap id is 232 
D/skia    (29143): GFXPNG PNG bitmap created width:18 height:18 bitmap id is 233 
D/AbsListView(29143): Get MotionRecognitionManager
D/AbsListView(29143): unregisterIRListener() is called 
D/skia    (29143): GFXPNG PNG bitmap created width:72 height:72 bitmap id is 234 
D/skia    (29143): GFXPNG PNG bitmap created width:72 height:72 bitmap id is 235 
D/skia    (29143): GFXPNG PNG bitmap created width:72 height:72 bitmap id is 236 
D/skia    (29143): GFXPNG PNG bitmap created width:72 height:72 bitmap id is 237 
D/InputReader(  858): Input event: value=1
I/InputReader(  858): Touch event's action is 0x0 (deviceType=0) [pCnt=1, s=0.6113 ] when=34321023343000
I/InputDispatcher(  858): Delivering touch to: action: 0x4, toolType: 1
I/InputDispatcher(  858): Delivering touch to: action: 0x0, toolType: 1
D/skia    (29143): GFXPNG PNG bitmap created width:72 height:72 bitmap id is 238 
D/AbsListView(29143): unregisterIRListener() is called 
V/Vibrator( 2941): vibrateImmVibe - PUID: 1000, PackageName: com.sec.android.inputmethod, pattern, magType: TouchMagnitude
E/SamsungIME( 2941): AbstractCandidateLayout-setCandidates suggestions count : 1
D/InputReader(  858): Input event: value=0
I/InputReader(  858): Touch event's action is 0x1 (deviceType=0) [pCnt=1, s=] when=34321096489000
I/InputDispatcher(  858): Delivering touch to: action: 0x1, toolType: 1
D/SamsungIME( 2941): Skip dismiss ExpandCandidate. it will be post-invalidated later
E/SamsungIME( 2941): SwiftkeyWrapper-inputKey
W/chromium(29143): [WARNING:server_connection_manager.cc(296)] ServerConnectionManager forcing SYNC_AUTH_ERROR
W/chromium(29143): [WARNING:syncer_proto_util.cc(277)] Error posting from syncer: Response Code (bogus on error): -1 Content-Length (bogus on error): -1 Server Status: SYNC_AUTH_ERROR
E/chromium(29143): [ERROR:get_updates_processor.cc(240)] PostClientToServerMessage() failed during GetUpdates
D/AbsListView(29143): unregisterIRListener() is called 
D/InputReader(  858): Input event: value=1
I/InputReader(  858): Touch event's action is 0x0 (deviceType=0) [pCnt=1, s=0.6114 ] when=34321199875000
I/InputDispatcher(  858): Delivering touch to: action: 0x4, toolType: 1
I/InputDispatcher(  858): Delivering touch to: action: 0x0, toolType: 1
V/Vibrator( 2941): vibrateImmVibe - PUID: 1000, PackageName: com.sec.android.inputmethod, pattern, magType: TouchMagnitude
D/AbsListView(29143): unregisterIRListener() is called 
E/SamsungIME( 2941): AbstractCandidateLayout-setCandidates suggestions count : 1
D/SamsungIME( 2941): Skip dismiss ExpandCandidate. it will be post-invalidated later
D/dalvikvm(  858): GC_EXPLICIT freed 3899K, 28% free 62759K/86208K, paused 12ms+25ms, total 414ms
D/InputReader(  858): Input event: value=0
I/InputReader(  858): Touch event's action is 0x1 (deviceType=0) [pCnt=1, s=] when=34321287660000
I/InputDispatcher(  858): Delivering touch to: action: 0x1, toolType: 1
E/SamsungIME( 2941): SwiftkeyWrapper-inputKey
D/dalvikvm(29143): GC_CONCURRENT freed 1913K, 29% free 17356K/24364K, paused 3ms+1ms, total 27ms
D/AbsListView(29143): unregisterIRListener() is called 
I/GLSUser (11796): [GLSUser]  extracting token using key:Auth
W/GLSUser (11796): [GLSUser] [GLSUser]  Permission for com.android.chrome to access oauth2:https://www.googleapis.com/auth/chromesync will be managed locally.
E/SamsungIME( 2941): AbstractCandidateLayout-setCandidates suggestions count : 1
D/SamsungIME( 2941): Skip dismiss ExpandCandidate. it will be post-invalidated later
D/AbsListView(29143): unregisterIRListener() is called 
D/InputReader(  858): Input event: value=1
I/InputReader(  858): Touch event's action is 0x0 (deviceType=0) [pCnt=1, s=0.6115 ] when=34322643319000
I/InputDispatcher(  858): Delivering touch to: action: 0x4, toolType: 1
I/InputDispatcher(  858): Delivering touch to: action: 0x0, toolType: 1
D/InputReader(  858): Input event: value=0
I/InputReader(  858): Touch event's action is 0x1 (deviceType=0) [pCnt=1, s=] when=34322701511000
I/InputDispatcher(  858): Delivering touch to: action: 0x1, toolType: 1
D/ChildProcessLauncher(29143): Allocator allocated a connection, sandbox: true, slot: 1
D/AbsListView(29143): onVisibilityChanged() is called, visibility : 8
D/AbsListView(29143): unregisterIRListener() is called 
I/SELinux (22266): Function: selinux_android_load_priority [0], There is no sepolicy file.
I/SELinux (22266):  
D/SamsungIME( 2941): onStartInputView
D/SamsungIME( 2941): scanPackageInfo - found OCR package
D/SamsungIME( 2941): set case 2 : mIsEnableOCR = true
D/SamsungIME( 2941): isRegisteredOcrSIPTextReceiver = true
D/ChildProcessLauncher(29143): Setting up connection to process: slot=1
D/KeyguardUpdateMonitor( 1083): sendKeyguardVisibilityChanged(true)
D/dalvikvm(  262): GC_EXPLICIT freed 41K, 47% free 11681K/21652K, paused 2ms+1ms, total 27ms
I/SELinux (22266): Function: selinux_android_load_priority , spota verifySig and checkHash pass. priority version is VE=SEPF_SM-G900F_4.4.2_0038
I/SELinux (22266):  
I/SELinux (22266):  
E/dalvikvm(22266): >>>>> Normal User
E/dalvikvm(22266): >>>>> com.android.chrome:sandboxed_process1 [ userId:0 | appId:99011 ]
D/NotificationService(  858): cancelNotificationLocked
D/NotificationService(  858):  hasClearableItems
D/NotificationService(  858): Num of hasClearableItems : 3
D/RCPManagerService(  858): NotificationReceiver onReceive()
D/RCPManagerService(  858):  NotificationReceiver sbn.getPackageName() android sbn.getUser().getIdentifier() -1
D/RCPManagerService(  858): getPolicy: Policy checking block entered for Notifications; for user/persona = -1 ; Policy = knox-sanitize-data ; token = 4294967296858
D/RCPManagerService(  858): getPolicy: policy value returned = false
D/RCPManagerService(  858): going to get the app label for pkg == android
D/RCPManagerService(  858): app label == android
D/RCPManagerService(  858):  NotificationReceiver ACTION_CANCEL_NOTIFICATION 
D/dalvikvm(  262): GC_EXPLICIT freed <1K, 47% free 11682K/21652K, paused 1ms+1ms, total 16ms
I/SamsungIME( 2941): Update SetupWizard State usc : 1 pss : false
D/KeyguardUpdateMonitor( 1083): handleKeyguardVisibilityChanged(1)
D/SamsungIME( 2941): [AbstractKeyboardView] onDetachedFromWindow.
D/skia    ( 2941): GFXPNG PNG bitmap created width:52 height:39 bitmap id is 5317 
D/TimaKeyStoreProvider(22266): in addTimaSignatureService
D/TimaKeyStoreProvider(22266): Cannot add TimaSignature Service, License check Failed
D/SamsungIME( 2941): Magnification Enabled = false
D/dalvikvm(  262): GC_EXPLICIT freed <1K, 47% free 11682K/21652K, paused 2ms+1ms, total 16ms
D/ActivityThread(22266): Added TimaKesytore provider
W/IInputConnectionWrapper(29143): getTextBeforeCursor on inactive InputConnection
W/IInputConnectionWrapper(29143): getCursorCapsMode on inactive InputConnection
D/SamsungIME( 2941): Dismiss ExpandCandiate
D/SamsungIME( 2941): Dismiss ExpandCandiate
I/SamsungIME( 2941): getCurrentKeyboard
I/SamsungIME( 2941): getTextKeyboard
D/SamsungIME( 2941): [SwiftkeyWrapper] currentLangauge : 1702053203
I/ChildProcessService(22266): Creating new ChildProcessService pid=22266
D/dalvikvm(22266): Trying to load lib /data/app-lib/com.android.chrome-10/libchromium_android_linker.so 0x424d3710
D/dalvikvm(22266): Added shared lib /data/app-lib/com.android.chrome-10/libchromium_android_linker.so 0x424d3710
W/IInputConnectionWrapper(29143): getCursorCapsMode on inactive InputConnection
D/SamsungIME( 2941): Skip dismiss ExpandCandidate. it will be post-invalidated later
D/SamsungIME( 2941): startInputViewContinue : false true
I/SamsungIME( 2941): [IMI] startInputView - caller pid : 29143, caller uid : 10089
W/LibraryLoader(22266): Suppressed load from APK support check on this device
I/LibraryLoader(22266): Loading chrome.2214.109
D/NotificationService(  858): Sending broadcast with sbn as extra = StatusBarNotification(pkg=android user=UserHandle{-1} id=17041266 tag=null score=0: Notification(pri=0 icon=108053a contentView=android/0x109007f vibrate=null sound=null defaults=0x0 flags=0x1002 when=0 ledARGB=0x0 contentIntent=Y deleteIntent=N contentTitle=29 contentText=15 originalPackageName=N tickerText=N kind=[android.system.imeswitcher]))
D/ChildProcessLauncher(29143): on connect callback, pid=22266 context=-2019677688
W/IInputConnectionWrapper(29143): getExtractedText on inactive InputConnection
W/IInputConnectionWrapper(29143): getTextBeforeCursor on inactive InputConnection
D/SamsungIME( 2941): SwiftkeyWrapper-checkCurrentSequence : use IC
D/RCPManagerService(  858): NotificationReceiver onReceive()
D/RCPManagerService(  858):  NotificationReceiver sbn.getPackageName() android sbn.getUser().getIdentifier() -1
D/RCPManagerService(  858): getPolicy: Policy checking block entered for Notifications; for user/persona = -1 ; Policy = knox-sanitize-data ; token = 4294967296858
D/RCPManagerService(  858): getPolicy: policy value returned = false
D/RCPManagerService(  858): going to get the app label for pkg == android
D/RCPManagerService(  858): app label == android
D/RCPManagerService(  858): getPolicy: Policy checking block entered for Notifications; for user/persona = -1 ; Policy = knox-export-data ; token = 4294967296858
D/RCPManagerService(  858): getPolicy: policy value returned = true
D/RCPManagerService(  858): Calling User is -1
D/RCPManagerService(  858): userid of SBN ==-1
D/ProgressBar( 1083): setProgressDrawable drawableHeight = 18
W/IInputConnectionWrapper(29143): getSelectedText on inactive InputConnection
I/LibraryLoader(22266): Time to load native libraries: 50 ms (timestamps 3025-3075)
I/LibraryLoader(22266): Expected native library version number "40.0.2214.109",actual native library version number "40.0.2214.109"
I/chromium(22266): [INFO:library_loader_hooks.cc(108)] Chromium logging enabled: level = 0, default verbosity = 0
W/IInputConnectionWrapper(29143): getTextBeforeCursor on inactive InputConnection
W/IInputConnectionWrapper(29143): getTextAfterCursor on inactive InputConnection
I/PersonaManager(22266): getPersonaService() name persona_policy
E/SamsungIME( 2941): AbstractCandidateLayout-setCandidates suggestions count : 9
D/SamsungIME( 2941): Skip dismiss ExpandCandidate. it will be post-invalidated later
W/IInputConnectionWrapper(29143): getCursorCapsMode on inactive InputConnection
D/AbsListView(29143): onVisibilityChanged() is called, visibility : 4
D/AbsListView(29143): unregisterIRListener() is called 
D/SamsungIME( 2941): onStartInputView
D/SamsungIME( 2941): scanPackageInfo - found OCR package
D/SamsungIME( 2941): set case 2 : mIsEnableOCR = true
D/SamsungIME( 2941): isRegisteredOcrSIPTextReceiver = true
I/SamsungIME( 2941): Update SetupWizard State usc : 1 pss : false
D/SamsungIME( 2941): [AbstractKeyboardView] onDetachedFromWindow.
D/SamsungIME( 2941): Magnification Enabled = false
D/SamsungIME( 2941): [AbstractKeyboardView] onDetachedFromWindow.
D/SamsungIME( 2941): Magnification Enabled = false
D/SamsungIME( 2941): Dismiss ExpandCandiate
D/SamsungIME( 2941): Dismiss ExpandCandiate
D/SamsungIME( 2941): Dismiss ExpandCandiate
I/SamsungIME( 2941): getCurrentKeyboard
I/SamsungIME( 2941): getTextKeyboard
D/SamsungIME( 2941): [SwiftkeyWrapper] currentLangauge : 1702053203
D/SamsungIME( 2941): Skip dismiss ExpandCandidate. it will be post-invalidated later
D/SamsungIME( 2941): startInputViewContinue : true true
D/SamsungIME( 2941): conditions for show dialog : true true false false
D/SamsungIME( 2941): showDlgMsgBox : true true true
D/SamsungIME( 2941): showDlgMsgBox inner condition : true true
I/SamsungIME( 2941): [IMI] startInputView - caller pid : 29143, caller uid : 10089
D/SamsungIME( 2941): onWindowHidden
D/NotificationService(  858): Sending broadcast with sbn as extra = StatusBarNotification(pkg=android user=UserHandle{-1} id=17041266 tag=null score=0: Notification(pri=0 icon=108053a contentView=android/0x109007f vibrate=null sound=null defaults=0x0 flags=0x1002 when=0 ledARGB=0x0 contentIntent=Y deleteIntent=N contentTitle=29 contentText=15 originalPackageName=N tickerText=N kind=[android.system.imeswitcher]))
D/NotificationService(  858): cancelNotificationLocked
D/NotificationService(  858):  hasClearableItems
D/NotificationService(  858): Num of hasClearableItems : 3
D/RCPManagerService(  858): NotificationReceiver onReceive()
D/RCPManagerService(  858):  NotificationReceiver sbn.getPackageName() android sbn.getUser().getIdentifier() -1
D/RCPManagerService(  858): getPolicy: Policy checking block entered for Notifications; for user/persona = -1 ; Policy = knox-sanitize-data ; token = 4294967296858
D/RCPManagerService(  858): getPolicy: policy value returned = false
D/RCPManagerService(  858): going to get the app label for pkg == android
D/RCPManagerService(  858): app label == android
D/RCPManagerService(  858): getPolicy: Policy checking block entered for Notifications; for user/persona = -1 ; Policy = knox-export-data ; token = 4294967296858
D/RCPManagerService(  858): getPolicy: policy value returned = true
D/RCPManagerService(  858): Calling User is -1
D/RCPManagerService(  858): userid of SBN ==-1
D/RCPManagerService(  858): NotificationReceiver onReceive()
D/RCPManagerService(  858):  NotificationReceiver sbn.getPackageName() android sbn.getUser().getIdentifier() -1
D/RCPManagerService(  858): getPolicy: Policy checking block entered for Notifications; for user/persona = -1 ; Policy = knox-sanitize-data ; token = 4294967296858
D/RCPManagerService(  858): getPolicy: policy value returned = false
D/RCPManagerService(  858): going to get the app label for pkg == android
D/RCPManagerService(  858): app label == android
D/RCPManagerService(  858):  NotificationReceiver ACTION_CANCEL_NOTIFICATION 
D/KeyguardUpdateMonitor( 1083): sendKeyguardVisibilityChanged(true)
D/KeyguardUpdateMonitor( 1083): sendKeyguardVisibilityChanged(true)
D/KeyguardUpdateMonitor( 1083): handleKeyguardVisibilityChanged(1)
D/KeyguardUpdateMonitor( 1083): handleKeyguardVisibilityChanged(1)
D/SamsungIME( 2941): SwiftkeyWrapper-checkCurrentSequence : use IC
D/KeyguardUpdateMonitor( 1083): sendKeyguardVisibilityChanged(true)
D/KeyguardUpdateMonitor( 1083): handleKeyguardVisibilityChanged(1)
I/SurfaceFlinger(  261): id=1079 Removed JnputMethod (11/13)
I/SurfaceFlinger(  261): id=1079 Removed JnputMethod (-2/13)
D/KeyguardUpdateMonitor( 1083): sendKeyguardVisibilityChanged(true)
D/KeyguardUpdateMonitor( 1083): handleKeyguardVisibilityChanged(1)
I/GCM     (11796): GCM message com.android.chrome 0:1423565684093984%0#0f493ae6e652c89d
W/chromium(29143): [WARNING:jni_string.cc(28)] ConvertJavaStringToUTF8 called with null string.
I/GCM     (11796): GCM message com.android.chrome 0:1423565684095915%0#0f493ae6f9fd7ecd
V/GCMBroadcastReceiver(29143): onReceive: com.google.android.c2dm.intent.RECEIVE
V/GCMBroadcastReceiver(29143): GCM IntentService class: com.google.ipc.invalidation.external.client.contrib.MultiplexingGcmListener
V/GCMBaseIntentService(29143): Acquiring wakelock
V/GCMBaseIntentService(29143): Intent service name: GCMIntentService-DynamicSenderIds-4
V/GCMBaseIntentService(29143): Releasing wakelock
V/GCMBroadcastReceiver(29143): onReceive: com.google.android.c2dm.intent.RECEIVE
V/GCMBroadcastReceiver(29143): GCM IntentService class: com.google.ipc.invalidation.external.client.contrib.MultiplexingGcmListener
V/GCMBaseIntentService(29143): Acquiring wakelock
D/InvalidationClientService(29143): Request sync: Account {name=alexvales111@gmail.com, type=com.google} / com.android.chrome / android.util.MapCollections$KeySet@9ece235a
V/GCMBaseIntentService(29143): Intent service name: GCMIntentService-DynamicSenderIds-5
V/GCMBaseIntentService(29143): Releasing wakelock
D/InvalidationClientService(29143): Request sync: Account {name=alexvales111@gmail.com, type=com.google} / com.android.chrome / android.util.MapCollections$KeySet@9ece235a
D/InvalidationClientService(29143): Request sync: Account {name=alexvales111@gmail.com, type=com.google} / com.android.chrome / android.util.MapCollections$KeySet@9ece235a
D/InvalidationClientService(29143): Request sync: Account {name=alexvales111@gmail.com, type=com.google} / com.android.chrome / android.util.MapCollections$KeySet@9ece235a
D/InvalidationClientService(29143): Request sync: Account {name=alexvales111@gmail.com, type=com.google} / com.android.chrome / android.util.MapCollections$KeySet@9ece235a
D/DelayedSyncController(29143): Handling delayed sync.
D/InvalidationClientService(29143): Request sync: Account {name=alexvales111@gmail.com, type=com.google} / com.android.chrome / android.util.MapCollections$KeySet@9ece235a
D/InvalidationClientService(29143): Registration status for Oid: <1004, FAVICON_TRACKING>: REGISTERED
D/KeyguardUpdateMonitor( 1083): sendKeyguardVisibilityChanged(true)
D/KeyguardUpdateMonitor( 1083): handleKeyguardVisibilityChanged(1)
D/InvalidationClientService(29143): Registration status for Oid: <1004, EXPERIMENTS>: REGISTERED
D/InvalidationClientService(29143): Registration status for Oid: <1004, TYPED_URL>: REGISTERED
D/InvalidationClientService(29143): Registration status for Oid: <1004, MANAGED_USER_SETTING>: REGISTERED
D/InvalidationClientService(29143): Registration status for Oid: <1004, HISTORY_DELETE_DIRECTIVE>: REGISTERED
D/InvalidationClientService(29143): Registration status for Oid: <1004, DEVICE_INFO>: REGISTERED
D/InvalidationClientService(29143): Registration status for Oid: <1004, AUTOFILL>: REGISTERED
D/dalvikvm(29143): GC_CONCURRENT freed 1966K, 29% free 17484K/24364K, paused 1ms+8ms, total 54ms
D/InvalidationClientService(29143): Registration status for Oid: <1004, AUTOFILL_PROFILE>: REGISTERED
D/InvalidationClientService(29143): Registration status for Oid: <1004, SESSION>: REGISTERED
D/InvalidationClientService(29143): Registration status for Oid: <1004, PASSWORD>: REGISTERED
V/ChromiumSyncAdapter(29143): Received sync tickle for 1004 TYPED_URL.
D/InvalidationClientService(29143): Registration status for Oid: <1004, NIGORI>: REGISTERED
D/InvalidationClientService(29143): Registration status for Oid: <1004, FAVICON_IMAGE>: REGISTERED
D/InvalidationClientService(29143): Registration status for Oid: <1004, BOOKMARK>: REGISTERED
V/ChromiumSyncAdapter(29143): Received sync tickle for 1004 FAVICON_TRACKING.
D/ChildProcessLauncher(29143): stopping child connection: pid=22166
D/ChildProcessLauncher(29143): Allocator freed a connection, sandbox: true, slot: 0
V/ChromiumSyncAdapter(29143): Received sync tickle for 1004 FAVICON_IMAGE.
V/ChromiumSyncAdapter(29143): Received sync tickle for 1004 SESSION.
V/ChromiumSyncAdapter(29143): Received sync tickle for 1004 AUTOFILL.
V/ChromiumSyncAdapter(29143): Received sync tickle for all types.
V/ChromiumSyncAdapter(29143): Received sync tickle for 1004 AUTOFILL.
I/SELinux (22326): Function: selinux_android_load_priority [0], There is no sepolicy file.
I/SELinux (22326):  
I/SELinux (22326): Function: selinux_android_load_priority , spota verifySig and checkHash pass. priority version is VE=SEPF_SM-G900F_4.4.2_0038
I/SELinux (22326):  
I/SELinux (22326):  
D/GoogleServicesManager(29143): setState: sync = true, wantedSyncState = true
E/dalvikvm(22326): >>>>> Normal User
E/dalvikvm(22326): >>>>> com.android.providers.partnerbookmarks [ userId:0 | appId:10140 ]
D/GoogleServicesManager(29143): Enabling sync
D/DelegatedPKCS11Manager(29143): initialize
D/TimaKeyStoreProvider(22326): in addTimaSignatureService
D/ChromeSigninController(29143): Already registered with GCM
D/TimaKeyStoreProvider(22326): Cannot add TimaSignature Service, License check Failed
D/ActivityThread(22326): Added TimaKesytore provider
E/NFC     (29143): isAndroidBeamAllowed - Begin
I/MinidumpUploadService(29143): Attempting to upload accumulated crash dumps.
D/dalvikvm(11796): GC_CONCURRENT freed 2142K, 38% free 13502K/21652K, paused 3ms+9ms, total 118ms
I/GLSUser (11796): [GLSUser]  extracting token using key:Auth
W/GLSUser (11796): [GLSUser] [GLSUser]  Permission for com.android.chrome to access oauth2:https://www.googleapis.com/auth/userinfo.email https://www.googleapis.com/auth/userinfo.profile will be managed locally.
I/SELinux (22350): Function: selinux_android_load_priority [0], There is no sepolicy file.
I/SELinux (22350):  
I/SELinux (22350): Function: selinux_android_load_priority , spota verifySig and checkHash pass. priority version is VE=SEPF_SM-G900F_4.4.2_0038
I/SELinux (22350):  
I/SELinux (22350):  
E/dalvikvm(22350): >>>>> Normal User
E/dalvikvm(22350): >>>>> com.google.android.partnersetup [ userId:0 | appId:10016 ]
D/TimaKeyStoreProvider(22350): in addTimaSignatureService
D/TimaKeyStoreProvider(22350): Cannot add TimaSignature Service, License check Failed
D/ActivityThread(22350): Added TimaKesytore provider
D/ChildProcessLauncher(29143): Allocator allocated a connection, sandbox: true, slot: 2
I/GLSUser (11796): [GLSUser]  extracting token using key:Auth
W/GLSUser (11796): [GLSUser] [GLSUser]  Permission for com.android.chrome to access oauth2:https://www.googleapis.com/auth/cloudprint will be managed locally.
I/SELinux (22366): Function: selinux_android_load_priority [0], There is no sepolicy file.
I/SELinux (22366):  
D/ChildProcessLauncher(29143): Setting up connection to process: slot=2
I/SELinux (22366): Function: selinux_android_load_priority , spota verifySig and checkHash pass. priority version is VE=SEPF_SM-G900F_4.4.2_0038
I/SELinux (22366):  
I/SELinux (22366):  
E/dalvikvm(22366): >>>>> Normal User
E/dalvikvm(22366): >>>>> com.android.chrome:sandboxed_process2 [ userId:0 | appId:99012 ]
D/TimaKeyStoreProvider(22366): in addTimaSignatureService
D/TimaKeyStoreProvider(22366): Cannot add TimaSignature Service, License check Failed
D/ActivityThread(22366): Added TimaKesytore provider
I/ChildProcessService(22366): Creating new ChildProcessService pid=22366
D/dalvikvm(22366): Trying to load lib /data/app-lib/com.android.chrome-10/libchromium_android_linker.so 0x424cbc28
D/dalvikvm(22366): Added shared lib /data/app-lib/com.android.chrome-10/libchromium_android_linker.so 0x424cbc28
D/ChildProcessLauncher(29143): on connect callback, pid=22366 context=-2132325632
W/LibraryLoader(22366): Suppressed load from APK support check on this device
I/LibraryLoader(22366): Loading chrome.2214.109
I/LibraryLoader(22366): Time to load native libraries: 43 ms (timestamps 5266-5309)
I/LibraryLoader(22366): Expected native library version number "40.0.2214.109",actual native library version number "40.0.2214.109"
I/chromium(22366): [INFO:library_loader_hooks.cc(108)] Chromium logging enabled: level = 0, default verbosity = 0
I/PersonaManager(22366): getPersonaService() name persona_policy
I/chromium(22366): [INFO:child_process_service.cc(181)] ChildProcessService: Exiting child process.
W/ChildProcessConnection(29143): onServiceDisconnected (crash or killed by oom): pid=22366
D/EnterpriseDeviceManager(  858): ContainerId: 0
D/dalvikvm(  858): GC_EXPLICIT freed 3777K, 28% free 62711K/86208K, paused 11ms+13ms, total 224ms
D/ChildProcessLauncher(29143): stopping child connection: pid=22366
D/ChildProcessLauncher(29143): Allocator freed a connection, sandbox: true, slot: 2
I/chromium(29143): [INFO:CONSOLE(9848)] "Attributes on paper-item were data bound prior to Polymer upgrading the element. This may result in incorrect binding types.", source: http://172.16.100.123:9005/bower_components/polymer/polymer.js (9848)
I/chromium(29143): [INFO:CONSOLE(9848)] "Attributes on app-login were data bound prior to Polymer upgrading the element. This may result in incorrect binding types.", source: http://172.16.100.123:9005/bower_components/polymer/polymer.js (9848)
W/EventLoggerService( 1541): Unable to send logs Error code: 327697 | stream was reset: CANCEL
D/com.samsung.groupcast.core.ble.BLEScannerV2( 5030): mExpireHandler
D/BtGatt.btif( 1475): btif_gattc_upstreams_evt: Event 4096
D/BtGatt.GattService( 1475): onScanResult() - address=46:A8:86:0F:B5:6C, rssi=-91
D/BtGatt.ContextMap( 1475): sendScanResult for app id 5 is server : 0
D/BluetoothAdapter( 4439): onScanResult() - Device=46:A8:86:0F:B5:6C RSSI=-91
W/QuickConnect[1.2.1882032][4] ( 4439): BleHelper.getSConnectDataFromBLE - can not resolve length info
D/KeyguardUpdateMonitor( 1083): received broadcast android.intent.action.BATTERY_CHANGED
D/KeyguardUpdateMonitor( 1083): handleBatteryUpdate
D/skia    ( 1083): GFXPNG PNG bitmap created width:54 height:54 bitmap id is 171181 
D/BtGatt.btif( 1475): btif_gattc_upstreams_evt: Event 4096
D/BtGatt.GattService( 1475): onScanResult() - address=46:A8:86:0F:B5:6C, rssi=-93
D/BtGatt.ContextMap( 1475): sendScanResult for app id 5 is server : 0
D/BluetoothAdapter( 4439): onScanResult() - Device=46:A8:86:0F:B5:6C RSSI=-93
W/QuickConnect[1.2.1882032][4] ( 4439): BleHelper.getSConnectDataFromBLE - can not resolve length info
D/SHealthUpgrade(SHealthUpgradeUtil)( 8667): isShealthServiceInstalled() : HealthService is Installed.
D/SHealthUpgrade(SHealthUpgradeUtil)( 8667): isShealthService2xInstalled() : HEALTH SERVICE is INSTALLED.
D/SHealthUpgrade(SHealthUpgradeUtil)( 8667): isShealthService2xInstalled() : HEALTH SERVICE VERSION = 2.x
D/BtGatt.btif( 1475): btif_gattc_upstreams_evt: Event 4096
D/BtGatt.GattService( 1475): onScanResult() - address=46:A8:86:0F:B5:6C, rssi=-92
D/BtGatt.ContextMap( 1475): sendScanResult for app id 5 is server : 0
D/BluetoothAdapter( 4439): onScanResult() - Device=46:A8:86:0F:B5:6C RSSI=-92
W/QuickConnect[1.2.1882032][4] ( 4439): BleHelper.getSConnectDataFromBLE - can not resolve length info
D/Sensorhubs(  273): readContextData: 1, 1, 26, 2, 2, 87, 95, -45, 4, 1
D/SensorHubManager(  858): onGetSensorHubDataLocked: library = 1, 1, 26, 2, 2, 87, 95, -45, 4, 1
D/CAE     (  858): onGetSensorHubData(SensorHubParserProvider.java:85) - onGetSensorHubData Event [event buffer len :10], AP_WAKEUP
I/CAE     (  858): parse(SensorHubParserProvider.java:164) - buffer size = 10
I/CAE     (  858): parse(SensorHubParserProvider.java:175) - 1, 1, 26, 2, 2, 87, 95, -45, 4, 1,
D/CAE     (  858): display(ContextProvider.java:363) - ================= ACTIVITY_TRACKER_INTERRUPT =================
I/CAE     (  858): display(ContextProvider.java:379) - Accuracy=[1], OperationMode=[1], ActivityType=[4], TimeStamp=[1423565679997]
D/SContextService(  858): updateSContext() : event = Activity Notification
D/com.samsung.groupcast.core.ble.BLEScannerV2( 5030): mExpireHandler
D/com.samsung.groupcast.core.ble.BLEScannerV2( 5030): mExpireHandler
I/Icing   (10185): Indexing 87B9D74B4F66A38DF5EAE134DE2FC046B49A9334 from com.android.chrome
I/Icing   (10185): Not enough disk space for indexing trimmable
D/dalvikvm(29143): GC_CONCURRENT freed 1715K, 28% free 17710K/24364K, paused 8ms+4ms, total 45ms
I/Icing   (10185): Not enough disk space for indexing trimmable
I/Icing   (10185): Indexing done 87B9D74B4F66A38DF5EAE134DE2FC046B49A9334
D/dalvikvm(10185): GC_EXPLICIT freed 1449K, 37% free 13725K/21652K, paused 20ms+5ms, total 122ms
I/Icing   (10185): Usage reports 10 indexed 0 rejected 0 imm upload false
D/KeyguardUpdateMonitor( 1083): received broadcast android.intent.action.TIME_TICK
D/KeyguardUpdateMonitor( 1083): handleTimeUpdate
I/GFX_Indexed palette(28405): width:21 height:105
I/GFX_Indexed palette(28405): width:63 height:105
I/GFX_Indexed palette(28405): width:63 height:105
I/GFX_Indexed palette(28405): width:63 height:105
I/GFX_Indexed palette(28405): width:63 height:105
D/BtGatt.btif( 1475): btif_gattc_upstreams_evt: Event 4096
D/BtGatt.GattService( 1475): onScanResult() - address=46:A8:86:0F:B5:6C, rssi=-95
D/BtGatt.ContextMap( 1475): sendScanResult for app id 5 is server : 0
D/BluetoothAdapter( 4439): onScanResult() - Device=46:A8:86:0F:B5:6C RSSI=-95
W/QuickConnect[1.2.1882032][4] ( 4439): BleHelper.getSConnectDataFromBLE - can not resolve length info
D/com.samsung.groupcast.core.ble.BLEScannerV2( 5030): mExpireHandler
D/KeyguardUpdateMonitor( 1083): received broadcast android.intent.action.BATTERY_CHANGED
D/KeyguardUpdateMonitor( 1083): handleBatteryUpdate
D/BtGatt.btif( 1475): btif_gattc_upstreams_evt: Event 4096
D/BtGatt.GattService( 1475): onScanResult() - address=46:A8:86:0F:B5:6C, rssi=-96
D/BtGatt.ContextMap( 1475): sendScanResult for app id 5 is server : 0
D/BluetoothAdapter( 4439): onScanResult() - Device=46:A8:86:0F:B5:6C RSSI=-96
W/QuickConnect[1.2.1882032][4] ( 4439): BleHelper.getSConnectDataFromBLE - can not resolve length info
D/SHealthUpgrade(SHealthUpgradeUtil)( 8667): isShealthServiceInstalled() : HealthService is Installed.
D/SHealthUpgrade(SHealthUpgradeUtil)( 8667): isShealthService2xInstalled() : HEALTH SERVICE is INSTALLED.
D/SHealthUpgrade(SHealthUpgradeUtil)( 8667): isShealthService2xInstalled() : HEALTH SERVICE VERSION = 2.x
D/com.samsung.groupcast.core.ble.BLEScannerV2( 5030): mExpireHandler
D/com.samsung.groupcast.core.ble.BLEScannerV2( 5030): mExpireHandler
D/BtGatt.btif( 1475): btif_gattc_upstreams_evt: Event 4096
D/BtGatt.GattService( 1475): onScanResult() - address=46:A8:86:0F:B5:6C, rssi=-100
D/BtGatt.ContextMap( 1475): sendScanResult for app id 5 is server : 0
D/BluetoothAdapter( 4439): onScanResult() - Device=46:A8:86:0F:B5:6C RSSI=-100
W/QuickConnect[1.2.1882032][4] ( 4439): BleHelper.getSConnectDataFromBLE - can not resolve length info
D/BtGatt.btif( 1475): btif_gattc_upstreams_evt: Event 4096
D/BtGatt.GattService( 1475): onScanResult() - address=46:A8:86:0F:B5:6C, rssi=-90
D/BtGatt.ContextMap( 1475): sendScanResult for app id 5 is server : 0
D/BluetoothAdapter( 4439): onScanResult() - Device=46:A8:86:0F:B5:6C RSSI=-90
W/QuickConnect[1.2.1882032][4] ( 4439): BleHelper.getSConnectDataFromBLE - can not resolve length info
D/BtGatt.btif( 1475): btif_gattc_upstreams_evt: Event 4096
D/BtGatt.GattService( 1475): onScanResult() - address=46:A8:86:0F:B5:6C, rssi=-96
D/BtGatt.ContextMap( 1475): sendScanResult for app id 5 is server : 0
D/BluetoothAdapter( 4439): onScanResult() - Device=46:A8:86:0F:B5:6C RSSI=-96
W/QuickConnect[1.2.1882032][4] ( 4439): BleHelper.getSConnectDataFromBLE - can not resolve length info
D/com.samsung.groupcast.core.ble.BLEScannerV2( 5030): mExpireHandler
D/KeyguardUpdateMonitor( 1083): received broadcast android.intent.action.BATTERY_CHANGED
D/KeyguardUpdateMonitor( 1083): handleBatteryUpdate
D/BtGatt.btif( 1475): btif_gattc_upstreams_evt: Event 4096
D/BtGatt.GattService( 1475): onScanResult() - address=46:A8:86:0F:B5:6C, rssi=-90
D/BtGatt.ContextMap( 1475): sendScanResult for app id 5 is server : 0
D/BluetoothAdapter( 4439): onScanResult() - Device=46:A8:86:0F:B5:6C RSSI=-90
W/QuickConnect[1.2.1882032][4] ( 4439): BleHelper.getSConnectDataFromBLE - can not resolve length info
D/BtGatt.btif( 1475): btif_gattc_upstreams_evt: Event 4096
D/BtGatt.GattService( 1475): onScanResult() - address=46:A8:86:0F:B5:6C, rssi=-91
D/BtGatt.ContextMap( 1475): sendScanResult for app id 5 is server : 0
D/BluetoothAdapter( 4439): onScanResult() - Device=46:A8:86:0F:B5:6C RSSI=-91
W/QuickConnect[1.2.1882032][4] ( 4439): BleHelper.getSConnectDataFromBLE - can not resolve length info
D/SHealthUpgrade(SHealthUpgradeUtil)( 8667): isShealthServiceInstalled() : HealthService is Installed.
D/SHealthUpgrade(SHealthUpgradeUtil)( 8667): isShealthService2xInstalled() : HEALTH SERVICE is INSTALLED.
D/SHealthUpgrade(SHealthUpgradeUtil)( 8667): isShealthService2xInstalled() : HEALTH SERVICE VERSION = 2.x
D/BtGatt.btif( 1475): btif_gattc_upstreams_evt: Event 4096
D/BtGatt.GattService( 1475): onScanResult() - address=46:A8:86:0F:B5:6C, rssi=-92
D/BtGatt.ContextMap( 1475): sendScanResult for app id 5 is server : 0
D/BluetoothAdapter( 4439): onScanResult() - Device=46:A8:86:0F:B5:6C RSSI=-92
W/QuickConnect[1.2.1882032][4] ( 4439): BleHelper.getSConnectDataFromBLE - can not resolve length info
D/com.samsung.groupcast.core.ble.BLEScannerV2( 5030): mExpireHandler
D/BtGatt.btif( 1475): btif_gattc_upstreams_evt: Event 4096
D/BtGatt.GattService( 1475): onScanResult() - address=46:A8:86:0F:B5:6C, rssi=-92
D/BtGatt.ContextMap( 1475): sendScanResult for app id 5 is server : 0
D/BluetoothAdapter( 4439): onScanResult() - Device=46:A8:86:0F:B5:6C RSSI=-92
W/QuickConnect[1.2.1882032][4] ( 4439): BleHelper.getSConnectDataFromBLE - can not resolve length info
D/BtGatt.btif( 1475): btif_gattc_upstreams_evt: Event 4096
D/BtGatt.GattService( 1475): onScanResult() - address=46:A8:86:0F:B5:6C, rssi=-91
D/BtGatt.ContextMap( 1475): sendScanResult for app id 5 is server : 0
D/BluetoothAdapter( 4439): onScanResult() - Device=46:A8:86:0F:B5:6C RSSI=-91
W/QuickConnect[1.2.1882032][4] ( 4439): BleHelper.getSConnectDataFromBLE - can not resolve length info
D/BtGatt.btif( 1475): btif_gattc_upstreams_evt: Event 4096
D/BtGatt.GattService( 1475): onScanResult() - address=46:A8:86:0F:B5:6C, rssi=-95
D/BtGatt.ContextMap( 1475): sendScanResult for app id 5 is server : 0
D/BluetoothAdapter( 4439): onScanResult() - Device=46:A8:86:0F:B5:6C RSSI=-95
W/QuickConnect[1.2.1882032][4] ( 4439): BleHelper.getSConnectDataFromBLE - can not resolve length info
D/BtGatt.btif( 1475): btif_gattc_upstreams_evt: Event 4096
D/BtGatt.GattService( 1475): onScanResult() - address=46:A8:86:0F:B5:6C, rssi=-92
D/BtGatt.ContextMap( 1475): sendScanResult for app id 5 is server : 0
D/BluetoothAdapter( 4439): onScanResult() - Device=46:A8:86:0F:B5:6C RSSI=-92
W/QuickConnect[1.2.1882032][4] ( 4439): BleHelper.getSConnectDataFromBLE - can not resolve length info
D/com.samsung.groupcast.core.ble.BLEScannerV2( 5030): mExpireHandler
I/GCM     (11796): GCM message com.android.chrome 0:1423565771469432%0#0f493ae6e652c89d
V/GCMBroadcastReceiver(29143): onReceive: com.google.android.c2dm.intent.RECEIVE
V/GCMBroadcastReceiver(29143): GCM IntentService class: com.google.ipc.invalidation.external.client.contrib.MultiplexingGcmListener
V/GCMBaseIntentService(29143): Acquiring wakelock
V/GCMBaseIntentService(29143): Intent service name: GCMIntentService-DynamicSenderIds-6
V/GCMBaseIntentService(29143): Releasing wakelock
D/InvalidationClientService(29143): Request sync: Account {name=alexvales111@gmail.com, type=com.google} / com.android.chrome / android.util.MapCollections$KeySet@9ece235a
V/ChromiumSyncAdapter(29143): Received sync tickle for 1004 SESSION.
D/KeyguardUpdateMonitor( 1083): received broadcast android.intent.action.TIME_TICK
D/KeyguardUpdateMonitor( 1083): handleTimeUpdate
I/GFX_Indexed palette(28405): width:21 height:105
I/GFX_Indexed palette(28405): width:63 height:105
I/GFX_Indexed palette(28405): width:63 height:105
I/GFX_Indexed palette(28405): width:63 height:105
I/GFX_Indexed palette(28405): width:63 height:105
D/com.samsung.groupcast.core.ble.BLEScannerV2( 5030): mExpireHandler
D/BtGatt.btif( 1475): btif_gattc_upstreams_evt: Event 4096
D/BtGatt.GattService( 1475): onScanResult() - address=46:A8:86:0F:B5:6C, rssi=-92
D/BtGatt.ContextMap( 1475): sendScanResult for app id 5 is server : 0
D/BluetoothAdapter( 4439): onScanResult() - Device=46:A8:86:0F:B5:6C RSSI=-92
W/QuickConnect[1.2.1882032][4] ( 4439): BleHelper.getSConnectDataFromBLE - can not resolve length info
D/KeyguardUpdateMonitor( 1083): received broadcast android.intent.action.BATTERY_CHANGED
D/KeyguardUpdateMonitor( 1083): handleBatteryUpdate
I/GCM     (11796): GCM message com.android.chrome 0:1423565783579288%0#0f493ae6e652c89d
V/GCMBroadcastReceiver(29143): onReceive: com.google.android.c2dm.intent.RECEIVE
V/GCMBroadcastReceiver(29143): GCM IntentService class: com.google.ipc.invalidation.external.client.contrib.MultiplexingGcmListener
V/GCMBaseIntentService(29143): Acquiring wakelock
V/GCMBaseIntentService(29143): Intent service name: GCMIntentService-DynamicSenderIds-7
V/GCMBaseIntentService(29143): Releasing wakelock
D/InvalidationClientService(29143): Request sync: Account {name=alexvales111@gmail.com, type=com.google} / com.android.chrome / android.util.MapCollections$KeySet@9ece235a
V/ChromiumSyncAdapter(29143): Received sync tickle for 1004 SESSION.
D/InputReader(  858): Input event: value=1
I/InputReader(  858): Touch event's action is 0x0 (deviceType=0) [pCnt=1, s=0.6116 ] when=34423714028000
I/InputDispatcher(  858): Delivering touch to: action: 0x4, toolType: 1
I/InputDispatcher(  858): Delivering touch to: action: 0x0, toolType: 1
D/InputReader(  858): Input event: value=0
I/InputReader(  858): Touch event's action is 0x1 (deviceType=0) [pCnt=1, s=] when=34423786097000
I/InputDispatcher(  858): Delivering touch to: action: 0x1, toolType: 1
D/dalvikvm( 1487): GC_CONCURRENT freed 1986K, 42% free 12738K/21652K, paused 37ms+4ms, total 116ms
D/InputReader(  858): Input event: value=1
I/InputReader(  858): Touch event's action is 0x0 (deviceType=0) [pCnt=1, s=0.6117 ] when=34424892960000
I/InputDispatcher(  858): Delivering touch to: action: 0x4, toolType: 1
I/InputDispatcher(  858): Delivering touch to: action: 0x0, toolType: 1
D/InputReader(  858): Input event: value=0
I/InputReader(  858): Touch event's action is 0x1 (deviceType=0) [pCnt=1, s=] when=34424980237000
I/InputDispatcher(  858): Delivering touch to: action: 0x1, toolType: 1
D/KeyguardUpdateMonitor( 1083): sendKeyguardVisibilityChanged(true)
D/KeyguardUpdateMonitor( 1083): handleKeyguardVisibilityChanged(1)
D/SamsungIME( 2941): onStartInputView
D/SamsungIME( 2941): scanPackageInfo - found OCR package
D/SamsungIME( 2941): set case 2 : mIsEnableOCR = true
D/SamsungIME( 2941): isRegisteredOcrSIPTextReceiver = true
I/SamsungIME( 2941): Update SetupWizard State usc : 1 pss : false
D/SamsungIME( 2941): [AbstractKeyboardView] onDetachedFromWindow.
D/SamsungIME( 2941): Magnification Enabled = false
D/SamsungIME( 2941): [AbstractKeyboardView] onDetachedFromWindow.
D/SamsungIME( 2941): Magnification Enabled = false
D/SamsungIME( 2941): Dismiss ExpandCandiate
D/SamsungIME( 2941): Dismiss ExpandCandiate
D/SamsungIME( 2941): Dismiss ExpandCandiate
I/SamsungIME( 2941): getCurrentKeyboard
I/SamsungIME( 2941): getTextKeyboard
D/SamsungIME( 2941): [SwiftkeyWrapper] currentLangauge : 1702053203
D/SamsungIME( 2941): Skip dismiss ExpandCandidate. it will be post-invalidated later
D/SamsungIME( 2941): startInputViewContinue : true true
D/SamsungIME( 2941): conditions for show dialog : true true false false
D/SamsungIME( 2941): showDlgMsgBox : true true true
D/SamsungIME( 2941): showDlgMsgBox inner condition : true true
I/SamsungIME( 2941): [IMI] startInputView - caller pid : 29143, caller uid : 10089
D/SamsungIME( 2941): onWindowShown
D/NotificationService(  858): Sending broadcast with sbn as extra = StatusBarNotification(pkg=android user=UserHandle{-1} id=17041266 tag=null score=0: Notification(pri=0 icon=108053a contentView=android/0x109007f vibrate=null sound=null defaults=0x0 flags=0x1002 when=0 ledARGB=0x0 contentIntent=Y deleteIntent=N contentTitle=29 contentText=15 originalPackageName=N tickerText=N kind=[android.system.imeswitcher]))
I/SurfaceFlinger(  261): id=1080 createSurf (1080x1137),1 flag=4, JnputMethod
D/RCPManagerService(  858): NotificationReceiver onReceive()
D/RCPManagerService(  858):  NotificationReceiver sbn.getPackageName() android sbn.getUser().getIdentifier() -1
D/RCPManagerService(  858): getPolicy: Policy checking block entered for Notifications; for user/persona = -1 ; Policy = knox-sanitize-data ; token = 4294967296858
D/RCPManagerService(  858): getPolicy: policy value returned = false
D/RCPManagerService(  858): going to get the app label for pkg == android
D/RCPManagerService(  858): app label == android
D/RCPManagerService(  858): getPolicy: Policy checking block entered for Notifications; for user/persona = -1 ; Policy = knox-export-data ; token = 4294967296858
D/RCPManagerService(  858): getPolicy: policy value returned = true
D/RCPManagerService(  858): Calling User is -1
D/RCPManagerService(  858): userid of SBN ==-1
D/KeyguardUpdateMonitor( 1083): sendKeyguardVisibilityChanged(true)
D/KeyguardUpdateMonitor( 1083): sendKeyguardVisibilityChanged(true)
D/ProgressBar( 1083): setProgressDrawable drawableHeight = 18
D/KeyguardUpdateMonitor( 1083): sendKeyguardVisibilityChanged(true)
D/KeyguardUpdateMonitor( 1083): handleKeyguardVisibilityChanged(1)
D/KeyguardUpdateMonitor( 1083): handleKeyguardVisibilityChanged(1)
D/KeyguardUpdateMonitor( 1083): handleKeyguardVisibilityChanged(1)
D/dalvikvm( 2941): GC_FOR_ALLOC freed 4641K, 38% free 15805K/25324K, paused 41ms, total 43ms
I/SamsungIME( 2941): drawAllKey
D/skia    ( 2941): GFXPNG PNG bitmap created width:60 height:75 bitmap id is 5318 
D/skia    (29143): GFXPNG PNG bitmap created width:141 height:174 bitmap id is 239 
D/skia    (29143): GFXPNG PNG bitmap created width:141 height:174 bitmap id is 240 
D/skia    (29143): GFXPNG PNG bitmap created width:141 height:174 bitmap id is 241 
I/chromium(29143): [INFO:CONSOLE(22)] "Cliente conectado!", source: http://172.16.100.123:9005/ (22)
D/skia    ( 2941): GFXPNG PNG bitmap created width:128 height:112 bitmap id is 5319 
D/skia    ( 2941): GFXPNG PNG bitmap created width:128 height:112 bitmap id is 5320 
D/SamsungIME( 2941): scanPackageInfo - found OCR package
D/SamsungIME( 2941): set case 2 : mIsEnableOCR = true
D/SamsungIME( 2941): isRegisteredOcrSIPTextReceiver = true
D/SamsungIME( 2941): scanPackageInfo - found OCR package
D/SamsungIME( 2941): set case 2 : mIsEnableOCR = true
D/SamsungIME( 2941): isRegisteredOcrSIPTextReceiver = true
D/SamsungIME( 2941): scanPackageInfo - found OCR package
D/SamsungIME( 2941): set case 2 : mIsEnableOCR = true
D/SamsungIME( 2941): isRegisteredOcrSIPTextReceiver = true
D/skia    ( 2941): GFXPNG PNG bitmap created width:89 height:112 bitmap id is 5321 
D/skia    ( 2941): GFXPNG PNG bitmap created width:89 height:112 bitmap id is 5322 
D/SamsungIME( 2941): scanPackageInfo - found OCR package
D/SamsungIME( 2941): set case 2 : mIsEnableOCR = true
D/SamsungIME( 2941): isRegisteredOcrSIPTextReceiver = true
D/SamsungIME( 2941): scanPackageInfo - found OCR package
D/SamsungIME( 2941): set case 2 : mIsEnableOCR = true
D/SamsungIME( 2941): isRegisteredOcrSIPTextReceiver = true
D/SamsungIME( 2941): scanPackageInfo - found OCR package
D/SamsungIME( 2941): set case 2 : mIsEnableOCR = true
D/SamsungIME( 2941): isRegisteredOcrSIPTextReceiver = true
D/SamsungIME( 2941): scanPackageInfo - found OCR package
D/SamsungIME( 2941): set case 2 : mIsEnableOCR = true
D/SamsungIME( 2941): isRegisteredOcrSIPTextReceiver = true
D/SamsungIME( 2941): scanPackageInfo - found OCR package
D/SamsungIME( 2941): set case 2 : mIsEnableOCR = true
D/SamsungIME( 2941): isRegisteredOcrSIPTextReceiver = true
D/skia    ( 2941): GFXPNG PNG bitmap created width:495 height:112 bitmap id is 5323 
D/skia    ( 2941): GFXPNG PNG bitmap created width:495 height:112 bitmap id is 5324 
D/dalvikvm(29143): GC_FOR_ALLOC freed 1864K, 28% free 17723K/24364K, paused 26ms, total 27ms
D/KeyguardUpdateMonitor( 1083): sendKeyguardVisibilityChanged(true)
D/KeyguardUpdateMonitor( 1083): handleKeyguardVisibilityChanged(1)
D/KeyguardUpdateMonitor( 1083): sendKeyguardVisibilityChanged(true)
D/KeyguardUpdateMonitor( 1083): handleKeyguardVisibilityChanged(1)
D/skia    (29143): GFXPNG PNG bitmap created width:156 height:304 bitmap id is 242 
