D/SamsungIME( 2941): SwiftkeyWrapper-checkCurrentSequence : use IC
E/SamsungIME( 2941): AbstractCandidateLayout-setCandidates suggestions count : 9
D/SamsungIME( 2941): Skip dismiss ExpandCandidate. it will be post-invalidated later
D/SamsungIME( 2941): SwiftKey guide popup condition 1 : true true
I/SamsungIME( 2941): Update SetupWizard State usc : 1 pss : false
E/SamsungIME( 2941): SwiftKey guide popup condition 2 : true true true true true false true true true true
D/KeyguardUpdateMonitor( 1083): sendKeyguardVisibilityChanged(true)
D/KeyguardUpdateMonitor( 1083): handleKeyguardVisibilityChanged(1)
D/InputReader(  858): Input event: value=1
I/InputReader(  858): Touch event's action is 0x0 (deviceType=0) [pCnt=1, s=0.6118 ] when=34426498142000
I/InputDispatcher(  858): Delivering touch to: action: 0x4, toolType: 1
I/InputDispatcher(  858): Delivering touch to: action: 0x0, toolType: 1
V/Vibrator( 2941): vibrateImmVibe - PUID: 1000, PackageName: com.sec.android.inputmethod, pattern, magType: TouchMagnitude
D/InputReader(  858): Input event: value=0
I/InputReader(  858): Touch event's action is 0x1 (deviceType=0) [pCnt=1, s=] when=34426553996000
I/InputDispatcher(  858): Delivering touch to: action: 0x1, toolType: 1
D/skia    ( 2941): GFXPNG PNG bitmap created width:128 height:112 bitmap id is 5327 
D/InputReader(  858): Input event: value=1
I/InputReader(  858): Touch event's action is 0x0 (deviceType=0) [pCnt=1, s=0.6119 ] when=34426821209000
I/InputDispatcher(  858): Delivering touch to: action: 0x4, toolType: 1
I/InputDispatcher(  858): Delivering touch to: action: 0x0, toolType: 1
V/Vibrator( 2941): vibrateImmVibe - PUID: 1000, PackageName: com.sec.android.inputmethod, pattern, magType: TouchMagnitude
D/InputReader(  858): Input event: value=0
I/InputReader(  858): Touch event's action is 0x1 (deviceType=0) [pCnt=1, s=] when=34426878585000
I/InputDispatcher(  858): Delivering touch to: action: 0x1, toolType: 1
E/SamsungIME( 2941): SwiftkeyWrapper-inputKey
D/skia    (29143): GFXPNG PNG bitmap created width:30 height:28 bitmap id is 245 
D/skia    (29143): GFXPNG PNG bitmap created width:30 height:28 bitmap id is 246 
D/AbsListView(29143): Get MotionRecognitionManager
D/AbsListView(29143): unregisterIRListener() is called 
I/SurfaceFlinger(  261): id=1081 createSurf (1x1),1 flag=4, QopupWindow
D/KeyguardUpdateMonitor( 1083): sendKeyguardVisibilityChanged(true)
D/KeyguardUpdateMonitor( 1083): handleKeyguardVisibilityChanged(1)
D/KeyguardUpdateMonitor( 1083): sendKeyguardVisibilityChanged(true)
D/KeyguardUpdateMonitor( 1083): sendKeyguardVisibilityChanged(true)
D/AbsListView(29143): unregisterIRListener() is called 
D/AbsListView(29143): unregisterIRListener() is called 
D/KeyguardUpdateMonitor( 1083): handleKeyguardVisibilityChanged(1)
D/KeyguardUpdateMonitor( 1083): handleKeyguardVisibilityChanged(1)
D/KeyguardUpdateMonitor( 1083): sendKeyguardVisibilityChanged(true)
D/KeyguardUpdateMonitor( 1083): handleKeyguardVisibilityChanged(1)
D/AbsListView(29143): unregisterIRListener() is called 
D/KeyguardUpdateMonitor( 1083): sendKeyguardVisibilityChanged(true)
D/KeyguardUpdateMonitor( 1083): handleKeyguardVisibilityChanged(1)
E/SamsungIME( 2941): AbstractCandidateLayout-setCandidates suggestions count : 9
D/SamsungIME( 2941): Skip dismiss ExpandCandidate. it will be post-invalidated later
D/InputReader(  858): Input event: value=1
I/InputReader(  858): Touch event's action is 0x0 (deviceType=0) [pCnt=1, s=0.6120 ] when=34427248449000
I/InputDispatcher(  858): Delivering touch to: action: 0x4, toolType: 1
I/InputDispatcher(  858): Delivering touch to: action: 0x0, toolType: 1
V/Vibrator( 2941): vibrateImmVibe - PUID: 1000, PackageName: com.sec.android.inputmethod, pattern, magType: TouchMagnitude
D/InputReader(  858): Input event: value=0
I/InputReader(  858): Touch event's action is 0x1 (deviceType=0) [pCnt=1, s=] when=34427319784000
I/InputDispatcher(  858): Delivering touch to: action: 0x1, toolType: 1
E/SamsungIME( 2941): SwiftkeyWrapper-inputKey
D/KeyguardUpdateMonitor( 1083): sendKeyguardVisibilityChanged(true)
D/KeyguardUpdateMonitor( 1083): handleKeyguardVisibilityChanged(1)
D/AbsListView(29143): unregisterIRListener() is called 
D/AbsListView(29143): unregisterIRListener() is called 
D/InputReader(  858): Input event: value=1
I/InputReader(  858): Touch event's action is 0x0 (deviceType=0) [pCnt=1, s=0.6121 ] when=34427482648000
I/InputDispatcher(  858): Delivering touch to: action: 0x4, toolType: 1
I/InputDispatcher(  858): Delivering touch to: action: 0x0, toolType: 1
E/SamsungIME( 2941): AbstractCandidateLayout-setCandidates suggestions count : 9
D/SamsungIME( 2941): Skip dismiss ExpandCandidate. it will be post-invalidated later
V/Vibrator( 2941): vibrateImmVibe - PUID: 1000, PackageName: com.sec.android.inputmethod, pattern, magType: TouchMagnitude
D/InputReader(  858): Input event: value=0
I/InputReader(  858): Touch event's action is 0x1 (deviceType=0) [pCnt=1, s=] when=34427540993000
I/InputDispatcher(  858): Delivering touch to: action: 0x1, toolType: 1
E/SamsungIME( 2941): SwiftkeyWrapper-inputKey
D/AbsListView(29143): unregisterIRListener() is called 
D/AbsListView(29143): unregisterIRListener() is called 
D/InputReader(  858): Input event: value=1
I/InputReader(  858): Touch event's action is 0x0 (deviceType=0) [pCnt=1, s=0.6122 ] when=34427733378000
I/InputDispatcher(  858): Delivering touch to: action: 0x4, toolType: 1
I/InputDispatcher(  858): Delivering touch to: action: 0x0, toolType: 1
E/SamsungIME( 2941): AbstractCandidateLayout-setCandidates suggestions count : 9
D/SamsungIME( 2941): Skip dismiss ExpandCandidate. it will be post-invalidated later
V/Vibrator( 2941): vibrateImmVibe - PUID: 1000, PackageName: com.sec.android.inputmethod, pattern, magType: TouchMagnitude
D/BtGatt.btif( 1475): btif_gattc_upstreams_evt: Event 4096
D/BtGatt.GattService( 1475): onScanResult() - address=46:A8:86:0F:B5:6C, rssi=-94
D/BtGatt.ContextMap( 1475): sendScanResult for app id 5 is server : 0
D/BluetoothAdapter( 4439): onScanResult() - Device=46:A8:86:0F:B5:6C RSSI=-94
W/QuickConnect[1.2.1882032][4] ( 4439): BleHelper.getSConnectDataFromBLE - can not resolve length info
D/InputReader(  858): Input event: value=0
I/InputReader(  858): Touch event's action is 0x1 (deviceType=0) [pCnt=1, s=] when=34427820791000
I/InputDispatcher(  858): Delivering touch to: action: 0x1, toolType: 1
E/SamsungIME( 2941): SwiftkeyWrapper-inputKey
D/AbsListView(29143): unregisterIRListener() is called 
D/KeyguardUpdateMonitor( 1083): sendKeyguardVisibilityChanged(true)
D/KeyguardUpdateMonitor( 1083): handleKeyguardVisibilityChanged(1)
D/KeyguardUpdateMonitor( 1083): sendKeyguardVisibilityChanged(true)
D/KeyguardUpdateMonitor( 1083): handleKeyguardVisibilityChanged(1)
D/AbsListView(29143): unregisterIRListener() is called 
D/InputReader(  858): Input event: value=1
I/InputReader(  858): Touch event's action is 0x0 (deviceType=0) [pCnt=1, s=0.6123 ] when=34427953394000
I/InputDispatcher(  858): Delivering touch to: action: 0x4, toolType: 1
I/InputDispatcher(  858): Delivering touch to: action: 0x0, toolType: 1
V/Vibrator( 2941): vibrateImmVibe - PUID: 1000, PackageName: com.sec.android.inputmethod, pattern, magType: TouchMagnitude
E/SamsungIME( 2941): AbstractCandidateLayout-setCandidates suggestions count : 9
D/SamsungIME( 2941): Skip dismiss ExpandCandidate. it will be post-invalidated later
D/InputReader(  858): Input event: value=0
I/InputReader(  858): Touch event's action is 0x1 (deviceType=0) [pCnt=1, s=] when=34428027328000
I/InputDispatcher(  858): Delivering touch to: action: 0x1, toolType: 1
E/SamsungIME( 2941): SwiftkeyWrapper-inputKey
D/AbsListView(29143): unregisterIRListener() is called 
D/AbsListView(29143): unregisterIRListener() is called 
E/SamsungIME( 2941): AbstractCandidateLayout-setCandidates suggestions count : 9
D/SamsungIME( 2941): Skip dismiss ExpandCandidate. it will be post-invalidated later
D/SHealthUpgrade(SHealthUpgradeUtil)( 8667): isShealthServiceInstalled() : HealthService is Installed.
D/SHealthUpgrade(SHealthUpgradeUtil)( 8667): isShealthService2xInstalled() : HEALTH SERVICE is INSTALLED.
D/SHealthUpgrade(SHealthUpgradeUtil)( 8667): isShealthService2xInstalled() : HEALTH SERVICE VERSION = 2.x
D/InputReader(  858): Input event: value=1
I/InputReader(  858): Touch event's action is 0x0 (deviceType=0) [pCnt=1, s=0.6124 ] when=34428705371000
I/InputDispatcher(  858): Delivering touch to: action: 0x4, toolType: 1
I/InputDispatcher(  858): Delivering touch to: action: 0x0, toolType: 1
D/InputReader(  858): Input event: value=0
I/InputReader(  858): Touch event's action is 0x1 (deviceType=0) [pCnt=1, s=] when=34428777538000
I/InputDispatcher(  858): Delivering touch to: action: 0x1, toolType: 1
D/AbsListView(29143): onDetachedFromWindow
D/AbsListView(29143): unregisterIRListener() is called 
D/KeyguardUpdateMonitor( 1083): sendKeyguardVisibilityChanged(true)
D/KeyguardUpdateMonitor( 1083): handleKeyguardVisibilityChanged(1)
D/SamsungIME( 2941): onStartInputView
D/SamsungIME( 2941): scanPackageInfo - found OCR package
D/SamsungIME( 2941): set case 2 : mIsEnableOCR = true
D/SamsungIME( 2941): isRegisteredOcrSIPTextReceiver = true
I/SamsungIME( 2941): Update SetupWizard State usc : 1 pss : false
D/SamsungIME( 2941): [AbstractKeyboardView] onDetachedFromWindow.
D/skia    ( 2941): GFXPNG PNG bitmap created width:52 height:39 bitmap id is 5330 
D/SamsungIME( 2941): Magnification Enabled = false
D/SamsungIME( 2941): Dismiss ExpandCandiate
D/SamsungIME( 2941): Dismiss ExpandCandiate
D/SamsungIME( 2941): Dismiss ExpandCandiate
I/SamsungIME( 2941): getCurrentKeyboard
I/SamsungIME( 2941): getTextKeyboard
D/SamsungIME( 2941): [SwiftkeyWrapper] currentLangauge : 1702053203
D/SamsungIME( 2941): Skip dismiss ExpandCandidate. it will be post-invalidated later
D/SamsungIME( 2941): startInputViewContinue : false true
I/SamsungIME( 2941): [IMI] startInputView - caller pid : 29143, caller uid : 10089
D/NotificationService(  858): Sending broadcast with sbn as extra = StatusBarNotification(pkg=android user=UserHandle{-1} id=17041266 tag=null score=0: Notification(pri=0 icon=108053a contentView=android/0x109007f vibrate=null sound=null defaults=0x0 flags=0x1002 when=0 ledARGB=0x0 contentIntent=Y deleteIntent=N contentTitle=29 contentText=15 originalPackageName=N tickerText=N kind=[android.system.imeswitcher]))
D/RCPManagerService(  858): NotificationReceiver onReceive()
D/RCPManagerService(  858):  NotificationReceiver sbn.getPackageName() android sbn.getUser().getIdentifier() -1
D/RCPManagerService(  858): getPolicy: Policy checking block entered for Notifications; for user/persona = -1 ; Policy = knox-sanitize-data ; token = 4294967296858
D/RCPManagerService(  858): getPolicy: policy value returned = false
D/RCPManagerService(  858): going to get the app label for pkg == android
D/RCPManagerService(  858): app label == android
D/RCPManagerService(  858): getPolicy: Policy checking block entered for Notifications; for user/persona = -1 ; Policy = knox-export-data ; token = 4294967296858
D/RCPManagerService(  858): getPolicy: policy value returned = true
D/RCPManagerService(  858): Calling User is -1
D/RCPManagerService(  858): userid of SBN ==-1
D/dalvikvm( 2941): GC_FOR_ALLOC freed 4311K, 38% free 15829K/25324K, paused 23ms, total 23ms
I/SamsungIME( 2941): drawAllKey
D/skia    ( 2941): GFXPNG PNG bitmap created width:60 height:75 bitmap id is 5331 
D/skia    ( 2941): GFXPNG PNG bitmap created width:128 height:112 bitmap id is 5332 
D/skia    ( 2941): GFXPNG PNG bitmap created width:128 height:112 bitmap id is 5333 
D/SamsungIME( 2941): scanPackageInfo - found OCR package
D/SamsungIME( 2941): set case 2 : mIsEnableOCR = true
D/SamsungIME( 2941): isRegisteredOcrSIPTextReceiver = true
D/SamsungIME( 2941): scanPackageInfo - found OCR package
D/SamsungIME( 2941): set case 2 : mIsEnableOCR = true
D/SamsungIME( 2941): isRegisteredOcrSIPTextReceiver = true
D/SamsungIME( 2941): scanPackageInfo - found OCR package
D/SamsungIME( 2941): set case 2 : mIsEnableOCR = true
D/SamsungIME( 2941): isRegisteredOcrSIPTextReceiver = true
D/skia    ( 2941): GFXPNG PNG bitmap created width:89 height:112 bitmap id is 5334 
D/skia    ( 2941): GFXPNG PNG bitmap created width:89 height:112 bitmap id is 5335 
D/SamsungIME( 2941): scanPackageInfo - found OCR package
D/SamsungIME( 2941): set case 2 : mIsEnableOCR = true
D/SamsungIME( 2941): isRegisteredOcrSIPTextReceiver = true
D/SamsungIME( 2941): scanPackageInfo - found OCR package
D/SamsungIME( 2941): set case 2 : mIsEnableOCR = true
D/SamsungIME( 2941): isRegisteredOcrSIPTextReceiver = true
D/SamsungIME( 2941): scanPackageInfo - found OCR package
D/SamsungIME( 2941): set case 2 : mIsEnableOCR = true
D/SamsungIME( 2941): isRegisteredOcrSIPTextReceiver = true
D/SamsungIME( 2941): scanPackageInfo - found OCR package
D/SamsungIME( 2941): set case 2 : mIsEnableOCR = true
D/SamsungIME( 2941): isRegisteredOcrSIPTextReceiver = true
D/SamsungIME( 2941): scanPackageInfo - found OCR package
D/SamsungIME( 2941): set case 2 : mIsEnableOCR = true
D/SamsungIME( 2941): isRegisteredOcrSIPTextReceiver = true
D/skia    ( 2941): GFXPNG PNG bitmap created width:495 height:112 bitmap id is 5336 
D/skia    ( 2941): GFXPNG PNG bitmap created width:495 height:112 bitmap id is 5337 
D/SamsungIME( 2941): SwiftkeyWrapper-checkCurrentSequence : use IC
E/SamsungIME( 2941): AbstractCandidateLayout-setCandidates suggestions count : 9
D/SamsungIME( 2941): Skip dismiss ExpandCandidate. it will be post-invalidated later
D/KeyguardUpdateMonitor( 1083): sendKeyguardVisibilityChanged(true)
D/KeyguardUpdateMonitor( 1083): handleKeyguardVisibilityChanged(1)
I/SurfaceFlinger(  261): id=1081 Removed QopupWindow (11/14)
I/SurfaceFlinger(  261): id=1081 Removed QopupWindow (-2/14)
D/KeyguardUpdateMonitor( 1083): sendKeyguardVisibilityChanged(true)
D/KeyguardUpdateMonitor( 1083): handleKeyguardVisibilityChanged(1)
D/com.samsung.groupcast.core.ble.BLEScannerV2( 5030): mExpireHandler
D/InputReader(  858): Input event: value=1
I/InputReader(  858): Touch event's action is 0x0 (deviceType=0) [pCnt=1, s=0.6125 ] when=34429470462000
I/InputDispatcher(  858): Delivering touch to: action: 0x4, toolType: 1
I/InputDispatcher(  858): Delivering touch to: action: 0x0, toolType: 1
D/InputReader(  858): Input event: value=0
I/InputReader(  858): Touch event's action is 0x1 (deviceType=0) [pCnt=1, s=] when=34429529088000
I/InputDispatcher(  858): Delivering touch to: action: 0x1, toolType: 1
D/SamsungIME( 2941): onStartInputView
D/SamsungIME( 2941): scanPackageInfo - found OCR package
D/SamsungIME( 2941): set case 2 : mIsEnableOCR = true
D/SamsungIME( 2941): isRegisteredOcrSIPTextReceiver = true
I/SamsungIME( 2941): Update SetupWizard State usc : 1 pss : false
D/SamsungIME( 2941): [AbstractKeyboardView] onDetachedFromWindow.
D/skia    ( 2941): GFXPNG PNG bitmap created width:52 height:39 bitmap id is 5339 
D/SamsungIME( 2941): Magnification Enabled = false
D/SamsungIME( 2941): Dismiss ExpandCandiate
W/IInputConnectionWrapper(29143): getTextBeforeCursor on inactive InputConnection
W/IInputConnectionWrapper(29143): getCursorCapsMode on inactive InputConnection
D/SamsungIME( 2941): Dismiss ExpandCandiate
D/SamsungIME( 2941): Dismiss ExpandCandiate
I/SamsungIME( 2941): getCurrentKeyboard
I/SamsungIME( 2941): getTextKeyboard
D/SamsungIME( 2941): [SwiftkeyWrapper] currentLangauge : 1702053203
W/IInputConnectionWrapper(29143): getCursorCapsMode on inactive InputConnection
D/SamsungIME( 2941): Skip dismiss ExpandCandidate. it will be post-invalidated later
D/SamsungIME( 2941): startInputViewContinue : false true
I/SamsungIME( 2941): [IMI] startInputView - caller pid : 29143, caller uid : 10089
D/NotificationService(  858): Sending broadcast with sbn as extra = StatusBarNotification(pkg=android user=UserHandle{-1} id=17041266 tag=null score=0: Notification(pri=0 icon=108053a contentView=android/0x109007f vibrate=null sound=null defaults=0x0 flags=0x1002 when=0 ledARGB=0x0 contentIntent=Y deleteIntent=N contentTitle=29 contentText=15 originalPackageName=N tickerText=N kind=[android.system.imeswitcher]))
D/SamsungIME( 2941): onStartInputView
D/SamsungIME( 2941): scanPackageInfo - found OCR package
D/SamsungIME( 2941): set case 2 : mIsEnableOCR = true
D/SamsungIME( 2941): isRegisteredOcrSIPTextReceiver = true
D/RCPManagerService(  858): NotificationReceiver onReceive()
D/RCPManagerService(  858):  NotificationReceiver sbn.getPackageName() android sbn.getUser().getIdentifier() -1
D/RCPManagerService(  858): getPolicy: Policy checking block entered for Notifications; for user/persona = -1 ; Policy = knox-sanitize-data ; token = 4294967296858
D/RCPManagerService(  858): getPolicy: policy value returned = false
D/RCPManagerService(  858): going to get the app label for pkg == android
D/RCPManagerService(  858): app label == android
D/RCPManagerService(  858): getPolicy: Policy checking block entered for Notifications; for user/persona = -1 ; Policy = knox-export-data ; token = 4294967296858
D/RCPManagerService(  858): getPolicy: policy value returned = true
D/RCPManagerService(  858): Calling User is -1
D/RCPManagerService(  858): userid of SBN ==-1
I/SamsungIME( 2941): Update SetupWizard State usc : 1 pss : false
D/skia    ( 2941): GFXPNG PNG bitmap created width:31 height:27 bitmap id is 5340 
I/SamsungIME( 2941): getDebugLevel  : 0x4f4c
D/skia    ( 2941): GFXPNG PNG bitmap created width:60 height:75 bitmap id is 5341 
D/skia    ( 2941): GFXPNG PNG bitmap created width:60 height:75 bitmap id is 5342 
D/skia    ( 2941): GFXPNG PNG bitmap created width:92 height:92 bitmap id is 5343 
I/SamsungIME( 2941): getDebugLevel  : 0x4f4c
I/SamsungIME( 2941): KeybaordView init() : load resources
I/SamsungIME( 2941): getCurrentKeyboard
I/SamsungIME( 2941): getTextKeyboard
D/SamsungIME( 2941): [SwiftkeyWrapper] currentLangauge : 1702053203
D/SamsungIME( 2941): [AbstractKeyboardView] onDetachedFromWindow.
D/SamsungIME( 2941): Magnification Enabled = false
D/SamsungIME( 2941): [AbstractKeyboardView] onDetachedFromWindow.
I/SamsungIME( 2941): getCurrentKeyboard
I/SamsungIME( 2941): getTextKeyboard
D/SamsungIME( 2941): [SwiftkeyWrapper] currentLangauge : 1702053203
D/SamsungIME( 2941): Magnification Enabled = false
D/SamsungIME( 2941): Dismiss ExpandCandiate
D/SamsungIME( 2941): Dismiss ExpandCandiate
I/SamsungIME( 2941): getCurrentKeyboard
I/SamsungIME( 2941): getTextKeyboard
D/SamsungIME( 2941): [SwiftkeyWrapper] currentLangauge : 1702053203
D/SamsungIME( 2941): Dismiss ExpandCandiate
D/SamsungIME( 2941): startInputViewContinue : false true
I/SamsungIME( 2941): [IMI] startInputView - caller pid : 29143, caller uid : 10089
D/NotificationService(  858): Sending broadcast with sbn as extra = StatusBarNotification(pkg=android user=UserHandle{-1} id=17041266 tag=null score=0: Notification(pri=0 icon=108053a contentView=android/0x109007f vibrate=null sound=null defaults=0x0 flags=0x1002 when=0 ledARGB=0x0 contentIntent=Y deleteIntent=N contentTitle=29 contentText=15 originalPackageName=N tickerText=N kind=[android.system.imeswitcher]))
D/RCPManagerService(  858): NotificationReceiver onReceive()
D/RCPManagerService(  858):  NotificationReceiver sbn.getPackageName() android sbn.getUser().getIdentifier() -1
D/RCPManagerService(  858): getPolicy: Policy checking block entered for Notifications; for user/persona = -1 ; Policy = knox-sanitize-data ; token = 4294967296858
D/RCPManagerService(  858): getPolicy: policy value returned = false
D/RCPManagerService(  858): going to get the app label for pkg == android
D/RCPManagerService(  858): app label == android
D/RCPManagerService(  858): getPolicy: Policy checking block entered for Notifications; for user/persona = -1 ; Policy = knox-export-data ; token = 4294967296858
D/RCPManagerService(  858): getPolicy: policy value returned = true
D/RCPManagerService(  858): Calling User is -1
D/RCPManagerService(  858): userid of SBN ==-1
D/NotificationService(  858): Sending broadcast with sbn as extra = StatusBarNotification(pkg=android user=UserHandle{-1} id=17041266 tag=null score=0: Notification(pri=0 icon=108053a contentView=android/0x109007f vibrate=null sound=null defaults=0x0 flags=0x1002 when=0 ledARGB=0x0 contentIntent=Y deleteIntent=N contentTitle=29 contentText=15 originalPackageName=N tickerText=N kind=[android.system.imeswitcher]))
D/SamsungIME( 2941): Dismiss ExpandCandiate
D/RCPManagerService(  858): NotificationReceiver onReceive()
D/RCPManagerService(  858):  NotificationReceiver sbn.getPackageName() android sbn.getUser().getIdentifier() -1
D/RCPManagerService(  858): getPolicy: Policy checking block entered for Notifications; for user/persona = -1 ; Policy = knox-sanitize-data ; token = 4294967296858
D/KeyguardUpdateMonitor( 1083): sendKeyguardVisibilityChanged(true)
D/RCPManagerService(  858): getPolicy: policy value returned = false
D/RCPManagerService(  858): going to get the app label for pkg == android
D/RCPManagerService(  858): app label == android
D/RCPManagerService(  858): getPolicy: Policy checking block entered for Notifications; for user/persona = -1 ; Policy = knox-export-data ; token = 4294967296858
D/RCPManagerService(  858): getPolicy: policy value returned = true
D/RCPManagerService(  858): Calling User is -1
D/RCPManagerService(  858): userid of SBN ==-1
D/KeyguardUpdateMonitor( 1083): handleKeyguardVisibilityChanged(1)
D/KeyguardUpdateMonitor( 1083): sendKeyguardVisibilityChanged(true)
D/KeyguardUpdateMonitor( 1083): handleKeyguardVisibilityChanged(1)
D/dalvikvm( 2941): GC_FOR_ALLOC freed 4315K, 38% free 15930K/25324K, paused 29ms, total 31ms
I/SamsungIME( 2941): drawAllKey
D/skia    ( 2941): GFXPNG PNG bitmap created width:60 height:75 bitmap id is 5344 
D/skia    ( 2941): GFXPNG PNG bitmap created width:128 height:112 bitmap id is 5345 
D/skia    ( 2941): GFXPNG PNG bitmap created width:128 height:112 bitmap id is 5346 
D/SamsungIME( 2941): scanPackageInfo - found OCR package
D/SamsungIME( 2941): set case 2 : mIsEnableOCR = true
D/SamsungIME( 2941): isRegisteredOcrSIPTextReceiver = true
D/SamsungIME( 2941): scanPackageInfo - found OCR package
D/SamsungIME( 2941): set case 2 : mIsEnableOCR = true
D/SamsungIME( 2941): isRegisteredOcrSIPTextReceiver = true
D/SamsungIME( 2941): scanPackageInfo - found OCR package
D/SamsungIME( 2941): set case 2 : mIsEnableOCR = true
D/SamsungIME( 2941): isRegisteredOcrSIPTextReceiver = true
D/skia    ( 2941): GFXPNG PNG bitmap created width:89 height:112 bitmap id is 5347 
D/skia    ( 2941): GFXPNG PNG bitmap created width:89 height:112 bitmap id is 5348 
D/SamsungIME( 2941): scanPackageInfo - found OCR package
D/SamsungIME( 2941): set case 2 : mIsEnableOCR = true
D/SamsungIME( 2941): isRegisteredOcrSIPTextReceiver = true
D/SamsungIME( 2941): scanPackageInfo - found OCR package
D/SamsungIME( 2941): set case 2 : mIsEnableOCR = true
D/SamsungIME( 2941): isRegisteredOcrSIPTextReceiver = true
D/SamsungIME( 2941): scanPackageInfo - found OCR package
D/SamsungIME( 2941): set case 2 : mIsEnableOCR = true
D/SamsungIME( 2941): isRegisteredOcrSIPTextReceiver = true
D/SamsungIME( 2941): scanPackageInfo - found OCR package
D/SamsungIME( 2941): set case 2 : mIsEnableOCR = true
D/SamsungIME( 2941): isRegisteredOcrSIPTextReceiver = true
D/SamsungIME( 2941): scanPackageInfo - found OCR package
D/SamsungIME( 2941): set case 2 : mIsEnableOCR = true
D/SamsungIME( 2941): isRegisteredOcrSIPTextReceiver = true
D/skia    ( 2941): GFXPNG PNG bitmap created width:495 height:112 bitmap id is 5349 
D/skia    ( 2941): GFXPNG PNG bitmap created width:495 height:112 bitmap id is 5350 
D/SamsungIME( 2941): SwiftkeyWrapper-checkCurrentSequence : use IC
D/NotificationService(  858): Sending broadcast with sbn as extra = StatusBarNotification(pkg=android user=UserHandle{-1} id=17041266 tag=null score=0: Notification(pri=0 icon=108053a contentView=android/0x109007f vibrate=null sound=null defaults=0x0 flags=0x1002 when=0 ledARGB=0x0 contentIntent=Y deleteIntent=N contentTitle=29 contentText=15 originalPackageName=N tickerText=N kind=[android.system.imeswitcher]))
D/RCPManagerService(  858): NotificationReceiver onReceive()
D/RCPManagerService(  858):  NotificationReceiver sbn.getPackageName() android sbn.getUser().getIdentifier() -1
D/RCPManagerService(  858): getPolicy: Policy checking block entered for Notifications; for user/persona = -1 ; Policy = knox-sanitize-data ; token = 4294967296858
D/RCPManagerService(  858): getPolicy: policy value returned = false
D/RCPManagerService(  858): going to get the app label for pkg == android
D/RCPManagerService(  858): app label == android
D/RCPManagerService(  858): getPolicy: Policy checking block entered for Notifications; for user/persona = -1 ; Policy = knox-export-data ; token = 4294967296858
D/RCPManagerService(  858): getPolicy: policy value returned = true
D/RCPManagerService(  858): Calling User is -1
D/RCPManagerService(  858): userid of SBN ==-1
D/BtGatt.btif( 1475): btif_gattc_upstreams_evt: Event 4096
D/BtGatt.GattService( 1475): onScanResult() - address=46:A8:86:0F:B5:6C, rssi=-92
D/BtGatt.ContextMap( 1475): sendScanResult for app id 5 is server : 0
D/BluetoothAdapter( 4439): onScanResult() - Device=46:A8:86:0F:B5:6C RSSI=-92
W/QuickConnect[1.2.1882032][4] ( 4439): BleHelper.getSConnectDataFromBLE - can not resolve length info
D/InputReader(  858): Input event: value=1
I/InputReader(  858): Touch event's action is 0x0 (deviceType=0) [pCnt=1, s=0.6126 ] when=34431399501000
I/InputDispatcher(  858): Delivering touch to: action: 0x4, toolType: 1
I/InputDispatcher(  858): Delivering touch to: action: 0x0, toolType: 1
V/Vibrator( 2941): vibrateImmVibe - PUID: 1000, PackageName: com.sec.android.inputmethod, pattern, magType: TouchMagnitude
D/InputReader(  858): Input event: value=0
I/InputReader(  858): Touch event's action is 0x1 (deviceType=0) [pCnt=1, s=] when=34431457146000
I/InputDispatcher(  858): Delivering touch to: action: 0x1, toolType: 1
D/skia    ( 2941): GFXPNG PNG bitmap created width:128 height:112 bitmap id is 5353 
D/InputReader(  858): Input event: value=1
I/InputReader(  858): Touch event's action is 0x0 (deviceType=0) [pCnt=1, s=0.6127 ] when=34431770404000
I/InputDispatcher(  858): Delivering touch to: action: 0x4, toolType: 1
I/InputDispatcher(  858): Delivering touch to: action: 0x0, toolType: 1
V/Vibrator( 2941): vibrateImmVibe - PUID: 1000, PackageName: com.sec.android.inputmethod, pattern, magType: TouchMagnitude
D/InputReader(  858): Input event: value=0
I/InputReader(  858): Touch event's action is 0x1 (deviceType=0) [pCnt=1, s=] when=34431841314000
I/InputDispatcher(  858): Delivering touch to: action: 0x1, toolType: 1
D/InputReader(  858): Input event: value=1
I/InputReader(  858): Touch event's action is 0x0 (deviceType=0) [pCnt=1, s=0.6128 ] when=34432400818000
I/InputDispatcher(  858): Delivering touch to: action: 0x4, toolType: 1
I/InputDispatcher(  858): Delivering touch to: action: 0x0, toolType: 1
V/Vibrator( 2941): vibrateImmVibe - PUID: 1000, PackageName: com.sec.android.inputmethod, pattern, magType: TouchMagnitude
D/InputReader(  858): Input event: value=0
I/InputReader(  858): Touch event's action is 0x1 (deviceType=0) [pCnt=1, s=] when=34432443644000
I/InputDispatcher(  858): Delivering touch to: action: 0x1, toolType: 1
D/InputReader(  858): Input event: value=1
I/InputReader(  858): Touch event's action is 0x0 (deviceType=0) [pCnt=1, s=0.6129 ] when=34432783301000
I/InputDispatcher(  858): Delivering touch to: action: 0x4, toolType: 1
I/InputDispatcher(  858): Delivering touch to: action: 0x0, toolType: 1
V/Vibrator( 2941): vibrateImmVibe - PUID: 1000, PackageName: com.sec.android.inputmethod, pattern, magType: TouchMagnitude
D/InputReader(  858): Input event: value=0
I/InputReader(  858): Touch event's action is 0x1 (deviceType=0) [pCnt=1, s=] when=34432841560000
I/InputDispatcher(  858): Delivering touch to: action: 0x1, toolType: 1
D/InputReader(  858): Input event: value=1
I/InputReader(  858): Touch event's action is 0x0 (deviceType=0) [pCnt=1, s=0.6130 ] when=34433300917000
I/InputDispatcher(  858): Delivering touch to: action: 0x4, toolType: 1
I/InputDispatcher(  858): Delivering touch to: action: 0x0, toolType: 1
V/Vibrator( 2941): vibrateImmVibe - PUID: 1000, PackageName: com.sec.android.inputmethod, pattern, magType: TouchMagnitude
D/InputReader(  858): Input event: value=0
I/InputReader(  858): Touch event's action is 0x1 (deviceType=0) [pCnt=1, s=] when=34433386646000
I/InputDispatcher(  858): Delivering touch to: action: 0x1, toolType: 1
D/InputReader(  858): Input event: value=1
I/InputReader(  858): Touch event's action is 0x0 (deviceType=0) [pCnt=1, s=0.6131 ] when=34433946947000
I/InputDispatcher(  858): Delivering touch to: action: 0x4, toolType: 1
I/InputDispatcher(  858): Delivering touch to: action: 0x0, toolType: 1
V/Vibrator( 2941): vibrateImmVibe - PUID: 1000, PackageName: com.sec.android.inputmethod, pattern, magType: TouchMagnitude
D/InputReader(  858): Input event: value=0
I/InputReader(  858): Touch event's action is 0x1 (deviceType=0) [pCnt=1, s=] when=34434006238000
I/InputDispatcher(  858): Delivering touch to: action: 0x1, toolType: 1
D/InputReader(  858): Input event: value=1
I/InputReader(  858): Touch event's action is 0x0 (deviceType=0) [pCnt=1, s=0.6132 ] when=34434329795000
I/InputDispatcher(  858): Delivering touch to: action: 0x4, toolType: 1
I/InputDispatcher(  858): Delivering touch to: action: 0x0, toolType: 1
V/Vibrator( 2941): vibrateImmVibe - PUID: 1000, PackageName: com.sec.android.inputmethod, pattern, magType: TouchMagnitude
D/InputReader(  858): Input event: value=0
I/InputReader(  858): Touch event's action is 0x1 (deviceType=0) [pCnt=1, s=] when=34434402761000
I/InputDispatcher(  858): Delivering touch to: action: 0x1, toolType: 1
D/InputReader(  858): Input event: value=1
I/InputReader(  858): Touch event's action is 0x0 (deviceType=0) [pCnt=1, s=0.6133 ] when=34435008008000
I/InputDispatcher(  858): Delivering touch to: action: 0x4, toolType: 1
I/InputDispatcher(  858): Delivering touch to: action: 0x0, toolType: 1
D/InputReader(  858): Input event: value=0
I/InputReader(  858): Touch event's action is 0x1 (deviceType=0) [pCnt=1, s=] when=34435079815000
I/InputDispatcher(  858): Delivering touch to: action: 0x1, toolType: 1
D/SamsungIME( 2941): Dismiss ExpandCandiate
D/SamsungIME( 2941): SwiftkeyWrapper-checkCurrentSequence : use IC
I/chromium(29143): [INFO:CONSOLE(216)] "The "remember me" button is checked", source: http://172.16.100.123:9005/pages/login-page.html (216)
I/chromium(29143): [INFO:CONSOLE(94)] "Uncaught TypeError: Cannot read property '$' of undefined", source: http://172.16.100.123:9005/core/core-ajax-handler.html (94)
I/chromium(29143): [INFO:CONSOLE(73)] "Uncaught TypeError: Cannot read property 'remove' of undefined", source: http://172.16.100.123:9005/core/app-login/app-login.html (73)
D/SamsungIME( 2941): onWindowHidden
D/KeyguardUpdateMonitor( 1083): sendKeyguardVisibilityChanged(true)
D/NotificationService(  858): cancelNotificationLocked
D/NotificationService(  858):  hasClearableItems
D/NotificationService(  858): Num of hasClearableItems : 3
D/RCPManagerService(  858): NotificationReceiver onReceive()
D/RCPManagerService(  858):  NotificationReceiver sbn.getPackageName() android sbn.getUser().getIdentifier() -1
D/RCPManagerService(  858): getPolicy: Policy checking block entered for Notifications; for user/persona = -1 ; Policy = knox-sanitize-data ; token = 4294967296858
D/RCPManagerService(  858): getPolicy: policy value returned = false
D/RCPManagerService(  858): going to get the app label for pkg == android
D/RCPManagerService(  858): app label == android
D/RCPManagerService(  858):  NotificationReceiver ACTION_CANCEL_NOTIFICATION 
D/KeyguardUpdateMonitor( 1083): sendKeyguardVisibilityChanged(true)
D/KeyguardUpdateMonitor( 1083): handleKeyguardVisibilityChanged(1)
D/KeyguardUpdateMonitor( 1083): handleKeyguardVisibilityChanged(1)
D/KeyguardUpdateMonitor( 1083): sendKeyguardVisibilityChanged(true)
D/KeyguardUpdateMonitor( 1083): handleKeyguardVisibilityChanged(1)
D/KeyguardUpdateMonitor( 1083): sendKeyguardVisibilityChanged(true)
D/KeyguardUpdateMonitor( 1083): handleKeyguardVisibilityChanged(1)
D/KeyguardUpdateMonitor( 1083): sendKeyguardVisibilityChanged(true)
D/KeyguardUpdateMonitor( 1083): handleKeyguardVisibilityChanged(1)
I/SurfaceFlinger(  261): id=1080 Removed JnputMethod (11/13)
I/SurfaceFlinger(  261): id=1080 Removed JnputMethod (-2/13)
D/InputReader(  858): Input event: value=1
I/InputReader(  858): Touch event's action is 0x0 (deviceType=0) [pCnt=1, s=0.6134 ] when=34437852343000
I/InputDispatcher(  858): Delivering touch to: action: 0x4, toolType: 1
I/InputDispatcher(  858): Delivering touch to: action: 0x0, toolType: 1
I/InputReader(  858): Touch event's action (MT) is 0x105 (deviceType=0) [pCnt=2, s=0.6134 1.6135 ] when=34437866329000
I/InputDispatcher(  858): Delivering touch to: action: 0x105, toolType: 1
I/InputReader(  858): Touch event's action (MT) is 0x106 (deviceType=0) [pCnt=2, s=0.6134 ] when=34438911573000
I/InputDispatcher(  858): Delivering touch to: action: 0x106, toolType: 1
D/InputReader(  858): Input event: value=0
I/InputReader(  858): Touch event's action is 0x1 (deviceType=0) [pCnt=1, s=] when=34438940772000
I/InputDispatcher(  858): Delivering touch to: action: 0x1, toolType: 1
D/com.samsung.groupcast.core.ble.BLEScannerV2( 5030): mExpireHandler
D/InputReader(  858): Input event: value=1
I/InputReader(  858): Touch event's action is 0x0 (deviceType=0) [pCnt=1, s=0.6136 ] when=34439648007000
I/InputDispatcher(  858): Delivering touch to: action: 0x4, toolType: 1
I/InputDispatcher(  858): Delivering touch to: action: 0x0, toolType: 1
D/InputReader(  858): Input event: value=0
I/InputReader(  858): Touch event's action is 0x1 (deviceType=0) [pCnt=1, s=] when=34440000267000
I/InputDispatcher(  858): Delivering touch to: action: 0x1, toolType: 1
I/chromium(29143): [INFO:CONSOLE(216)] "The "remember me" button is checked", source: http://172.16.100.123:9005/pages/login-page.html (216)
I/chromium(29143): [INFO:CONSOLE(94)] "Uncaught TypeError: Cannot read property '$' of undefined", source: http://172.16.100.123:9005/core/core-ajax-handler.html (94)
I/chromium(29143): [INFO:CONSOLE(73)] "Uncaught TypeError: Cannot read property 'remove' of undefined", source: http://172.16.100.123:9005/core/app-login/app-login.html (73)
D/InputReader(  858): Input event: value=1
I/InputReader(  858): Touch event's action is 0x0 (deviceType=0) [pCnt=1, s=0.6137 ] when=34442225605000
I/InputDispatcher(  858): Delivering touch to: action: 0x4, toolType: 1
I/InputDispatcher(  858): Delivering touch to: action: 0x0, toolType: 1
D/InputReader(  858): Input event: value=0
I/InputReader(  858): Touch event's action is 0x1 (deviceType=0) [pCnt=1, s=] when=34442297034000
I/InputDispatcher(  858): Delivering touch to: action: 0x1, toolType: 1
D/AbsListView(29143): onVisibilityChanged() is called, visibility : 0
D/AbsListView(29143): unregisterIRListener() is called 
D/LocationManagerService(  858): getLastLocation: Request[POWER_LOW network requested=0 fastest=0 num=1]
D/SamsungIME( 2941): onStartInputView
D/SamsungIME( 2941): scanPackageInfo - found OCR package
D/SamsungIME( 2941): set case 2 : mIsEnableOCR = true
D/SamsungIME( 2941): isRegisteredOcrSIPTextReceiver = true
D/KeyguardUpdateMonitor( 1083): sendKeyguardVisibilityChanged(true)
D/KeyguardUpdateMonitor( 1083): handleKeyguardVisibilityChanged(1)
D/KeyguardUpdateMonitor( 1083): sendKeyguardVisibilityChanged(true)
D/KeyguardUpdateMonitor( 1083): handleKeyguardVisibilityChanged(1)
I/SamsungIME( 2941): Update SetupWizard State usc : 1 pss : false
D/SamsungIME( 2941): [AbstractKeyboardView] onDetachedFromWindow.
D/skia    ( 2941): GFXPNG PNG bitmap created width:52 height:39 bitmap id is 5356 
D/SamsungIME( 2941): Magnification Enabled = false
D/SamsungIME( 2941): [AbstractKeyboardView] onDetachedFromWindow.
D/SamsungIME( 2941): Magnification Enabled = false
D/SamsungIME( 2941): Dismiss ExpandCandiate
D/SamsungIME( 2941): Dismiss ExpandCandiate
D/SamsungIME( 2941): Dismiss ExpandCandiate
I/SamsungIME( 2941): getCurrentKeyboard
I/SamsungIME( 2941): getTextKeyboard
D/skia    ( 2941): GFXPNG PNG bitmap created width:128 height:112 bitmap id is 5357 
D/SamsungIME( 2941): [SwiftkeyWrapper] currentLangauge : 1702053203
D/SamsungIME( 2941): Skip dismiss ExpandCandidate. it will be post-invalidated later
D/SamsungIME( 2941): startInputViewContinue : true true
D/SamsungIME( 2941): conditions for show dialog : true true false false
D/SamsungIME( 2941): showDlgMsgBox : true true true
D/SamsungIME( 2941): showDlgMsgBox inner condition : true true
I/SamsungIME( 2941): [IMI] startInputView - caller pid : 29143, caller uid : 10089
D/SamsungIME( 2941): onWindowShown
I/SurfaceFlinger(  261): id=1082 createSurf (1080x1137),1 flag=4, JnputMethod
D/KeyguardUpdateMonitor( 1083): sendKeyguardVisibilityChanged(true)
D/NotificationService(  858): Sending broadcast with sbn as extra = StatusBarNotification(pkg=android user=UserHandle{-1} id=17041266 tag=null score=0: Notification(pri=0 icon=108053a contentView=android/0x109007f vibrate=null sound=null defaults=0x0 flags=0x1002 when=0 ledARGB=0x0 contentIntent=Y deleteIntent=N contentTitle=29 contentText=15 originalPackageName=N tickerText=N kind=[android.system.imeswitcher]))
D/RCPManagerService(  858): NotificationReceiver onReceive()
D/RCPManagerService(  858):  NotificationReceiver sbn.getPackageName() android sbn.getUser().getIdentifier() -1
D/RCPManagerService(  858): getPolicy: Policy checking block entered for Notifications; for user/persona = -1 ; Policy = knox-sanitize-data ; token = 4294967296858
D/RCPManagerService(  858): getPolicy: policy value returned = false
D/RCPManagerService(  858): going to get the app label for pkg == android
D/RCPManagerService(  858): app label == android
D/RCPManagerService(  858): getPolicy: Policy checking block entered for Notifications; for user/persona = -1 ; Policy = knox-export-data ; token = 4294967296858
D/RCPManagerService(  858): getPolicy: policy value returned = true
D/RCPManagerService(  858): Calling User is -1
D/RCPManagerService(  858): userid of SBN ==-1
D/KeyguardUpdateMonitor( 1083): sendKeyguardVisibilityChanged(true)
D/ProgressBar( 1083): setProgressDrawable drawableHeight = 18
D/KeyguardUpdateMonitor( 1083): handleKeyguardVisibilityChanged(1)
D/KeyguardUpdateMonitor( 1083): handleKeyguardVisibilityChanged(1)
E/SamsungIME( 2941): AbstractCandidateLayout-setCandidates suggestions count : 9
D/SamsungIME( 2941): Skip dismiss ExpandCandidate. it will be post-invalidated later
D/dalvikvm( 2941): GC_FOR_ALLOC freed 4302K, 37% free 15985K/25324K, paused 19ms, total 19ms
I/SamsungIME( 2941): drawAllKey
D/skia    ( 2941): GFXPNG PNG bitmap created width:60 height:75 bitmap id is 5358 
D/skia    ( 2941): GFXPNG PNG bitmap created width:128 height:112 bitmap id is 5359 
D/skia    ( 2941): GFXPNG PNG bitmap created width:128 height:112 bitmap id is 5360 
D/SamsungIME( 2941): scanPackageInfo - found OCR package
D/SamsungIME( 2941): set case 2 : mIsEnableOCR = true
D/SamsungIME( 2941): isRegisteredOcrSIPTextReceiver = true
D/SamsungIME( 2941): scanPackageInfo - found OCR package
D/SamsungIME( 2941): set case 2 : mIsEnableOCR = true
D/SamsungIME( 2941): isRegisteredOcrSIPTextReceiver = true
D/SamsungIME( 2941): scanPackageInfo - found OCR package
D/SamsungIME( 2941): set case 2 : mIsEnableOCR = true
D/SamsungIME( 2941): isRegisteredOcrSIPTextReceiver = true
D/skia    ( 2941): GFXPNG PNG bitmap created width:89 height:112 bitmap id is 5361 
D/skia    ( 2941): GFXPNG PNG bitmap created width:89 height:112 bitmap id is 5362 
D/SamsungIME( 2941): scanPackageInfo - found OCR package
D/SamsungIME( 2941): set case 2 : mIsEnableOCR = true
D/SamsungIME( 2941): isRegisteredOcrSIPTextReceiver = true
D/SamsungIME( 2941): scanPackageInfo - found OCR package
D/SamsungIME( 2941): set case 2 : mIsEnableOCR = true
D/SamsungIME( 2941): isRegisteredOcrSIPTextReceiver = true
D/SamsungIME( 2941): scanPackageInfo - found OCR package
D/SamsungIME( 2941): set case 2 : mIsEnableOCR = true
D/SamsungIME( 2941): isRegisteredOcrSIPTextReceiver = true
D/SamsungIME( 2941): scanPackageInfo - found OCR package
D/SamsungIME( 2941): set case 2 : mIsEnableOCR = true
D/SamsungIME( 2941): isRegisteredOcrSIPTextReceiver = true
D/SamsungIME( 2941): scanPackageInfo - found OCR package
D/SamsungIME( 2941): set case 2 : mIsEnableOCR = true
D/SamsungIME( 2941): isRegisteredOcrSIPTextReceiver = true
D/skia    ( 2941): GFXPNG PNG bitmap created width:495 height:112 bitmap id is 5363 
D/skia    ( 2941): GFXPNG PNG bitmap created width:495 height:112 bitmap id is 5364 
D/KeyguardUpdateMonitor( 1083): sendKeyguardVisibilityChanged(true)
D/KeyguardUpdateMonitor( 1083): handleKeyguardVisibilityChanged(1)
D/SamsungIME( 2941): SwiftkeyWrapper-checkCurrentSequence : use IC
D/KeyguardUpdateMonitor( 1083): sendKeyguardVisibilityChanged(true)
D/KeyguardUpdateMonitor( 1083): handleKeyguardVisibilityChanged(1)
E/SamsungIME( 2941): AbstractCandidateLayout-setCandidates suggestions count : 1
D/SamsungIME( 2941): Skip dismiss ExpandCandidate. it will be post-invalidated later
D/KeyguardUpdateMonitor( 1083): sendKeyguardVisibilityChanged(true)
D/KeyguardUpdateMonitor( 1083): handleKeyguardVisibilityChanged(1)
D/SamsungIME( 2941): SwiftKey guide popup condition 1 : true true
I/SamsungIME( 2941): Update SetupWizard State usc : 1 pss : false
E/SamsungIME( 2941): SwiftKey guide popup condition 2 : true true true true true false true true true true
D/InputReader(  858): Input event: value=1
I/InputReader(  858): Touch event's action is 0x0 (deviceType=0) [pCnt=1, s=0.6138 ] when=34443445335000
I/InputDispatcher(  858): Delivering touch to: action: 0x4, toolType: 1
I/InputDispatcher(  858): Delivering touch to: action: 0x0, toolType: 1
V/Vibrator( 2941): vibrateImmVibe - PUID: 1000, PackageName: com.sec.android.inputmethod, pattern, magType: TouchMagnitude
D/InputReader(  858): Input event: value=0
I/InputReader(  858): Touch event's action is 0x1 (deviceType=0) [pCnt=1, s=] when=34443504368000
I/InputDispatcher(  858): Delivering touch to: action: 0x1, toolType: 1
D/NotificationService(  858): cancelNotificationLocked
D/NotificationService(  858):  hasClearableItems
D/NotificationService(  858): Num of hasClearableItems : 3
D/KeyguardUpdateMonitor( 1083): sendKeyguardVisibilityChanged(true)
D/RCPManagerService(  858): NotificationReceiver onReceive()
D/RCPManagerService(  858):  NotificationReceiver sbn.getPackageName() android sbn.getUser().getIdentifier() -1
D/RCPManagerService(  858): getPolicy: Policy checking block entered for Notifications; for user/persona = -1 ; Policy = knox-sanitize-data ; token = 4294967296858
D/RCPManagerService(  858): getPolicy: policy value returned = false
D/RCPManagerService(  858): going to get the app label for pkg == android
D/RCPManagerService(  858): app label == android
D/RCPManagerService(  858):  NotificationReceiver ACTION_CANCEL_NOTIFICATION 
D/KeyguardUpdateMonitor( 1083): handleKeyguardVisibilityChanged(1)
W/IInputConnectionWrapper(29143): getTextBeforeCursor on inactive InputConnection
D/SamsungIME( 2941): SwiftkeyWrapper-checkCurrentSequence : use IC
W/IInputConnectionWrapper(29143): getSelectedText on inactive InputConnection
W/IInputConnectionWrapper(29143): getTextBeforeCursor on inactive InputConnection
W/IInputConnectionWrapper(29143): getTextAfterCursor on inactive InputConnection
E/SamsungIME( 2941): AbstractCandidateLayout-setCandidates suggestions count : 9
D/SamsungIME( 2941): Skip dismiss ExpandCandidate. it will be post-invalidated later
D/SamsungIME( 2941): onWindowHidden
W/chromium(29143): [WARNING:jni_string.cc(28)] ConvertJavaStringToUTF8 called with null string.
D/KeyguardUpdateMonitor( 1083): sendKeyguardVisibilityChanged(true)
D/KeyguardUpdateMonitor( 1083): handleKeyguardVisibilityChanged(1)
D/KeyguardUpdateMonitor( 1083): sendKeyguardVisibilityChanged(true)
D/KeyguardUpdateMonitor( 1083): handleKeyguardVisibilityChanged(1)
D/AbsListView(29143): onVisibilityChanged() is called, visibility : 4
D/AbsListView(29143): unregisterIRListener() is called 
D/KeyguardUpdateMonitor( 1083): sendKeyguardVisibilityChanged(true)
D/KeyguardUpdateMonitor( 1083): handleKeyguardVisibilityChanged(1)
I/SurfaceFlinger(  261): id=1082 Removed JnputMethod (11/13)
I/SurfaceFlinger(  261): id=1082 Removed JnputMethod (-2/13)
I/chromium(29143): [INFO:CONSOLE(22)] "Cliente conectado!", source: http://172.16.100.123:9005/ (22)
D/KeyguardUpdateMonitor( 1083): sendKeyguardVisibilityChanged(true)
D/KeyguardUpdateMonitor( 1083): handleKeyguardVisibilityChanged(1)
D/KeyguardUpdateMonitor( 1083): sendKeyguardVisibilityChanged(true)
D/KeyguardUpdateMonitor( 1083): handleKeyguardVisibilityChanged(1)
D/dalvikvm(29143): GC_FOR_ALLOC freed 914K, 25% free 18475K/24364K, paused 25ms, total 26ms
I/dalvikvm-heap(29143): Grow heap (frag case) to 28.698MB for 7244656-byte allocation
D/AbsListView(29143): [unregisterDoubleTapMotionListener]
I/MotionRecognitionManager(29143):   .unregisterListener : / listener count = 0->0,  
D/AbsListView(29143): unregisterIRListener() is called 
D/dalvikvm(29143): GC_CONCURRENT freed 1261K, 23% free 25270K/32424K, paused 5ms+4ms, total 42ms
I/chromium(29143): [INFO:CONSOLE(9848)] "Attributes on paper-item were data bound prior to Polymer upgrading the element. This may result in incorrect binding types.", source: http://172.16.100.123:9005/bower_components/polymer/polymer.js (9848)
I/chromium(29143): [INFO:CONSOLE(9848)] "Attributes on app-login were data bound prior to Polymer upgrading the element. This may result in incorrect binding types.", source: http://172.16.100.123:9005/bower_components/polymer/polymer.js (9848)
I/TLC_TIMA_PKM_measure_kernel(  858): TIMA: response_id = 3
I/TLC_TIMA_PKM_measure_kernel(  858): TIMA: response ret = 0, result_ondemand = MSG=Kernel Verification Success;
D/InputReader(  858): Input event: value=1
I/InputReader(  858): Touch event's action is 0x0 (deviceType=0) [pCnt=1, s=0.6139 ] when=34448264855000
I/InputDispatcher(  858): Delivering touch to: action: 0x4, toolType: 1
I/InputDispatcher(  858): Delivering touch to: action: 0x0, toolType: 1
D/InputReader(  858): Input event: value=0
I/InputReader(  858): Touch event's action is 0x1 (deviceType=0) [pCnt=1, s=] when=34448337980000
I/InputDispatcher(  858): Delivering touch to: action: 0x1, toolType: 1
D/AbsListView(29143): onVisibilityChanged() is called, visibility : 0
D/AbsListView(29143): unregisterIRListener() is called 
D/LocationManagerService(  858): getLastLocation: Request[POWER_LOW network requested=0 fastest=0 num=1]
D/SamsungIME( 2941): onStartInputView
D/KeyguardUpdateMonitor( 1083): sendKeyguardVisibilityChanged(true)
D/KeyguardUpdateMonitor( 1083): handleKeyguardVisibilityChanged(1)
D/SamsungIME( 2941): scanPackageInfo - found OCR package
D/SamsungIME( 2941): set case 2 : mIsEnableOCR = true
D/SamsungIME( 2941): isRegisteredOcrSIPTextReceiver = true
D/KeyguardUpdateMonitor( 1083): sendKeyguardVisibilityChanged(true)
D/KeyguardUpdateMonitor( 1083): handleKeyguardVisibilityChanged(1)
I/SamsungIME( 2941): Update SetupWizard State usc : 1 pss : false
D/SamsungIME( 2941): [AbstractKeyboardView] onDetachedFromWindow.
D/skia    ( 2941): GFXPNG PNG bitmap created width:52 height:39 bitmap id is 5368 
D/SamsungIME( 2941): Magnification Enabled = false
D/SamsungIME( 2941): [AbstractKeyboardView] onDetachedFromWindow.
D/SamsungIME( 2941): Magnification Enabled = false
D/SamsungIME( 2941): Dismiss ExpandCandiate
D/SamsungIME( 2941): Dismiss ExpandCandiate
D/SamsungIME( 2941): Dismiss ExpandCandiate
I/SamsungIME( 2941): getCurrentKeyboard
I/SamsungIME( 2941): getTextKeyboard
D/SamsungIME( 2941): [SwiftkeyWrapper] currentLangauge : 1702053203
D/SamsungIME( 2941): Skip dismiss ExpandCandidate. it will be post-invalidated later
D/SamsungIME( 2941): startInputViewContinue : true true
D/SamsungIME( 2941): conditions for show dialog : true true false false
D/SamsungIME( 2941): showDlgMsgBox : true true true
D/SamsungIME( 2941): showDlgMsgBox inner condition : true true
I/SamsungIME( 2941): [IMI] startInputView - caller pid : 29143, caller uid : 10089
D/SamsungIME( 2941): onWindowShown
I/SurfaceFlinger(  261): id=1083 createSurf (1080x1137),1 flag=4, JnputMethod
D/KeyguardUpdateMonitor( 1083): sendKeyguardVisibilityChanged(true)
D/NotificationService(  858): Sending broadcast with sbn as extra = StatusBarNotification(pkg=android user=UserHandle{-1} id=17041266 tag=null score=0: Notification(pri=0 icon=108053a contentView=android/0x109007f vibrate=null sound=null defaults=0x0 flags=0x1002 when=0 ledARGB=0x0 contentIntent=Y deleteIntent=N contentTitle=29 contentText=15 originalPackageName=N tickerText=N kind=[android.system.imeswitcher]))
D/KeyguardUpdateMonitor( 1083): sendKeyguardVisibilityChanged(true)
D/RCPManagerService(  858): NotificationReceiver onReceive()
D/RCPManagerService(  858):  NotificationReceiver sbn.getPackageName() android sbn.getUser().getIdentifier() -1
D/RCPManagerService(  858): getPolicy: Policy checking block entered for Notifications; for user/persona = -1 ; Policy = knox-sanitize-data ; token = 4294967296858
D/RCPManagerService(  858): getPolicy: policy value returned = false
D/RCPManagerService(  858): going to get the app label for pkg == android
D/RCPManagerService(  858): app label == android
D/RCPManagerService(  858): getPolicy: Policy checking block entered for Notifications; for user/persona = -1 ; Policy = knox-export-data ; token = 4294967296858
D/RCPManagerService(  858): getPolicy: policy value returned = true
D/RCPManagerService(  858): Calling User is -1
D/RCPManagerService(  858): userid of SBN ==-1
D/ProgressBar( 1083): setProgressDrawable drawableHeight = 18
