D/dalvikvm( 1083): GC_FOR_ALLOC freed 8234K, 38% free 43410K/69280K, paused 67ms, total 72ms
D/skia    ( 1083): GFXPNG PNG bitmap created width:240 height:270 bitmap id is 171170 
D/VFMAuthQSEE(  315): return value from qsapp is 0
I/ValidityLIB(  315): vfmEx.c 1191 4
I/ValidityLIB(  315): vfmEx.c 1217 3
I/ValidityLIB(  315): APIHandlerServer.cpp 599 4
I/ValidityLIB(  315): APIHandlerServer.cpp 638 4
D/InputReader(  858): Input event: value=1
I/ValidityLIB(  315): ClientApp.cpp 309 4
I/ValidityLIB(  315): vcsIPC.h 531 4
I/ValidityLIB(  315): ClientApp.cpp 311 4
I/VFMAuthQSEE(  315): Call FP cmd 0xa
D/VFMAuthQSEE(  315): call QSEECom_send_cmd
I/ValidityLIB( 1100): EventListenThread.cpp 203 4
I/ValidityLIB( 1100): EventListenThread.cpp 281 4
I/ValidityLIB( 1100): APIHandlerClient.cpp 1601 4
I/ValidityLIB( 1100): APIHandlerClient.cpp 1684 4
I/ValidityLIB( 1100): EventListenThread.cpp 201 4
D/InputReader(  858): Input event: value=0
I/ValidityLIB( 1100): EventWorkerThread.cpp 68 4
I/ValidityLIB( 1100): EventWorkerThread.cpp 75 4
I/ValidityLIB( 1100): APIHandler.cpp 220 4
I/vfmjni  ( 1100): vcsCBInterface.cpp 248
I/vfmjni  ( 1100): javaCallback.cpp 275
I/vfmjni  ( 1100): javaCallback.cpp 285
D/ValidityFingerprintLibraryImpl( 1100): onEvent: 20, null
I/vfmjni  ( 1100): javaCallback.cpp 287
I/ValidityLIB( 1100): EventWorkerThread.cpp 139 4
D/skia    ( 1083): GFXPNG PNG bitmap created width:240 height:270 bitmap id is 171171 
D/VFMAuthQSEE(  315): return value from qsapp is 0
I/ValidityLIB(  315): APIHandlerServer.cpp 599 4
I/ValidityLIB(  315): TimerThread.cpp 140 4
I/ValidityLIB(  315): TimerThread.cpp 162 4
I/ValidityLIB(  315): APIHandlerServer.cpp 599 4
I/ValidityLIB(  315): ClientApp.cpp 309 4
I/ValidityLIB(  315): vcsIPC.h 531 4
I/ValidityLIB(  315): ClientApp.cpp 311 4
I/ValidityLIB(  315): vfmEx.c 4121 4
I/ValidityLIB( 1100): EventListenThread.cpp 203 4
I/ValidityLIB( 1100): EventListenThread.cpp 232 4
I/ValidityLIB( 1100): EventListenThread.cpp 235 4
I/ValidityLIB( 1100): EventListenThread.cpp 281 4
I/ValidityLIB( 1100): APIHandlerClient.cpp 1601 4
I/ValidityLIB( 1100): APIHandlerClient.cpp 1684 4
I/ValidityLIB( 1100): EventListenThread.cpp 201 4
I/ValidityLIB( 1100): EventWorkerThread.cpp 68 4
I/ValidityLIB( 1100): EventWorkerThread.cpp 75 4
I/ValidityLIB( 1100): APIHandler.cpp 220 4
I/vfmjni  ( 1100): vcsCBInterface.cpp 218
I/vfmjni  ( 1100): javaCallback.cpp 507
I/vfmjni  ( 1100): javaCallback.cpp 520
I/vfmjni  ( 1100): javaCallback.cpp 285
D/ValidityFingerprintLibraryImpl( 1100): onEvent: 17, q=4
I/vfmjni  ( 1100): javaCallback.cpp 287
I/ValidityLIB( 1100): EventWorkerThread.cpp 139 4
I/ValidityLIB( 1100): EventWorkerThread.cpp 143 4
I/FPMS_ValidityFingerprintLibraryImpl( 1100): identify: onEvent=20
D/FingerprintClientRecord( 1100): onEvent: commandName=identify, 1011, 0, 0
I/ValidityLIB(  315): vfmEx.c 1568 4
I/ValidityLIB(  315): vfmEx.c 1572 4
I/ValidityLIB(  315): vfmEx.c 1481 4
I/ValidityLIB(  315): vfmEx.c 1492 4
I/ValidityLIB(  315): storageSqliteSS.c 281 4
I/ValidityLIB(  315): storageSqliteSS.c 1013 4
I/ValidityLIB(  315): storageSqliteSS.c 1068 4
I/ValidityLIB(  315): storageSqliteSS.c 1091 4
I/ValidityLIB(  315): storageSqliteSS.c 1068 4
I/ValidityLIB(  315): storageSqliteSS.c 1078 4
I/ValidityLIB(  315): storageSqliteSS.c 1068 4
I/ValidityLIB(  315): storageSqliteSS.c 1091 4
I/ValidityLIB(  315): storageSqliteSS.c 1232 4
I/ValidityLIB(  315): storageSqliteSS.c 1255 4
I/ValidityLIB(  315): storageSqliteSS.c 1232 4
I/ValidityLIB(  315): storageSqliteSS.c 1242 4
I/ValidityLIB(  315): storageSqliteSS.c 1232 4
I/ValidityLIB(  315): storageSqliteSS.c 1255 4
I/ValidityLIB(  315): storageSqliteSS.c 1232 4
I/ValidityLIB(  315): storageSqliteSS.c 1255 4
I/ValidityLIB(  315): storageSqliteSS.c 1232 4
I/ValidityLIB(  315): storageSqliteSS.c 1242 4
I/ValidityLIB(  315): storageSqliteSS.c 1232 4
I/ValidityLIB(  315): storageSqliteSS.c 1255 4
I/ValidityLIB(  315): storageSqliteSS.c 1217 4
I/ValidityLIB(  315): vfmEx.c 3905 4
I/VFMAuthQSEE(  315): Call FP cmd 0x14
D/VFMAuthQSEE(  315): call QSEECom_send_cmd
I/FPMS_ValidityFingerprintLibraryImpl( 1100): identify: onEvent=17
D/SPassUnlock( 1083): handleMessage : EVENT_FINGER_REMOVED
D/skia    ( 1083): GFXPNG PNG bitmap created width:240 height:270 bitmap id is 171172 
D/VFMAuthQSEE(  315): return value from qsapp is 0
I/ValidityLIB(  315): vfmEx.c 3775 4
I/ValidityLIB(  315): storageSqliteSS.c 281 4
D/skia    ( 1083): GFXPNG PNG bitmap created width:240 height:270 bitmap id is 171173 
I/ValidityLIB(  315): vfmEx.c 3284 4
I/ValidityLIB(  315): vfmEx.c 3396 4
I/ValidityLIB(  315): vfmEx.c 4286 4
I/ValidityLIB(  315): vfmEx.c 4314 3
I/ValidityLIB(  315): vfmEx.c 4350 4
I/ValidityLIB(  315): vfmEx.c 3420 4
I/VFMAuthQSEE(  315): Call FP cmd 0x16
D/VFMAuthQSEE(  315): call QSEECom_send_cmd
D/VFMAuthQSEE(  315): return value from qsapp is 0
I/ValidityLIB(  315): vfmEx.c 3431 4
I/ValidityLIB(  315): vfmEx.c 3434 4
I/ValidityLIB(  315): vfmEx.c 6678 4
I/ValidityLIB(  315): vfmEx.c 4028 4
I/ValidityLIB(  315): APIHandlerServer.cpp 599 4
I/ValidityLIB(  315): APIHandlerServer.cpp 1121 4
I/ValidityLIB(  315): APIHandlerServer.cpp 1126 4
I/ValidityLIB(  315): ClientApp.cpp 309 4
I/ValidityLIB(  315): vcsIPC.h 531 4
I/ValidityLIB(  315): ClientApp.cpp 311 4
I/ValidityLIB(  315): APIHandlerServer.cpp 1147 4
I/ValidityLIB(  315): vfmEx.c 2614 4
I/ValidityLIB(  315): vfmEx.c 2656 4
I/ValidityLIB(  315): vfmEx.c 2659 4
I/ValidityLIB(  315): APIHandlerServer.cpp 838 4
I/ValidityLIB(  315): TimerThread.cpp 140 4
I/ValidityLIB(  315): vcsServer.cpp 300 4
I/ValidityLIB(  315): ClientApp.cpp 177 4
I/ValidityLIB(  315): ClientApp.cpp 199 4
I/ValidityLIB(  315): ClientApp.cpp 227 4
I/ValidityLIB(  315): APIHandlerServer.cpp 848 4
I/ValidityLIB(  315): TimerThread.cpp 119 4
I/ValidityLIB(  315): TimerThread.cpp 162 4
I/ValidityLIB( 1100): APIHandlerClient.cpp 1489 4
I/ValidityLIB( 1100): APIHandlerClient.cpp 1494 4
I/ValidityLIB( 1100): APIHandlerClient.cpp 1366 4
I/ValidityLIB( 1100): EventListenThread.cpp 203 4
I/ValidityLIB( 1100): EventListenThread.cpp 232 4
I/ValidityLIB( 1100): EventListenThread.cpp 235 4
I/ValidityLIB( 1100): EventListenThread.cpp 281 4
I/ValidityLIB( 1100): APIHandlerClient.cpp 1601 4
I/ValidityLIB( 1100): APIHandlerClient.cpp 1684 4
I/ValidityLIB( 1100): EventListenThread.cpp 201 4
I/ValidityLIB(  315): APIHandlerServer.cpp 577 4
I/ValidityLIB(  315): APIHandlerServer.cpp 379 4
I/ValidityLIB( 1100): EventWorkerThread.cpp 68 4
I/ValidityLIB( 1100): EventWorkerThread.cpp 75 4
I/ValidityLIB( 1100): EventWorkerThread.cpp 292 4
I/ValidityLIB( 1100): APIHandler.cpp 220 4
I/vfmjni  ( 1100): vcsCBInterface.cpp 187
I/vfmjni  ( 1100): vcsCBInterface.cpp 196
I/vfmjni  ( 1100): javaCallback.cpp 285
D/ValidityFingerprintLibraryImpl( 1100): onEvent: 14, i=2
I/FPMS_ValidityFingerprintLibraryImpl( 1100): identify: onEvent=14
I/vfmjni  ( 1100): javaCallback.cpp 287
I/vfmjni  ( 1100): vcsCBInterface.cpp 341
I/vfmjni  ( 1100): javaCallback.cpp 285
I/Fingerprint( 1100): Operation complete, setting to IDLE
D/ValidityFingerprintLibraryImpl( 1100): onEvent: 422, 0
I/FPMS_ValidityFingerprintLibraryImpl( 1100): identify: onEvent=422
I/vfmjni  ( 1100): javaCallback.cpp 287
D/FingerprintClientRecord( 1100): onEvent: commandName=identify, 13, 0, 0
I/vfmjni  ( 1100): vcsCBInterface.cpp 343
I/ValidityLIB( 1100): EventWorkerThread.cpp 303 3
I/ValidityLIB( 1100): EventWorkerThread.cpp 139 4
I/ValidityLIB( 1100): EventWorkerThread.cpp 143 4
D/SPassUnlock( 1083): handleMessage : RESULT_SUCCESS
D/KeyguardViewMediator( 1083): handleKeyguardDoneDrawing
D/skia    ( 1083): GFXPNG PNG bitmap created width:240 height:270 bitmap id is 171174 
I/ValidityLIB(  315): TimerThread.cpp 210 4
I/ValidityLIB(  315): vcsServer.cpp 947 4
I/ValidityLIB(  315): vcsServer.cpp 997 4
I/ValidityLIB(  315): TimerThread.cpp 140 4
I/ValidityLIB(  315): TimerThread.cpp 162 4
I/ValidityLIB(  315): vcsServer.cpp 1003 4
I/ValidityLIB(  315): vfmEx.c 4170 4
I/ValidityLIB(  315): palDevConfig.c 420 3
I/ValidityLIB(  315): palDevConfig.c 426 3
I/VFMAuthQSEE(  315): Call FP cmd 0x17
D/VFMAuthQSEE(  315): call sQSEECom_send_cmd
D/VFMAuthQSEE(  315): return value from qsapp is 5
D/VFMAuthQSEE(  315): return value from qsapp is wrong
I/VFMAuthQSEE(  315): Call FP cmd 0x17
D/VFMAuthQSEE(  315): call sQSEECom_send_cmd
D/VFMAuthQSEE(  315): return value from qsapp is 0
I/VFMAuthQSEE(  315): Call FP cmd 0x3
D/VFMAuthQSEE(  315): call QSEECom_send_cmd
D/VFMAuthQSEE(  315): return value from qsapp is 0
D/VFMAuthQSEE(  315): close qsapp service
I/VFMAuthQSEE(  315): change qseecom bandwidth to low
D/VFMAuthQSEE(  315): Shutdown the application
D/QSEECOMAPI: (  315): QSEECom_dealloc_memory 
D/QSEECOMAPI: (  315): QSEECom_shutdown_app, app_id = 6
D/VFMAuthQSEE(  315): shutdown qsapp succeed
I/ValidityLIB(  315): vfmEx.c 4250 4
I/ValidityLIB(  315): APIHandlerVfm.cpp 1099 4
D/skia    ( 1083): GFXPNG PNG bitmap created width:54 height:54 bitmap id is 171175 
D/SPassUnlock( 1083): handleUnlock()
D/SPassUnlock( 1083): stop()
I/FPMS_FingerprintManagerService( 1100): unregisterClient: called.
D/SPassUnlock( 1083): unregisterClient() mToken = com.android.keyguard.sec.SPassUnlock$1@44713928
I/MDPP    (  858): Property: Ready
D/KeyguardHostView( 1083): showNextSecurityScreenOrFinish(true)
D/KeyguardViewMediator( 1083): keyguardDone(true)
D/KeyguardViewMediator( 1083): handleKeyguardDone
D/KeyguardViewMediator( 1083): handleHide
D/KeyguardViewManager( 1083): hide()
I/KeyguardEffectViewMain( 1083): *** KeyguardEffectView getInstance ***
D/VisualEffectCircleUnlockEffect( 1083): KeyguardEffectViewNone : cleanUp
V/KeyguardUpdateMonitor( 1083): *** unregister callback for com.android.keyguard.sec.KeyguardEffectViewMain$2@424f4718
D/KeyguardViewMediator( 1083): mDelayedShowingFingerPrintPasswordSequence = 51
D/KeyguardViewMediator( 1083): misSetFingerPrintPasswordSequence = 51
D/Launcher( 1305): onRestart, Launcher: 1133600664
D/Launcher( 1305): onStart, Launcher: 1133600664
D/Launcher.HomeView( 1305): onStart
D/KeyguardUpdateMonitor( 1083): sendKeyguardVisibilityChanged(true)
D/KeyguardUpdateMonitor( 1083): sendKeyguardVisibilityChanged(true)
D/KeyguardUpdateMonitor( 1083): sendKeyguardVisibilityChanged(true)
D/AbsListView( 1305): unregisterIRListener() is called 
D/Launcher( 1305): onResume, Launcher: 1133600664
D/KeyguardViewMediator( 1083): adjustStatusBarLocked: mShowing=false mHidden=false isSecure=true --> flags=0x0
D/EnterpriseDeviceManager(  858): ContainerId: 0
D/KeyguardViewMediator( 1083): handleKeyguardDoneDrawing
D/Launcher.HomeView( 1305): onResume
I/FPMS_FingerprintManagerService( 1100): onReceive: android.intent.action.USER_PRESENT
D/MenuAppsGridFragment( 1305): onResume
I/NfcService( 1290): applyRouting return - 2 
D/SamsungIME( 2941): showDlgMsgBox : false true true
D/KeyguardUpdateMonitor( 1083): sendKeyguardVisibilityChanged(true)
E/NfcService( 1290): callback == null
I/AutoBackupUtil( 4112): cancelAutoBackupAlarm is called. Clear autobackup_alarm. 
D/EnterpriseDeviceManager(  858): ContainerId: 0
D/PointerIcon(  858): setMouseIconStyle1 pointerType: 1001iconType:101 flag:0
D/PointerIcon(  858): setMouseCustomIcon IconType is same.101
D/PointerIcon(  858): setHoveringSpenIconStyle1 pointerType: 10001iconType:1 flag:0
D/PointerIcon(  858): setHoveringSpenCustomIcon IconType is same.1
D/KeyguardUpdateMonitor( 1083): handleKeyguardVisibilityChanged(1)
D/KeyguardUpdateMonitor( 1083): handleKeyguardVisibilityChanged(1)
D/KeyguardUpdateMonitor( 1083): handleKeyguardVisibilityChanged(1)
D/KeyguardUpdateMonitor( 1083): handleKeyguardVisibilityChanged(1)
D/PhoneStatusBar( 1083): disable: < expand* icons alerts ticker* system_info back* home* recent* clock search >
I/SpenGestureManager(  858): setFocusWindow21020
D/KeyguardUpdateMonitor( 1083): sendKeyguardVisibilityChanged(true)
D/KeyguardHostView( 1083): Window is unfocused
D/KeyguardHostView( 1083): isPreloadedWallpaper=false
D/KeyguardSPassView( 1083): onWindowFocusChanged(): hasWindowFocus=false
D/SPassUnlock( 1083): stop()
D/KeyguardUpdateMonitor( 1083): sendKeyguardVisibilityChanged(true)
D/KeyguardUpdateMonitor( 1083): sendKeyguardVisibilityChanged(true)
D/KeyguardUpdateMonitor( 1083): handleKeyguardVisibilityChanged(1)
D/PhoneStatusBar( 1083): setSemiTransparentMode=false, mTransparentMode=false, mSemiTransparentMode=false, mMultiWindowMode=false
D/PhoneStatusBar( 1083): setTransGradationMode=false, mTransparentMode=false, mSemiTransparentMode=false, mMultiWindowMode=false
D/KeyguardUpdateMonitor( 1083): handleKeyguardVisibilityChanged(1)
D/PointerIcon(  858): setMouseIconStyle1 pointerType: 1001iconType:101 flag:0
D/PointerIcon(  858): setMouseCustomIcon IconType is same.101
D/PointerIcon(  858): setHoveringSpenIconStyle1 pointerType: 10001iconType:1 flag:0
D/PointerIcon(  858): setHoveringSpenCustomIcon IconType is same.1
D/KeyguardUpdateMonitor( 1083): handleKeyguardVisibilityChanged(1)
D/PhoneStatusBar( 1083): setTransGradationMode=false, mTransparentMode=false, mSemiTransparentMode=false, mMultiWindowMode=false
D/AbsListView( 1305): unregisterIRListener() is called 
D/AbsListView( 1305): unregisterIRListener() is called 
D/KeyguardUpdateMonitor( 1083): sendKeyguardVisibilityChanged(true)
D/KeyguardUpdateMonitor( 1083): handleKeyguardVisibilityChanged(1)
D/KeyguardUpdateMonitor( 1083): sendKeyguardVisibilityChanged(true)
D/KeyguardUpdateMonitor( 1083): handleKeyguardVisibilityChanged(1)
D/PalmMotionService(  858): 2014 - mSurfaceTouchSharingData:1 mSettingPalmTouch1
I/Kids    (10185): [CommonUtils] disabled. skipping.
D/dalvikvm( 1541): GC_CONCURRENT freed 1877K, 32% free 14892K/21652K, paused 6ms+2ms, total 48ms
D/dalvikvm( 1541): WAIT_FOR_CONCURRENT_GC blocked 35ms
I/MicrophoneInputStream( 1541): mic_starting gzi@4262e960
V/AudioPolicyManagerBase(  266): getDeviceForInputSource()input source 1999, device 80000004
V/AudioPolicyManagerBase(  266): getInput() inputSource 1999, samplingRate 16000, format 1, channelMask 10, acoustics 0
V/audio_hw_primary(  266): adev_open_input_stream: enter
E/audio_hw_primary(  266): can not make /data/snd/hal_input.pcm 
E/audio_hw_primary(  266): can not make /data/snd/hal_input_before_ns.pcm 
E/audio_hw_primary(  266): can not make /data/snd/hal_input_after_ns.pcm 
V/audio_hw_primary(  266): adev_open_input_stream: exit
V/audio_hw_primary(  266): in_standby: enter
V/audio_hw_primary(  266): in_standby: exit:  status(0)
V/audio_hw_primary(  266): in_standby: enter
V/audio_hw_primary(  266): in_standby: exit:  status(0)
I/HotwordRecognitionRnr( 1541): Starting hotword detection.
I/EDMNativeHelperService(  858): isMicrophoneEnabled
W/EDMNativeHelper(  858): isMicrophoneEnabled : get policy
V/AudioPolicyManagerBase(  266): startInput() input 516
V/AudioPolicyManagerBase(  266): getDeviceForInputSource()input source 1999, device 80000004
V/AudioPolicyManagerBase(  266): AudioPolicyManager::startInput() input source = 1999
V/audio_hw_primary(  266): in_set_parameters: enter: kvpairs=input_source=6;keyIsHotword=true;routing=-2147483644
V/audio_hw_primary(  266): in_set_parameters: exit: status(11)
V/msm8974_platform(  266): platform_update_usecase_from_source: input source :6
V/audio_hw_primary(  266): start_input_stream: enter: usecase(7)
V/voice   (  266): voice_check_and_set_incall_rec_usecase: voice call not active
V/audio_hw_primary(  266): start_input_stream: usecase(7)
D/PreProcess(  266): new SamsungRecord
D/PreProcess(  266): new NS
I/samsungRecord(  266): [samsungrecord] SamsungRecInit 
I/samsungRecord(  266): [samsungrecordMIC]Use HardCoding Values
E/samsungRecord(  266): miccalib file can't created. (/data/snd/miccalib.txt)
I/samsungRecord(  266): 1
D/SamsungRecord_NS(  266): [SamsungRecord_NS] Init SR 16000
D/SamsungRecord_NS(  266): [SamsungRecord_NS] getLevel inputsource 6, ret_level 3
V/audio_hw_primary(  266): select_devices: ENTER
V/audio_hw_primary(  266): select_devices: usecase(normal)
V/audio_hw_primary(  266): select_devices: usecase(PCM_CAPTURE)
V/msm8974_platform(  266): platform_get_input_snd_device: enter: out_device(0) in_device(0x4)
V/msm8974_platform(  266): get_INPUT_snd_device: check by Input_source(6)
V/msm8974_platform(  266): platform_get_input_snd_device_by_source: enter: out_device(0) in_device(0x4)
V/msm8974_platform(  266): get_INPUT_snd_device: AUDIO_SOURCE_VOICE_RECOGNITION
V/msm8974_platform(  266): platform_get_input_snd_device: exit: in_snd_device(vr-main-mic)
D/audio_hw_primary(  266): select_devices: out_snd_device(0: dummy)
D/audio_hw_primary(  266): select_devices: in_snd_device(121: vr-main-mic)
D/ACDB-LOADER(  266): ACDB -> send_audio_cal, acdb_id = 53, path =  1
D/ACDB-LOADER(  266): ACDB -> send_adm_topology
D/ACDB-LOADER(  266): ACDB -> ACDB_CMD_GET_AUDPROC_COMMON_TOPOLOGY_ID
D/ACDB-LOADER(  266): ACDB -> send_audtable
D/ACDB-LOADER(  266): ACDB -> ACDB_CMD_GET_AUDPROC_COMMON_TABLE
D/        (  266): ACDBFILE_MGR:Read the devices count as zero, please check the acdb file
D/ACDB-LOADER(  266): ACDB -> AUDIO_SET_AUDPROC_CAL
D/ACDB-LOADER(  266): ACDB -> send_audvoltable
D/ACDB-LOADER(  266): ACDB -> ACDB_CMD_GET_AUDPROC_GAIN_DEP_STEP_TABLE
D/        (  266): ACDBFILE_MGR:Read the devices count as zero, please check the acdb file
D/        (  266): Failed to fetch the lookup information of the device 00000035 
E/ACDB-LOADER(  266): Error: ACDB AudProc vol returned = -19
D/ACDB-LOADER(  266): ACDB -> AUDIO_SET_AUDPROC_VOL_CAL
D/ACDB-LOADER(  266): ACDB -> AUDIO_SET_AFE_CAL
V/audio_hw_primary(  266): enable_snd_device: snd_device(121: vr-main-mic, vr-main-mic)
D/audio_route(  266): ++++ audio_route_update_mixer ==============
D/audio_route(  266): Setting mixer control: DEC2 Volume, value: 106
D/audio_route(  266): Setting mixer control: SLIM TX7 MUX, value: 9
D/audio_route(  266): Setting mixer control: AIF1_CAP Mixer SLIM TX7, value: 1
D/audio_route(  266): Setting mixer control: DEC2 MUX, value: 1
D/audio_route(  266): ------ audio_route_update_mixer ==============
V/audio_hw_primary(  266): enable_audio_route: enter: usecase(7)
V/audio_hw_primary(  266): enable_audio_route: apply mixer path: audio-record
D/audio_route(  266): ++++ audio_route_update_mixer ==============
D/audio_route(  266): Setting mixer control: MultiMedia1 Mixer SLIM_0_TX, value: 1
D/audio_route(  266): ------ audio_route_update_mixer ==============
V/audio_hw_primary(  266): enable_audio_route: exit
V/audio_hw_primary(  266): start_input_stream: Opening PCM device card_id(0) device_id(0), channels 1
V/audio_hw_primary(  266): start_input_stream: exit
D/NestléXP(20866): createStatusNotification
W/System.err(20866): java.lang.NullPointerException
I/MicrophoneInputStream( 1541): mic_started gzi@4262e960
I/HotwordWorker( 1541): onReady
W/System.err(20866): 	at com.cuatroochenta.nestlexp.notifications.NotificationsReceiver.createStatusNotification(NotificationsReceiver.java:56)
W/System.err(20866): 	at com.cuatroochenta.nestlexp.notifications.NotificationsReceiver.onReceive(NotificationsReceiver.java:44)
W/System.err(20866): 	at android.app.ActivityThread.handleReceiver(ActivityThread.java:2641)
W/System.err(20866): 	at android.app.ActivityThread.access$1800(ActivityThread.java:172)
W/System.err(20866): 	at android.app.ActivityThread$H.handleMessage(ActivityThread.java:1378)
W/System.err(20866): 	at android.os.Handler.dispatchMessage(Handler.java:102)
W/System.err(20866): 	at android.os.Looper.loop(Looper.java:136)
W/System.err(20866): 	at android.app.ActivityThread.main(ActivityThread.java:5586)
W/System.err(20866): 	at java.lang.reflect.Method.invokeNative(Native Method)
W/System.err(20866): 	at java.lang.reflect.Method.invoke(Method.java:515)
W/System.err(20866): 	at com.android.internal.os.ZygoteInit$MethodAndArgsCaller.run(ZygoteInit.java:1268)
W/System.err(20866): 	at com.android.internal.os.ZygoteInit.main(ZygoteInit.java:1084)
W/System.err(20866): 	at dalvik.system.NativeStart.main(Native Method)
D/GalleryCacheReady(20452): Receive : home resume
D/KeyguardUpdateMonitor( 1083): sendKeyguardVisibilityChanged(true)
D/KeyguardUpdateMonitor( 1083): handleKeyguardVisibilityChanged(1)
I/SurfaceFlinger(  261): id=1072 Removed Leyguard (8/10)
I/SurfaceFlinger(  261): id=1072 Removed Leyguard (-2/10)
D/Mms/UIEventReceiver(11601): ui event
V/TaskCloserActivity(20893): TaskCloserActivity onReceive() - com.sec.android.intent.action.HOME_RESUME
D/GeoLookout(20613): at (SafetyCareWidget.java:80) [onReceive()]
D/GeoLookout(20613): at (SafetyCareWidget.java:88) [intent = com.sec.android.intent.action.HOME_RESUME]
D/GeoLookout(20613): at (SafetyCareWidget.java:95) [No instance for com.sec.android.GeoLookout.widget.SafetyCareWidget ]
D/GeoLookout(20613): at (SafetyCareWidget.java:80) [onReceive()]
D/GeoLookout(20613): at (SafetyCareWidget.java:88) [intent = com.sec.android.intent.action.HOME_RESUME]
D/GeoLookout(20613): at (SafetyCareWidget.java:95) [No instance for com.sec.android.GeoLookout.widget.SafetyCareTransparentWidget ]
V/KeyguardUpdateMonitor( 1083): *** unregister callback for com.android.keyguard.EmergencyButton$1@424d22c8
V/KeyguardUpdateMonitor( 1083): *** unregister callback for com.android.keyguard.CarrierText$1@4265a030
D/KeyguardGuestSelectorView( 1083): onDetachedFromWindow()
D/SensorManager( 1083): unregisterListener ::   
V/KeyguardUpdateMonitor( 1083): *** unregister callback for com.android.keyguard.CarrierText$1@43524878
V/KeyguardUpdateMonitor( 1083): *** unregister callback for com.android.keyguard.EmergencyButton$1@424c9058
V/KeyguardUpdateMonitor( 1083): *** unregister callback for com.android.keyguard.sec.KeyguardSecurityViewOverlay$1@424fbd58
D/KeyguardSPassView( 1083): onDetachedFromWindow()
D/SPassUnlock( 1083): stop()
D/SPassUnlock( 1083): cleanUp()
D/SPassAnimationView( 1083): cleanup
V/KeyguardUpdateMonitor( 1083): *** unregister callback for com.android.keyguard.sec.KeyguardSPassUnlockView$6@4273fb78
D/SecKeyguardClock( 1083): onDetachedFromWindow()
V/KeyguardUpdateMonitor( 1083): *** unregister callback for com.android.keyguard.KeyguardHostView$2@436667d8
D/KeyguardUpdateMonitor( 1083): sendKeyguardVisibilityChanged(true)
D/KeyguardUpdateMonitor( 1083): handleKeyguardVisibilityChanged(1)
D/lights  (  858): button : 0 +
D/lights  (  858): button : 0 -
I/wpa_supplicant( 1058): nl80211: Received scan results (5 BSSes)
D/Tethering(  858): interfaceLinkStateChanged wlan0, true
D/Tethering(  858): interfaceStatusChanged wlan0, true
D/LocationManagerService(  858): Not screening locations
E/LocSvc_flp(  858): I/===> int flp_inject_location(FlpLocation*) line 194 
E/LocSvc_utils_q(  858): D/msg_q_snd: Sending message with handle = 0x7DDF1B20
E/LocSvc_utils_ll(  858): D/linked_list_add: Adding to list data_obj = 0x7DDF1B20
E/LocSvc_utils_q(  858): D/msg_q_rcv: Received message 0x7DDF1B20 rv = 0
E/LocSvc_api_v02(  858): I/---> locClientSendReq line 2332 QMI_LOC_INJECT_POSITION_REQ_V02
E/LocSvc_utils_q(  858): D/msg_q_snd: Finished Sending message with handle = 0x7DDF1B20
E/LocSvc_ApiV02(  858): I/<--- void globalRespCb(locClientHandleType, uint32_t, locClientRespIndUnionType, void*) line 113 QMI_LOC_INJECT_POSITION_REQ_V02
E/LocSvc_api_v02(  858): D/loc_free_slot:299]: freeing slot 0
D/LocationFilter(11733): Forcing stable location. Original location:Location[fused 40,476676,-3,857577 acc=20 et=+1d3h19m58s846ms] because SMD didn't trigger.
I/GCoreUlr(11733): Successfully inserted location
I/GCoreUlr(11733): Not calling LocationReporter, hasMoved: false, elapsed millis: 1592741, request: Stationary(3600000)
D/SHealthUpgrade(SHealthUpgradeUtil)( 8667): isShealthServiceInstalled() : HealthService is Installed.
D/SHealthUpgrade(SHealthUpgradeUtil)( 8667): isShealthService2xInstalled() : HEALTH SERVICE is INSTALLED.
D/SHealthUpgrade(SHealthUpgradeUtil)( 8667): isShealthService2xInstalled() : HEALTH SERVICE VERSION = 2.x
D/com.samsung.groupcast.core.ble.BLEScannerV2( 5030): mExpireHandler
D/dalvikvm(25884): GC_CONCURRENT freed 2247K, 37% free 13701K/21652K, paused 19ms+3ms, total 76ms
D/BtGatt.btif( 1475): btif_gattc_upstreams_evt: Event 4096
D/BtGatt.btif( 1475): btif_gattc_add_remote_bdaddr device added idx=0
D/BtGatt.GattService( 1475): onScanResult() - address=46:A8:86:0F:B5:6C, rssi=-97
D/BtGatt.ContextMap( 1475): sendScanResult for app id 5 is server : 0
D/BluetoothAdapter( 4439): onScanResult() - Device=46:A8:86:0F:B5:6C RSSI=-97
W/QuickConnect[1.2.1882032][4] ( 4439): BleHelper.getSConnectDataFromBLE - can not resolve length info
D/skia    ( 1083): GFXPNG PNG bitmap created width:54 height:54 bitmap id is 171176 
D/btif_config_util( 1475): btif_config_save_file(L153): in file name:/data/misc/bluedroid/bt_config.new
D/InputReader(  858): Input event: value=1
D/InputReader(  858): Input event: value=1
I/InputReader(  858): Touch event's action is 0x0 (deviceType=0) [pCnt=1, s=0.6110 ] when=34317119262000
I/InputDispatcher(  858): Delivering touch to: action: 0x4, toolType: 1
I/InputDispatcher(  858): Delivering touch to: action: 0x0, toolType: 1
I/InputDispatcher(  858): Delivering touch to: action: 0x0, toolType: 1
D/InputReader(  858): Input event: value=0
I/InputReader(  858): Touch event's action is 0x1 (deviceType=0) [pCnt=1, s=] when=34317183581000
I/InputDispatcher(  858): Delivering touch to: action: 0x1, toolType: 1
I/InputDispatcher(  858): Delivering touch to: action: 0x1, toolType: 1
D/EnterpriseDeviceManager(  858): ContainerId: 0
V/ApplicationPolicy(  858): isApplicationStateBlocked userId 0 pkgname com.android.chrome
I/SurfaceFlinger(  261): id=1075 createSurf (16x16),-1 flag=20004, EimLayer
I/SurfaceFlinger(  261): id=1076 createSurf (16x16),-1 flag=20004, EimLayer
D/KeyguardUpdateMonitor( 1083): sendKeyguardVisibilityChanged(true)
D/KeyguardUpdateMonitor( 1083): handleKeyguardVisibilityChanged(1)
D/PointerIcon(  858): setMouseIconStyle1 pointerType: 1001iconType:101 flag:0
D/PointerIcon(  858): setMouseCustomIcon IconType is same.101
D/PointerIcon(  858): setHoveringSpenIconStyle1 pointerType: 10001iconType:1 flag:0
D/PointerIcon(  858): setHoveringSpenCustomIcon IconType is same.1
D/AbsListView( 1305): unregisterIRListener() is called 
D/AbsListView( 1305): unregisterIRListener() is called 
D/Launcher.HomeView( 1305): onPause
I/MicrophoneInputStream( 1541): mic_close gzi@4262e960
D/PhoneStatusBar( 1083): setTransGradationMode=false, mTransparentMode=false, mSemiTransparentMode=false, mMultiWindowMode=false
V/audio_hw_primary(  266): in_standby: enter
V/TaskCloserActivity(20893): TaskCloserActivity onReceive() - com.sec.android.intent.action.HOME_PAUSE
D/dalvikvm( 1305): GC_CONCURRENT freed 7926K, 79% free 38914K/177124K, paused 20ms+7ms, total 103ms
D/KeyguardUpdateMonitor( 1083): sendKeyguardVisibilityChanged(true)
D/KeyguardUpdateMonitor( 1083): handleKeyguardVisibilityChanged(1)
D/AutostartService(25884): set fg pkgname:com.android.chrome
D/skia    ( 1305): GFXPNG PNG bitmap created width:72 height:72 bitmap id is 1061 
V/audio_hw_primary(  266): stop_input_stream: enter: usecase(7: audio-record)
V/audio_hw_primary(  266): disable_audio_route: enter: usecase(7)
V/audio_hw_primary(  266): disable_audio_route: reset mixer path: audio-record
D/audio_route(  266): ++++ audio_route_update_mixer ==============
D/audio_route(  266): Setting mixer control: MultiMedia1 Mixer SLIM_0_TX, value: 0
D/audio_route(  266): ------ audio_route_update_mixer ==============
V/audio_hw_primary(  266): disable_audio_route: exit
V/audio_hw_primary(  266): disable_snd_device: snd_device(121: vr-main-mic)
D/audio_route(  266): ++++ audio_route_update_mixer ==============
D/audio_route(  266): Setting mixer control: DEC2 Volume, value: 0
D/audio_route(  266): Setting mixer control: SLIM TX7 MUX, value: 0
D/audio_route(  266): Setting mixer control: AIF1_CAP Mixer SLIM TX7, value: 0
D/audio_route(  266): Setting mixer control: DEC2 MUX, value: 0
D/audio_route(  266): ------ audio_route_update_mixer ==============
V/audio_hw_primary(  266): stop_input_stream: exit: status(0)
V/audio_hw_primary(  266): in_standby: exit:  status(0)
V/AudioPolicyManagerBase(  266): stopInput() input 516
V/AudioPolicyManagerBase(  266): releaseInput() 516
I/HotwordRecognitionRnr( 1541): Stopping hotword detection.
I/HotwordRecognitionRnr( 1541): Hotword detection finished
V/audio_hw_primary(  266): adev_close_input_stream
V/audio_hw_primary(  266): in_standby: enter
V/audio_hw_primary(  266): in_standby: exit:  status(0)
V/AudioPolicyManagerBase(  266): releaseInput() exit
I/dalvikvm(29143): Could not find method android.app.ActivityManager.getAppTasks, referenced from method com.google.android.apps.chrome.document.ChromeLauncherActivity.cleanUpChromeRecents
W/dalvikvm(29143): VFY: unable to resolve virtual method 140: Landroid/app/ActivityManager;.getAppTasks ()Ljava/util/List;
D/dalvikvm(29143): VFY: replacing opcode 0x6e at 0x000a
I/dalvikvm(29143): Could not find method android.app.ActivityManager.getAppTasks, referenced from method com.google.android.apps.chrome.document.ChromeLauncherActivity.closeAllIncognitoTabs
W/dalvikvm(29143): VFY: unable to resolve virtual method 140: Landroid/app/ActivityManager;.getAppTasks ()Ljava/util/List;
D/dalvikvm(29143): VFY: replacing opcode 0x6e at 0x000d
I/dalvikvm(29143): Could not find method android.app.ActivityManager$AppTask.getTaskInfo, referenced from method com.google.android.apps.chrome.document.ChromeLauncherActivity.getTaskClassName
W/dalvikvm(29143): VFY: unable to resolve virtual method 135: Landroid/app/ActivityManager$AppTask;.getTaskInfo ()Landroid/app/ActivityManager$RecentTaskInfo;
D/dalvikvm(29143): VFY: replacing opcode 0x6e at 0x0000
I/dalvikvm(29143): Could not find method android.app.ActivityOptions.makeTaskLaunchBehind, referenced from method com.google.android.apps.chrome.document.ChromeLauncherActivity.handleIntent
W/dalvikvm(29143): VFY: unable to resolve static method 145: Landroid/app/ActivityOptions;.makeTaskLaunchBehind ()Landroid/app/ActivityOptions;
D/dalvikvm(29143): VFY: replacing opcode 0x71 at 0x0144
I/dalvikvm(29143): Could not find method android.app.ActivityOptions.makeTaskLaunchBehind, referenced from method com.google.android.apps.chrome.document.ChromeLauncherActivity.launchInstance
W/dalvikvm(29143): VFY: unable to resolve static method 145: Landroid/app/ActivityOptions;.makeTaskLaunchBehind ()Landroid/app/ActivityOptions;
D/dalvikvm(29143): VFY: replacing opcode 0x71 at 0x0060
I/dalvikvm(29143): Could not find method android.app.ActivityManager.getAppTasks, referenced from method com.google.android.apps.chrome.document.ChromeLauncherActivity.launchLastViewedActivity
W/dalvikvm(29143): VFY: unable to resolve virtual method 140: Landroid/app/ActivityManager;.getAppTasks ()Ljava/util/List;
D/dalvikvm(29143): VFY: replacing opcode 0x6e at 0x002b
I/dalvikvm(29143): Could not find method android.app.ActivityManager.getAppTasks, referenced from method com.google.android.apps.chrome.document.ChromeLauncherActivity.relaunchTask
W/dalvikvm(29143): VFY: unable to resolve virtual method 140: Landroid/app/ActivityManager;.getAppTasks ()Ljava/util/List;
D/dalvikvm(29143): VFY: replacing opcode 0x6e at 0x0013
I/dalvikvm(29143): Could not find method android.app.ActivityManager.getAppTasks, referenced from method com.google.android.apps.chrome.document.ChromeLauncherActivity.relaunchTask
W/dalvikvm(29143): VFY: unable to resolve virtual method 140: Landroid/app/ActivityManager;.getAppTasks ()Ljava/util/List;
D/dalvikvm(29143): VFY: replacing opcode 0x6e at 0x0016
I/PersonaManager(29143): getPersonaService() name persona_policy
D/EnterpriseDeviceManager(  858): ContainerId: 0
I/SELinux (22144): Function: selinux_android_load_priority [0], There is no sepolicy file.
I/SELinux (22144):  
V/WindowOrientationListener(  858): mSContextAutoRotationListener.getProposedRotation, mbResultFaceDectection: false
V/WindowOrientationListener(  858): mSContextAutoRotationListener.getProposedRotation, Rotation: -1
V/WindowOrientationListener(  858): mSContextAutoRotationListener.getProposedRotation, mbResultFaceDectection: false
V/WindowOrientationListener(  858): mSContextAutoRotationListener.getProposedRotation, Rotation: -1
I/SQLiteSecureOpenHelper( 2829): getWritableDatabase(pwd)
I/SQLiteSecureOpenHelper( 2829): getDatabaseLocked(b,b,pwd)...
D/KeyguardUpdateMonitor( 1083): sendKeyguardVisibilityChanged(true)
D/KeyguardUpdateMonitor( 1083): handleKeyguardVisibilityChanged(1)
I/SELinux (22144): Function: selinux_android_load_priority , spota verifySig and checkHash pass. priority version is VE=SEPF_SM-G900F_4.4.2_0038
I/SELinux (22144):  
I/SELinux (22144):  
E/dalvikvm(22144): >>>>> Normal User
E/dalvikvm(22144): >>>>> com.sec.android.app.chromecustomizations [ userId:0 | appId:10251 ]
I/dalvikvm(29143): Could not find method android.app.Activity.finishAfterTransition, referenced from method android.support.v4.app.k.supportFinishAfterTransition
W/dalvikvm(29143): VFY: unable to resolve virtual method 75: Landroid/app/Activity;.finishAfterTransition ()V
D/dalvikvm(29143): VFY: replacing opcode 0x6e at 0x0006
D/TimaKeyStoreProvider(22144): in addTimaSignatureService
D/TimaKeyStoreProvider(22144): Cannot add TimaSignature Service, License check Failed
D/ActivityThread(22144): Added TimaKesytore provider
I/SQLiteSecureOpenHelper( 2829): getWritableDatabase(pwd)
D/skia    (29143): GFXPNG PNG bitmap created width:16 height:16 bitmap id is 180 
D/skia    (29143): GFXPNG PNG bitmap created width:16 height:16 bitmap id is 181 
D/skia    (29143): GFXPNG PNG bitmap created width:3 height:69 bitmap id is 182 
I/SQLiteSecureOpenHelper( 2829): getDatabaseLocked(b,b,pwd)...
D/skia    (29143): GFXPNG PNG bitmap created width:64 height:64 bitmap id is 183 
D/skia    (29143): GFXPNG PNG bitmap created width:64 height:64 bitmap id is 184 
D/skia    (29143): GFXPNG PNG bitmap created width:64 height:64 bitmap id is 185 
D/skia    (29143): GFXPNG PNG bitmap created width:64 height:64 bitmap id is 186 
D/skia    (29143): GFXPNG PNG bitmap created width:64 height:64 bitmap id is 187 
D/skia    (29143): GFXPNG PNG bitmap created width:64 height:64 bitmap id is 188 
D/skia    (29143): GFXPNG PNG bitmap created width:64 height:64 bitmap id is 189 
D/skia    (29143): GFXPNG PNG bitmap created width:64 height:64 bitmap id is 190 
D/skia    (29143): GFXPNG PNG bitmap created width:64 height:64 bitmap id is 191 
D/PhoneStatusBar( 1083): setTransGradationMode=false, mTransparentMode=false, mSemiTransparentMode=false, mMultiWindowMode=false
D/skia    (29143): GFXPNG PNG bitmap created width:13 height:41 bitmap id is 192 
D/skia    (29143): GFXPNG PNG bitmap created width:18 height:18 bitmap id is 193 
D/skia    (29143): GFXPNG PNG bitmap created width:18 height:18 bitmap id is 194 
D/skia    (29143): GFXPNG PNG bitmap created width:18 height:18 bitmap id is 195 
D/skia    (29143): GFXPNG PNG bitmap created width:72 height:72 bitmap id is 196 
D/skia    (29143): GFXPNG PNG bitmap created width:72 height:72 bitmap id is 197 
D/skia    (29143): GFXPNG PNG bitmap created width:72 height:72 bitmap id is 198 
D/skia    (29143): GFXPNG PNG bitmap created width:72 height:72 bitmap id is 199 
D/skia    (29143): GFXPNG PNG bitmap created width:72 height:72 bitmap id is 200 
D/skia    (29143): GFXPNG PNG bitmap created width:124 height:120 bitmap id is 201 
D/skia    (29143): GFXPNG PNG bitmap created width:38 height:38 bitmap id is 202 
D/skia    (29143): GFXPNG PNG bitmap created width:42 height:72 bitmap id is 203 
D/skia    (29143): GFXPNG PNG bitmap created width:72 height:72 bitmap id is 204 
D/skia    (29143): GFXPNG PNG bitmap created width:72 height:72 bitmap id is 205 
D/skia    (29143): GFXPNG PNG bitmap created width:72 height:72 bitmap id is 206 
I/SensorManagerA(  858): getReportingMode :: sensor.mType = 5
D/SensorManager(  858): registerListener :: 6, TMG399X RGB Sensor, 200000, 0,  
D/skia    (29143): GFXPNG PNG bitmap created width:72 height:72 bitmap id is 207 
D/skia    (29143): GFXPNG PNG bitmap created width:9 height:6 bitmap id is 208 
D/skia    (29143): GFXPNG PNG bitmap created width:9 height:6 bitmap id is 209 
D/ProgressBar(29143): setProgressDrawable drawableHeight = 6
D/skia    (29143): GFXPNG PNG bitmap created width:1818 height:48 bitmap id is 210 
D/skia    (29143): GFXPNG PNG bitmap created width:1818 height:48 bitmap id is 211 
D/skia    (29143): GFXPNG PNG bitmap created width:1818 height:48 bitmap id is 212 
D/skia    (29143): GFXPNG PNG bitmap created width:1818 height:48 bitmap id is 213 
D/skia    (29143): GFXPNG PNG bitmap created width:1818 height:48 bitmap id is 214 
D/skia    (29143): GFXPNG PNG bitmap created width:1818 height:48 bitmap id is 215 
D/skia    (29143): GFXPNG PNG bitmap created width:1818 height:48 bitmap id is 216 
D/skia    (29143): GFXPNG PNG bitmap created width:1818 height:48 bitmap id is 217 
D/skia    (29143): GFXPNG PNG bitmap created width:72 height:72 bitmap id is 218 
D/skia    (29143): GFXPNG PNG bitmap created width:72 height:72 bitmap id is 219 
D/skia    (29143): GFXPNG PNG bitmap created width:42 height:48 bitmap id is 220 
D/skia    (29143): GFXPNG PNG bitmap created width:3 height:6 bitmap id is 221 
D/skia    (29143): GFXPNG PNG bitmap created width:3 height:30 bitmap id is 222 
W/ResourceType(29143): Failure getting entry for 0x7f04004c (t=3 e=76) in package 0 (error -75)
I/dalvikvm(29143): Could not find method android.os.PowerManager.isInteractive, referenced from method com.google.android.apps.chrome.utilities.UnreleasedApiCompatibilityUtils.isInteractive
W/dalvikvm(29143): VFY: unable to resolve virtual method 1530: Landroid/os/PowerManager;.isInteractive ()Z
D/dalvikvm(29143): VFY: replacing opcode 0x6e at 0x0006
I/dalvikvm(29143): Could not find method android.app.Notification$Builder.setLocalOnly, referenced from method com.google.android.apps.chrome.utilities.UnreleasedApiCompatibilityUtils.setLocalOnly
W/dalvikvm(29143): VFY: unable to resolve virtual method 325: Landroid/app/Notification$Builder;.setLocalOnly (Z)Landroid/app/Notification$Builder;
D/dalvikvm(29143): VFY: replacing opcode 0x6e at 0x0006
I/dalvikvm(29143): Could not find method android.view.Window.getNavigationBarColor, referenced from method com.google.android.apps.chrome.utilities.UnreleasedApiCompatibilityUtils.setStatusBarColor
W/dalvikvm(29143): VFY: unable to resolve virtual method 7781: Landroid/view/Window;.getNavigationBarColor ()I
D/dalvikvm(29143): VFY: replacing opcode 0x6e at 0x0010
I/dalvikvm(29143): Could not find method android.view.Window.setStatusBarColor, referenced from method com.google.android.apps.chrome.utilities.UnreleasedApiCompatibilityUtils.setStatusBarColor
W/dalvikvm(29143): VFY: unable to resolve virtual method 7794: Landroid/view/Window;.setStatusBarColor (I)V
D/dalvikvm(29143): VFY: replacing opcode 0x6e at 0x0019
E/dalvikvm(29143): Could not find class 'android.app.ActivityManager$TaskDescription', referenced from method com.google.android.apps.chrome.utilities.UnreleasedApiCompatibilityUtils.setTaskDescription
W/dalvikvm(29143): VFY: unable to resolve new-instance 31 (Landroid/app/ActivityManager$TaskDescription;) in Lcom/google/android/apps/chrome/utilities/UnreleasedApiCompatibilityUtils;
D/dalvikvm(29143): VFY: replacing opcode 0x22 at 0x0006
D/dalvikvm(29143): DexOpt: unable to opt direct call 0x0089 at 0x08 in Lcom/google/android/apps/chrome/utilities/UnreleasedApiCompatibilityUtils;.setTaskDescription
D/dalvikvm(29143): Trying to load lib /data/app-lib/com.android.chrome-10/libchromium_android_linker.so 0x424d1fd0
D/dalvikvm(29143): Added shared lib /data/app-lib/com.android.chrome-10/libchromium_android_linker.so 0x424d1fd0
W/LibraryLoader(29143): Suppressed load from APK support check on this device
I/LibraryLoader(29143): Loading chrome.2214.109
D/PhoneStatusBar( 1083): setSemiTransparentMode=false, mTransparentMode=false, mSemiTransparentMode=false, mMultiWindowMode=false
D/KeyguardUpdateMonitor( 1083): sendKeyguardVisibilityChanged(true)
D/KeyguardUpdateMonitor( 1083): handleKeyguardVisibilityChanged(1)
I/SurfaceFlinger(  261): id=1077 createSurf (1080x1920),1 flag=4, DhromeTabbe
I/SpenGestureManager(  858): setFocusWindow21025
D/EnterpriseDeviceManager(  858): ContainerId: 0
D/KeyguardUpdateMonitor( 1083): sendKeyguardVisibilityChanged(true)
D/KeyguardUpdateMonitor( 1083): handleKeyguardVisibilityChanged(1)
D/PointerIcon(  858): setMouseIconStyle1 pointerType: 1001iconType:101 flag:0
D/PointerIcon(  858): setMouseCustomIcon IconType is same.101
D/PointerIcon(  858): setHoveringSpenIconStyle1 pointerType: 10001iconType:1 flag:0
D/PointerIcon(  858): setHoveringSpenCustomIcon IconType is same.1
I/Adreno-EGL(29143): <qeglDrvAPI_eglInitialize:410>: EGL 1.4 QUALCOMM build:  ()
I/Adreno-EGL(29143): OpenGL ES Shader Compiler Version: E031.24.00.08+13
I/Adreno-EGL(29143): Build Date: 03/20/14 Thu
I/Adreno-EGL(29143): Local Branch: 0320_AU200_patches
I/Adreno-EGL(29143): Remote Branch: 
I/Adreno-EGL(29143): Local Patches: 
I/Adreno-EGL(29143): Reconstruct Branch: 
I/LibraryLoader(29143): Time to load native libraries: 148 ms (timestamps 7551-7699)
I/LibraryLoader(29143): Expected native library version number "40.0.2214.109",actual native library version number "40.0.2214.109"
I/LibraryLoaderHelper(29143): Deleting obsolete libraries in /data/data/com.android.chrome/app_lib
I/LibraryLoaderHelper(29143): Deleting obsolete libraries in /data/data/com.android.chrome/app_fallback
I/LibraryLoaderHelper(29143): Deleted /data/data/com.android.chrome/app_lib
I/LibraryLoaderHelper(29143): Deleted /data/data/com.android.chrome/app_fallback
I/chromium(29143): [INFO:library_loader_hooks.cc(108)] Chromium logging enabled: level = 0, default verbosity = 0
D/OpenGLRenderer(29143): Enabling debug mode 0
D/ProgressBar(29143): updateDrawableBounds: left = 0
D/ProgressBar(29143): updateDrawableBounds: top = 0
D/ProgressBar(29143): updateDrawableBounds: right = 1080
D/ProgressBar(29143): updateDrawableBounds: bottom = 6
D/ProgressBar(29143): updateDrawableBounds: mProgressDrawable.setBounds()
D/KeyguardUpdateMonitor( 1083): sendKeyguardVisibilityChanged(true)
D/KeyguardUpdateMonitor( 1083): handleKeyguardVisibilityChanged(1)
D/KeyguardUpdateMonitor( 1083): sendKeyguardVisibilityChanged(true)
D/KeyguardUpdateMonitor( 1083): handleKeyguardVisibilityChanged(1)
D/ChildProcessLauncher(29143): Allocator allocated a connection, sandbox: true, slot: 0
D/KeyguardUpdateMonitor( 1083): sendKeyguardVisibilityChanged(true)
D/KeyguardUpdateMonitor( 1083): handleKeyguardVisibilityChanged(1)
I/SELinux (22166): Function: selinux_android_load_priority [0], There is no sepolicy file.
I/SELinux (22166):  
D/KeyguardUpdateMonitor( 1083): sendKeyguardVisibilityChanged(true)
D/KeyguardUpdateMonitor( 1083): handleKeyguardVisibilityChanged(1)
D/KeyguardUpdateMonitor( 1083): sendKeyguardVisibilityChanged(true)
D/KeyguardUpdateMonitor( 1083): handleKeyguardVisibilityChanged(1)
D/SurfaceWidgetView( 1305): destroyHardwareResources():1125140720
D/EnterpriseDeviceManager(  858): ContainerId: 0
I/SELinux (22166): Function: selinux_android_load_priority , spota verifySig and checkHash pass. priority version is VE=SEPF_SM-G900F_4.4.2_0038
I/SELinux (22166):  
I/SELinux (22166):  
D/KeyguardUpdateMonitor( 1083): sendKeyguardVisibilityChanged(true)
E/dalvikvm(22166): >>>>> Normal User
E/dalvikvm(22166): >>>>> com.android.chrome:sandboxed_process0 [ userId:0 | appId:99010 ]
D/KeyguardUpdateMonitor( 1083): sendKeyguardVisibilityChanged(true)
D/TimaKeyStoreProvider(22166): in addTimaSignatureService
D/KeyguardUpdateMonitor( 1083): handleKeyguardVisibilityChanged(1)
D/KeyguardUpdateMonitor( 1083): handleKeyguardVisibilityChanged(1)
D/TimaKeyStoreProvider(22166): Cannot add TimaSignature Service, License check Failed
D/ActivityThread(22166): Added TimaKesytore provider
D/KeyguardUpdateMonitor( 1083): sendKeyguardVisibilityChanged(true)
I/BrowserStartupController(29143): Initializing chromium process, singleProcess=false
D/KeyguardUpdateMonitor( 1083): handleKeyguardVisibilityChanged(1)
I/ChildProcessService(22166): Creating new ChildProcessService pid=22166
W/AudioManagerAndroid(29143): Requires BLUETOOTH permission
D/KeyguardUpdateMonitor( 1083): sendKeyguardVisibilityChanged(true)
D/KeyguardUpdateMonitor( 1083): handleKeyguardVisibilityChanged(1)
I/SurfaceFlinger(  261): id=1070 Removed Mauncher (8/12)
I/SurfaceFlinger(  261): id=1070 Removed Mauncher (-2/12)
D/KeyguardUpdateMonitor( 1083): sendKeyguardVisibilityChanged(true)
D/KeyguardUpdateMonitor( 1083): handleKeyguardVisibilityChanged(1)
D/KeyguardUpdateMonitor( 1083): sendKeyguardVisibilityChanged(true)
D/KeyguardUpdateMonitor( 1083): handleKeyguardVisibilityChanged(1)
W/chromium(29143): [WARNING:data_reduction_proxy_settings.cc(328)] SPDY proxy OFF at startup
I/ChromeMobileApplication(29143): Removing session cookies.
I/SurfaceFlinger(  261): id=1078 createSurf (1080x1845),4 flag=404, TurfaceView
D/KeyguardUpdateMonitor( 1083): sendKeyguardVisibilityChanged(true)
D/KeyguardUpdateMonitor( 1083): handleKeyguardVisibilityChanged(1)
D/KeyguardUpdateMonitor( 1083): sendKeyguardVisibilityChanged(true)
D/KeyguardUpdateMonitor( 1083): handleKeyguardVisibilityChanged(1)
D/KeyguardUpdateMonitor( 1083): sendKeyguardVisibilityChanged(true)
D/KeyguardUpdateMonitor( 1083): handleKeyguardVisibilityChanged(1)
D/KeyguardUpdateMonitor( 1083): sendKeyguardVisibilityChanged(true)
D/KeyguardUpdateMonitor( 1083): handleKeyguardVisibilityChanged(1)
D/skia    (29143): GFXPNG PNG bitmap created width:30 height:30 bitmap id is 223 
D/InputReader(  858): Input event: value=1
I/InputReader(  858): Touch event's action is 0x0 (deviceType=0) [pCnt=1, s=0.6111 ] when=34318607948000
I/InputDispatcher(  858): Delivering touch to: action: 0x4, toolType: 1
I/InputDispatcher(  858): Delivering touch to: action: 0x0, toolType: 1
D/ChildProcessLauncher(29143): Setting up connection to process: slot=0
D/skia    (29143): GFXPNG PNG bitmap created width:522 height:12 bitmap id is 224 
D/skia    (29143): GFXPNG PNG bitmap created width:261 height:67 bitmap id is 225 
I/GLSUser (11796): [GLSUser]  extracting token using key:Auth
D/InputReader(  858): Input event: value=0
I/InputReader(  858): Touch event's action is 0x1 (deviceType=0) [pCnt=1, s=] when=34318681380000
I/InputDispatcher(  858): Delivering touch to: action: 0x1, toolType: 1
D/ChildProcessLauncher(29143): on connect callback, pid=22166 context=-2101983672
D/dalvikvm(22166): Trying to load lib /data/app-lib/com.android.chrome-10/libchromium_android_linker.so 0x424d2980
D/dalvikvm(22166): Added shared lib /data/app-lib/com.android.chrome-10/libchromium_android_linker.so 0x424d2980
W/LibraryLoader(22166): Suppressed load from APK support check on this device
I/LibraryLoader(22166): Loading chrome.2214.109
W/GLSUser (11796): [GLSUser] [GLSUser]  Permission for com.android.chrome to access oauth2:https://www.googleapis.com/auth/userinfo.profile will be managed locally.
I/LibraryLoader(22166): Time to load native libraries: 44 ms (timestamps 8694-8738)
I/LibraryLoader(22166): Expected native library version number "40.0.2214.109",actual native library version number "40.0.2214.109"
I/chromium(22166): [INFO:library_loader_hooks.cc(108)] Chromium logging enabled: level = 0, default verbosity = 0
I/PersonaManager(22166): getPersonaService() name persona_policy
E/dalvikvm(29143): Could not find class 'android.app.ActivityManager$AppTask', referenced from method com.google.android.apps.chrome.tabs.layout.LayoutManagerDocument$ToolbarSwipeHandler.changeTabs
W/dalvikvm(29143): VFY: unable to resolve check-cast 29 (Landroid/app/ActivityManager$AppTask;) in Lcom/google/android/apps/chrome/tabs/layout/LayoutManagerDocument$ToolbarSwipeHandler;
D/dalvikvm(29143): VFY: replacing opcode 0x1f at 0x0029
E/dalvikvm(29143): Could not find class 'android.app.ActivityManager$AppTask', referenced from method com.google.android.apps.chrome.tabs.layout.LayoutManagerDocument$ToolbarSwipeHandler.changeTabs
W/dalvikvm(29143): VFY: unable to resolve check-cast 29 (Landroid/app/ActivityManager$AppTask;) in Lcom/google/android/apps/chrome/tabs/layout/LayoutManagerDocument$ToolbarSwipeHandler;
D/dalvikvm(29143): VFY: replacing opcode 0x1f at 0x003f
D/KeyguardUpdateMonitor( 1083): sendKeyguardVisibilityChanged(true)
D/KeyguardUpdateMonitor( 1083): handleKeyguardVisibilityChanged(1)
D/skia    (29143): GFXPNG PNG bitmap created width:334 height:335 bitmap id is 226 
D/skia    (29143): GFXPNG PNG bitmap created width:72 height:72 bitmap id is 227 
D/skia    (29143): GFXPNG PNG bitmap created width:72 height:72 bitmap id is 228 
D/SamsungIME( 2941): onStartInputView
D/KeyguardUpdateMonitor( 1083): sendKeyguardVisibilityChanged(true)
D/KeyguardUpdateMonitor( 1083): handleKeyguardVisibilityChanged(1)
D/SamsungIME( 2941): scanPackageInfo - found OCR package
D/SamsungIME( 2941): set case 2 : mIsEnableOCR = true
D/SamsungIME( 2941): isRegisteredOcrSIPTextReceiver = true
I/SamsungIME( 2941): Update SetupWizard State usc : 1 pss : false
D/SamsungIME( 2941): [AbstractKeyboardView] onDetachedFromWindow.
D/com.samsung.groupcast.core.ble.BLEScannerV2( 5030): mExpireHandler
D/skia    ( 2941): GFXPNG PNG bitmap created width:52 height:39 bitmap id is 5305 
D/SamsungIME( 2941): Magnification Enabled = false
D/SamsungIME( 2941): [AbstractKeyboardView] onDetachedFromWindow.
D/SamsungIME( 2941): Magnification Enabled = false
D/SamsungIME( 2941): Dismiss ExpandCandiate
D/skia    (29143): GFXPNG PNG bitmap created width:72 height:72 bitmap id is 229 
D/SamsungIME( 2941): Dismiss ExpandCandiate
D/Launcher.HomeView( 1305): onStop
D/AbsListView( 1305): onVisibilityChanged() is called, visibility : 4
D/AbsListView( 1305): unregisterIRListener() is called 
D/AbsListView( 1305): onVisibilityChanged() is called, visibility : 4
D/AbsListView( 1305): unregisterIRListener() is called 
D/SurfaceWidgetClient$ISurfaceWidgetStub( 1896): [237392/2] Surface widget visibility changed visibility = false on instance = 1
